CCS PCH C Compiler, Version 5.008, 5967               09-dic-14 08:59

               Filename:   D:\IGNACIO\ProgramacionGitHub\MT325-TiempoReal\Sistema\Programa PIC\SistemaPIC18f4550\ComunicacionSerial\ComSerial.lst

               ROM used:   5278 bytes (16%)
                           Largest free fragment is 12288
               RAM used:   1274 (62%) at main() level
                           1330 (65%) worst case
               Stack used: 5 locations (2 in main + 3 for interrupts)
               Stack size: 31

*
0000:  GOTO   0C14
*
0008:  MOVWF  04
000A:  MOVFF  FD8,05
000E:  MOVFF  FE0,06
0012:  MOVLB  0
0014:  MOVFF  FE9,0C
0018:  MOVFF  FEA,07
001C:  MOVFF  FE1,08
0020:  MOVFF  FE2,09
0024:  MOVFF  FD9,0A
0028:  MOVFF  FDA,0B
002C:  MOVFF  FF3,12
0030:  MOVFF  FF4,13
0034:  MOVFF  FFA,14
0038:  MOVFF  00,0E
003C:  MOVFF  01,0F
0040:  MOVFF  02,10
0044:  MOVFF  03,11
0048:  BTFSS  FF2.5
004A:  GOTO   0054
004E:  BTFSC  FF2.2
0050:  GOTO   00A6
0054:  BTFSS  F9D.5
0056:  GOTO   0060
005A:  BTFSC  F9E.5
005C:  GOTO   0394
0060:  MOVFF  0E,00
0064:  MOVFF  0F,01
0068:  MOVFF  10,02
006C:  MOVFF  11,03
0070:  MOVFF  0C,FE9
0074:  MOVFF  07,FEA
0078:  BSF    07.7
007A:  MOVFF  08,FE1
007E:  MOVFF  09,FE2
0082:  MOVFF  0A,FD9
0086:  MOVFF  0B,FDA
008A:  MOVFF  12,FF3
008E:  MOVFF  13,FF4
0092:  MOVFF  14,FFA
0096:  MOVF   04,W
0098:  MOVFF  06,FE0
009C:  MOVFF  05,FD8
00A0:  RETFIE 0
.................... #include <18F4550.h> 
.................... //////// Standard Header file for the PIC18F4550 device //////////////// 
.................... #device PIC18F4550 
*
03AA:  MOVLB  5
03AC:  MOVF   x08,W
03AE:  MULWF  x0A
03B0:  MOVFF  FF3,01
03B4:  MOVFF  FF4,00
03B8:  MULWF  x0B
03BA:  MOVF   FF3,W
03BC:  ADDWF  00,F
03BE:  MOVF   x09,W
03C0:  MULWF  x0A
03C2:  MOVF   FF3,W
03C4:  ADDWFC 00,W
03C6:  MOVWF  02
03C8:  MOVLB  0
03CA:  GOTO   142C (RETURN)
03CE:  CLRF   01
03D0:  CLRF   02
03D2:  CLRF   00
03D4:  CLRF   03
03D6:  MOVLB  5
03D8:  MOVF   x0D,W
03DA:  BNZ   03E0
03DC:  MOVF   x0C,W
03DE:  BZ    0410
03E0:  MOVLW  10
03E2:  MOVWF  x0E
03E4:  BCF    FD8.0
03E6:  RLCF   x0A,F
03E8:  RLCF   x0B,F
03EA:  RLCF   00,F
03EC:  RLCF   03,F
03EE:  MOVF   x0D,W
03F0:  SUBWF  03,W
03F2:  BNZ   03F8
03F4:  MOVF   x0C,W
03F6:  SUBWF  00,W
03F8:  BNC   0408
03FA:  MOVF   x0C,W
03FC:  SUBWF  00,F
03FE:  BTFSS  FD8.0
0400:  DECF   03,F
0402:  MOVF   x0D,W
0404:  SUBWF  03,F
0406:  BSF    FD8.0
0408:  RLCF   01,F
040A:  RLCF   02,F
040C:  DECFSZ x0E,F
040E:  BRA    03E4
0410:  MOVLB  0
0412:  GOTO   144A (RETURN)
0416:  TBLRD*+
0418:  MOVFF  FF6,51A
041C:  MOVFF  FF7,51B
0420:  MOVF   FF5,W
0422:  BTFSS  F9E.4
0424:  BRA    0422
0426:  MOVWF  FAD
0428:  MOVFF  51A,FF6
042C:  MOVFF  51B,FF7
0430:  MOVLB  5
0432:  DECFSZ x19,F
0434:  BRA    0438
0436:  BRA    043C
0438:  MOVLB  0
043A:  BRA    0416
043C:  MOVLB  0
043E:  RETURN 0
0440:  MOVLB  5
0442:  MOVF   x10,W
0444:  CLRF   01
0446:  SUBWF  x0F,W
0448:  BC    0450
044A:  MOVFF  50F,00
044E:  BRA    0468
0450:  CLRF   00
0452:  MOVLW  08
0454:  MOVWF  x11
0456:  RLCF   x0F,F
0458:  RLCF   00,F
045A:  MOVF   x10,W
045C:  SUBWF  00,W
045E:  BTFSC  FD8.0
0460:  MOVWF  00
0462:  RLCF   01,F
0464:  DECFSZ x11,F
0466:  BRA    0456
0468:  MOVLB  0
046A:  RETURN 0
046C:  MOVLW  20
046E:  MOVLB  5
0470:  BTFSS  x0A.4
0472:  MOVLW  30
0474:  MOVWF  x0B
0476:  MOVFF  509,00
047A:  BTFSS  x09.7
047C:  BRA    048E
047E:  COMF   00,F
0480:  INCF   00,F
0482:  MOVFF  00,509
0486:  MOVLW  2D
0488:  MOVWF  x0B
048A:  BSF    x0A.7
048C:  BSF    x0A.0
048E:  MOVF   01,W
0490:  MOVFF  509,50F
0494:  MOVLW  64
0496:  MOVWF  x10
0498:  MOVLB  0
049A:  RCALL  0440
049C:  MOVFF  00,509
04A0:  MOVLW  30
04A2:  ADDWF  01,W
04A4:  MOVLB  5
04A6:  MOVWF  x0C
04A8:  MOVFF  509,50F
04AC:  MOVLW  0A
04AE:  MOVWF  x10
04B0:  MOVLB  0
04B2:  RCALL  0440
04B4:  MOVLW  30
04B6:  ADDWF  00,W
04B8:  MOVLB  5
04BA:  MOVWF  x0E
04BC:  MOVLW  30
04BE:  ADDWF  01,W
04C0:  MOVWF  x0D
04C2:  MOVFF  50B,00
04C6:  MOVLW  30
04C8:  SUBWF  x0C,W
04CA:  BZ    04D4
04CC:  BSF    x0A.1
04CE:  BTFSC  x0A.7
04D0:  BSF    x0A.2
04D2:  BRA    04F8
04D4:  MOVFF  50B,50C
04D8:  MOVLW  20
04DA:  MOVWF  x0B
04DC:  MOVLW  30
04DE:  SUBWF  x0D,W
04E0:  BZ    04EA
04E2:  BSF    x0A.0
04E4:  BTFSC  x0A.7
04E6:  BSF    x0A.1
04E8:  BRA    04F8
04EA:  BTFSS  FD8.2
04EC:  BSF    x0A.0
04EE:  BNZ   04F8
04F0:  MOVFF  50C,50D
04F4:  MOVLW  20
04F6:  MOVWF  x0C
04F8:  BTFSC  x0A.2
04FA:  BRA    0506
04FC:  BTFSC  x0A.1
04FE:  BRA    050E
0500:  BTFSC  x0A.0
0502:  BRA    0516
0504:  BRA    051E
0506:  MOVF   x0B,W
0508:  BTFSS  F9E.4
050A:  BRA    0508
050C:  MOVWF  FAD
050E:  MOVF   x0C,W
0510:  BTFSS  F9E.4
0512:  BRA    0510
0514:  MOVWF  FAD
0516:  MOVF   x0D,W
0518:  BTFSS  F9E.4
051A:  BRA    0518
051C:  MOVWF  FAD
051E:  MOVF   x0E,W
0520:  BTFSS  F9E.4
0522:  BRA    0520
0524:  MOVWF  FAD
0526:  MOVLB  0
0528:  RETURN 0
052A:  DATA 41,2B
052C:  DATA 30,2B
052E:  DATA 25,69
0530:  DATA 2A,00
0532:  TBLRD*+
0534:  MOVF   FF5,F
0536:  BZ    0552
0538:  MOVFF  FF6,519
053C:  MOVFF  FF7,51A
0540:  MOVF   FF5,W
0542:  BTFSS  F9E.4
0544:  BRA    0542
0546:  MOVWF  FAD
0548:  MOVFF  519,FF6
054C:  MOVFF  51A,FF7
0550:  BRA    0532
0552:  RETURN 0
0554:  MOVLB  5
0556:  CLRF   x21
0558:  CLRF   x22
055A:  MOVLW  01
055C:  MOVWF  x23
055E:  CLRF   FDA
0560:  CLRF   FD9
0562:  MOVLW  05
0564:  MOVWF  x26
0566:  MOVLW  19
0568:  MOVWF  x25
056A:  MOVLW  05
056C:  MOVWF  FEA
056E:  MOVLW  1D
0570:  MOVWF  FE9
0572:  MOVFF  526,FE2
0576:  MOVFF  525,FE1
057A:  MOVFF  523,524
057E:  BCF    FD8.0
0580:  MOVF   FE5,W
0582:  MULWF  FEE
0584:  MOVF   FF3,W
0586:  ADDWFC x21,F
0588:  MOVF   FF4,W
058A:  ADDWFC x22,F
058C:  DECFSZ x24,F
058E:  BRA    057E
0590:  MOVFF  521,FDE
0594:  MOVFF  522,521
0598:  CLRF   x22
059A:  BTFSC  FD8.0
059C:  INCF   x22,F
059E:  INCF   x25,F
05A0:  BTFSC  FD8.2
05A2:  INCF   x26,F
05A4:  INCF   x23,F
05A6:  MOVF   x23,W
05A8:  SUBLW  05
05AA:  BNZ   056A
05AC:  MOVLB  0
05AE:  RETURN 0
05B0:  BTFSC  FD8.1
05B2:  BRA    05BC
05B4:  MOVLW  05
05B6:  MOVWF  FEA
05B8:  MOVLW  2D
05BA:  MOVWF  FE9
05BC:  CLRF   00
05BE:  CLRF   01
05C0:  CLRF   02
05C2:  CLRF   03
05C4:  MOVLB  5
05C6:  CLRF   x2D
05C8:  CLRF   x2E
05CA:  CLRF   x2F
05CC:  CLRF   x30
05CE:  MOVF   x2C,W
05D0:  IORWF  x2B,W
05D2:  IORWF  x2A,W
05D4:  IORWF  x29,W
05D6:  BZ    0630
05D8:  MOVLW  20
05DA:  MOVWF  x31
05DC:  BCF    FD8.0
05DE:  RLCF   x25,F
05E0:  RLCF   x26,F
05E2:  RLCF   x27,F
05E4:  RLCF   x28,F
05E6:  RLCF   x2D,F
05E8:  RLCF   x2E,F
05EA:  RLCF   x2F,F
05EC:  RLCF   x30,F
05EE:  MOVF   x2C,W
05F0:  SUBWF  x30,W
05F2:  BNZ   0604
05F4:  MOVF   x2B,W
05F6:  SUBWF  x2F,W
05F8:  BNZ   0604
05FA:  MOVF   x2A,W
05FC:  SUBWF  x2E,W
05FE:  BNZ   0604
0600:  MOVF   x29,W
0602:  SUBWF  x2D,W
0604:  BNC   0624
0606:  MOVF   x29,W
0608:  SUBWF  x2D,F
060A:  MOVF   x2A,W
060C:  BTFSS  FD8.0
060E:  INCFSZ x2A,W
0610:  SUBWF  x2E,F
0612:  MOVF   x2B,W
0614:  BTFSS  FD8.0
0616:  INCFSZ x2B,W
0618:  SUBWF  x2F,F
061A:  MOVF   x2C,W
061C:  BTFSS  FD8.0
061E:  INCFSZ x2C,W
0620:  SUBWF  x30,F
0622:  BSF    FD8.0
0624:  RLCF   00,F
0626:  RLCF   01,F
0628:  RLCF   02,F
062A:  RLCF   03,F
062C:  DECFSZ x31,F
062E:  BRA    05DC
0630:  MOVFF  52D,FEF
0634:  MOVFF  52E,FEC
0638:  MOVFF  52F,FEC
063C:  MOVFF  530,FEC
0640:  MOVLB  0
0642:  RETURN 0
0644:  MOVF   FE9,W
0646:  MOVLB  5
0648:  MOVWF  x1D
064A:  MOVLW  3B
064C:  MOVWF  x24
064E:  MOVLW  9A
0650:  MOVWF  x23
0652:  MOVLW  CA
0654:  MOVWF  x22
0656:  CLRF   x21
0658:  MOVLW  0A
065A:  MOVWF  x1F
065C:  BSF    FD8.1
065E:  MOVLW  05
0660:  MOVWF  FEA
0662:  MOVLW  19
0664:  MOVWF  FE9
0666:  MOVFF  51C,528
066A:  MOVFF  51B,527
066E:  MOVFF  51A,526
0672:  MOVFF  519,525
0676:  MOVFF  524,52C
067A:  MOVFF  523,52B
067E:  MOVFF  522,52A
0682:  MOVFF  521,529
0686:  MOVLB  0
0688:  RCALL  05B0
068A:  MOVF   01,W
068C:  MOVF   00,F
068E:  BNZ   06B6
0690:  MOVLB  5
0692:  MOVF   x1F,W
0694:  XORLW  01
0696:  BTFSS  FD8.2
0698:  BRA    069E
069A:  MOVLB  0
069C:  BRA    06B6
069E:  MOVF   x1D,W
06A0:  BZ    06BA
06A2:  ANDLW  0F
06A4:  SUBWF  x1F,W
06A6:  BZ    06AA
06A8:  BC    06C6
06AA:  BTFSC  x1D.7
06AC:  BRA    06C6
06AE:  BTFSC  x1D.6
06B0:  BRA    06BA
06B2:  MOVLW  20
06B4:  BRA    06BC
06B6:  MOVLB  5
06B8:  CLRF   x1D
06BA:  MOVLW  30
06BC:  ADDWF  00,F
06BE:  MOVF   00,W
06C0:  BTFSS  F9E.4
06C2:  BRA    06C0
06C4:  MOVWF  FAD
06C6:  BCF    FD8.1
06C8:  MOVFF  524,528
06CC:  MOVFF  523,527
06D0:  MOVFF  522,526
06D4:  MOVFF  521,525
06D8:  CLRF   x2C
06DA:  CLRF   x2B
06DC:  CLRF   x2A
06DE:  MOVLW  0A
06E0:  MOVWF  x29
06E2:  MOVLB  0
06E4:  RCALL  05B0
06E6:  MOVFF  03,524
06EA:  MOVFF  02,523
06EE:  MOVFF  01,522
06F2:  MOVFF  00,521
06F6:  MOVLB  5
06F8:  DECFSZ x1F,F
06FA:  BRA    065C
06FC:  MOVLB  0
06FE:  RETURN 0
*
070C:  DATA 7C,20
070E:  DATA 20,20
0710:  DATA 50,72
0712:  DATA 6F,63
0714:  DATA 65,73
0716:  DATA 6F,20
0718:  DATA 20,7C
071A:  DATA 20,20
071C:  DATA 44,69
071E:  DATA 72,2E
0720:  DATA 49,6E
0722:  DATA 69,20
0724:  DATA 20,7C
0726:  DATA 20,20
0728:  DATA 44,69
072A:  DATA 72,2E
072C:  DATA 46,69
072E:  DATA 6E,20
0730:  DATA 20,7C
0732:  DATA 20,20
0734:  DATA 44,69
0736:  DATA 72,2E
0738:  DATA 41,63
073A:  DATA 74,20
073C:  DATA 20,7C
073E:  DATA 2A,00
0740:  DATA 7C,20
0742:  DATA 20,20
0744:  DATA 20,20
0746:  DATA 20,25
0748:  DATA 4C,75
074A:  DATA 20,20
074C:  DATA 20,20
074E:  DATA 20,7C
0750:  DATA 20,20
0752:  DATA 20,25
0754:  DATA 4C,75
0756:  DATA 20,20
0758:  DATA 20,20
075A:  DATA 7C,20
075C:  DATA 20,20
075E:  DATA 25,4C
0760:  DATA 75,20
0762:  DATA 20,20
0764:  DATA 20,7C
0766:  DATA 20,20
0768:  DATA 20,25
076A:  DATA 4C,75
076C:  DATA 20,20
076E:  DATA 20,20
0770:  DATA 7C,2A
0772:  DATA 00,00
0774:  DATA 41,2B
0776:  DATA 30,2B
0778:  DATA 25,69
077A:  DATA 2A,00
077C:  DATA 43,6F
077E:  DATA 6E,65
0780:  DATA 63,74
0782:  DATA 61,64
0784:  DATA 6F,2E
0786:  DATA 2E,2E
0788:  DATA 2E,2E
078A:  DATA 2E,2E
078C:  DATA 2E,2E
078E:  DATA 2E,2E
0790:  DATA 2E,2E
0792:  DATA 2A,00
*
09CE:  MOVFF  FF2,0D
09D2:  BCF    FF2.7
09D4:  ADDWF  FE8,W
09D6:  CLRF   FF7
09D8:  RLCF   FF7,F
09DA:  ADDLW  F3
09DC:  MOVWF  FF6
09DE:  MOVLW  09
09E0:  ADDWFC FF7,F
09E2:  TBLRD*-
09E4:  MOVF   FF5,W
09E6:  MOVWF  FFA
09E8:  TBLRD*
09EA:  MOVF   FF5,W
09EC:  BTFSC  0D.7
09EE:  BSF    FF2.7
09F0:  MOVWF  FF9
09F2:  DATA 18,40
09F4:  DATA 64,40
09F6:  DATA 62,42
09F8:  DATA 62,42
09FA:  DATA 62,42
09FC:  DATA 62,42
09FE:  DATA 62,42
0A00:  DATA 62,42
0A02:  DATA 62,42
0A04:  DATA 62,42
0A06:  DATA E0,40
0A08:  DATA 62,42
0A0A:  DATA 62,42
0A0C:  DATA 8A,41
0A0E:  DATA 62,42
0A10:  DATA 42,42
0A12:  DATA 62,42
0A14:  DATA 28,42
0A16:  DATA A8,40
0A18:  DATA 56,42
0A1A:  DATA 62,42
0A1C:  DATA C8,40
0A1E:  DATA 4D,2B
0A20:  DATA 30,2A
0A22:  DATA 00,00
0A24:  DATA 4D,2B
0A26:  DATA 31,2A
0A28:  DATA 00,00
0A2A:  DATA 54,2B
0A2C:  DATA 31,2A
0A2E:  DATA 00,00
0A30:  DATA 52,2B
0A32:  DATA 31,2A
0A34:  DATA 00,00
0A36:  DATA 56,65
0A38:  DATA 72,73
0A3A:  DATA 69,6F
0A3C:  DATA 6E,20
0A3E:  DATA 64,65
0A40:  DATA 6C,20
0A42:  DATA 53,69
0A44:  DATA 73,74
0A46:  DATA 65,6D
0A48:  DATA 61,3A
0A4A:  DATA 20,56
0A4C:  DATA 33,2E
0A4E:  DATA 30,2A
0A50:  DATA 00,00
0A52:  DATA 45,73
0A54:  DATA 70,65
0A56:  DATA 72,61
0A58:  DATA 6E,64
0A5A:  DATA 6F,20
0A5C:  DATA 63,6F
0A5E:  DATA 6E,65
0A60:  DATA 78,69
0A62:  DATA F3,6E
0A64:  DATA 2E,2E
0A66:  DATA 2A,00
....................  
.................... #list 
....................  
.................... #device adc=10       //Resolucion 10BITS 
.................... #use delay(clock=10000000) 
.................... #use rs232(baud=9600, xmit=PIN_C6,rcv=PIN_C7,bits=8,parity=N) 
.................... #fuses HS,NOPROTECT,NOWDT,NOLVP,CPUDIV1,nomclr 
.................... #define Tiempo 200 
....................  
.................... #use FAST_IO(A)  
.................... #use FAST_IO(B) 
.................... #use FAST_IO(D) 
....................  
.................... #byte T0CON=0xFD5 
.................... #byte wreg=0xFE8 
.................... #byte TOSU=0xFFF 
.................... #byte TOSH=0xFFE 
.................... #byte TOSL=0xFFD 
....................  
.................... int np=0; 
.................... int colap[6]; 
.................... int m,m1; 
.................... int8 i,j; 
....................  
.................... int8 k1,k2,k3,k4,k5,k6,k7; 
.................... int8 l1,l2,l3,l4,l5,l6,l7; 
.................... int cont; 
.................... int1 contar=0; 
....................  
.................... char proceso; 
....................  
.................... int const lenbuff=10; 
.................... int valor2=0; 
.................... int32 val1,val2,val3,val4,val5; 
.................... //int16 quantum=65048; 
....................  
.................... // Lectura ADC 
.................... int value; 
.................... int16 value1; 
....................  
....................  
.................... int   xbuff=0x00; 
.................... char  cbuff[lenbuff]; 
.................... char  rcvchar=0x00; 
.................... char  comando; 
.................... int1  flagcmd=0; 
....................  
....................  
.................... struct pcb{ 
.................... int32 di; 
.................... int32 df;  
.................... int32 da; 
.................... int estado;  
.................... int wreg;  
.................... int status; 
.................... int bsr; 
.................... int id; 
.................... int prioridad; 
.................... } vpcb[10]; 
....................  
.................... // ======== VARIABLES DEL CALENDARIO ========== \\ 
.................... // estado_calendario = 0 -->   No ejecutar  
.................... // estado_calendario = 1 -->   Ejecutar  
.................... // estado_calendario = 2 -->   Vacio 
.................... // estado_calendario = 3 -->   Cargando 
....................  
.................... int8 calendario[1000]; 
.................... int16 reloj = 0; 
.................... int estado_calendario = 0; 
.................... int prioridad_act = 0; 
.................... //========================= 
.................... int16 mcm=0; 
.................... //============================= 
....................  
....................  
.................... void activar_timer() 
.................... { 
....................    // set_timer0(65478);    //    para 3ms 
....................    // set_timer0(65438);    //    para 5ms 
....................    // set_timer0(65380);    //    para 8ms 
....................    // set_timer0(65341);    //    para 10ms 
....................    // set_timer0(65282);    //    para 13ms 
....................    // set_timer0(65243);    //    para 15ms 
....................    // set_timer0(65185);    //    para 18ms 
....................    // set_timer0(65146);    //    para 20ms 
....................     set_timer0(65048);    //    para 25ms 
*
0700:  MOVLW  FE
0702:  MOVWF  FD7
0704:  MOVLW  18
0706:  MOVWF  FD6
....................    // set_timer0(64950);    //    para 30ms 
....................    //set_timer0(quantum); 
....................    enable_interrupts(INT_TIMER0); 
0708:  BSF    FF2.5
070A:  RETURN 0
.................... } 
....................  
.................... void desactivar_timer() 
.................... { 
....................    disable_interrupts(INT_TIMER0); 
*
00A2:  BCF    FF2.5
00A4:  RETURN 0
.................... } 
....................  
.................... void addcbuff(char c); 
.................... void mostrar_procesos(); 
.................... void descargar_proceso(int idp); 
.................... void Config_TMR0(); 
....................  
....................  
.................... #INT_TIMER0 
.................... void inter_quantum() 
00A6:  MOVLB  4
00A8:  CLRF   xFC
.................... {  int i=0; 
....................    desactivar_timer(); 
00AA:  MOVLB  0
00AC:  RCALL  00A2
....................    output_toggle(PIN_D6); 
00AE:  BTG    F8C.6
....................    // Guardando variables 
....................    vpcb[colap[0]].wreg=wreg; 
00B0:  MOVF   18,W
00B2:  MULLW  12
00B4:  MOVF   FF3,W
00B6:  MOVLB  5
00B8:  CLRF   x01
00BA:  MOVWF  x00
00BC:  MOVLW  0D
00BE:  ADDWF  x00,W
00C0:  MOVWF  01
00C2:  MOVLW  00
00C4:  ADDWFC x01,W
00C6:  MOVWF  03
00C8:  MOVF   01,W
00CA:  ADDLW  58
00CC:  MOVWF  FE9
00CE:  MOVLW  00
00D0:  ADDWFC 03,W
00D2:  MOVWF  FEA
00D4:  MOVFF  FE8,FEF
....................    vpcb[colap[0]].da=(int32)TOSL; 
00D8:  MOVF   18,W
00DA:  MULLW  12
00DC:  MOVF   FF3,W
00DE:  CLRF   x01
00E0:  MOVWF  x00
00E2:  MOVLW  08
00E4:  ADDWF  x00,W
00E6:  MOVWF  01
00E8:  MOVLW  00
00EA:  ADDWFC x01,W
00EC:  MOVWF  03
00EE:  MOVF   01,W
00F0:  ADDLW  58
00F2:  MOVWF  FE9
00F4:  MOVLW  00
00F6:  ADDWFC 03,W
00F8:  MOVWF  FEA
00FA:  CLRF   01
00FC:  CLRF   02
00FE:  CLRF   03
0100:  MOVFF  FFD,FEF
0104:  MOVFF  01,FEC
0108:  MOVFF  02,FEC
010C:  MOVFF  03,FEC
....................    vpcb[colap[0]].da=vpcb[colap[0]].da|((int32)TOSH<<8); 
0110:  MOVF   18,W
0112:  MULLW  12
0114:  MOVF   FF3,W
0116:  CLRF   x01
0118:  MOVWF  x00
011A:  MOVLW  08
011C:  ADDWF  x00,W
011E:  MOVWF  01
0120:  MOVLW  00
0122:  ADDWFC x01,W
0124:  MOVWF  03
0126:  MOVF   01,W
0128:  ADDLW  58
012A:  MOVWF  01
012C:  MOVLW  00
012E:  ADDWFC 03,F
0130:  MOVFF  01,500
0134:  MOVFF  03,501
0138:  MOVF   18,W
013A:  MULLW  12
013C:  MOVF   FF3,W
013E:  CLRF   x03
0140:  MOVWF  x02
0142:  MOVLW  08
0144:  ADDWF  x02,W
0146:  MOVWF  01
0148:  MOVLW  00
014A:  ADDWFC x03,W
014C:  MOVWF  03
014E:  MOVF   01,W
0150:  ADDLW  58
0152:  MOVWF  FE9
0154:  MOVLW  00
0156:  ADDWFC 03,W
0158:  MOVWF  FEA
015A:  MOVFF  FEF,502
015E:  MOVFF  FEC,503
0162:  MOVFF  FEC,504
0166:  MOVFF  FEC,505
016A:  CLRF   x08
016C:  CLRF   x07
016E:  CLRF   00
0170:  MOVF   00,W
0172:  IORWF  x02,W
0174:  MOVWF  00
0176:  MOVF   FFE,W
0178:  IORWF  x03,W
017A:  MOVWF  01
017C:  MOVF   x07,W
017E:  IORWF  x04,W
0180:  MOVWF  02
0182:  MOVF   x08,W
0184:  IORWF  x05,W
0186:  MOVFF  501,FEA
018A:  MOVFF  500,FE9
018E:  MOVFF  00,FEF
0192:  MOVFF  01,FEC
0196:  MOVFF  02,FEC
019A:  MOVWF  FEC
....................    vpcb[colap[0]].da=vpcb[colap[0]].da|((int32)TOSU<<16); 
019C:  MOVF   18,W
019E:  MULLW  12
01A0:  MOVF   FF3,W
01A2:  CLRF   x01
01A4:  MOVWF  x00
01A6:  MOVLW  08
01A8:  ADDWF  x00,W
01AA:  MOVWF  01
01AC:  MOVLW  00
01AE:  ADDWFC x01,W
01B0:  MOVWF  03
01B2:  MOVF   01,W
01B4:  ADDLW  58
01B6:  MOVWF  01
01B8:  MOVLW  00
01BA:  ADDWFC 03,F
01BC:  MOVFF  01,500
01C0:  MOVFF  03,501
01C4:  MOVF   18,W
01C6:  MULLW  12
01C8:  MOVF   FF3,W
01CA:  CLRF   x03
01CC:  MOVWF  x02
01CE:  MOVLW  08
01D0:  ADDWF  x02,W
01D2:  MOVWF  01
01D4:  MOVLW  00
01D6:  ADDWFC x03,W
01D8:  MOVWF  03
01DA:  MOVF   01,W
01DC:  ADDLW  58
01DE:  MOVWF  FE9
01E0:  MOVLW  00
01E2:  ADDWFC 03,W
01E4:  MOVWF  FEA
01E6:  MOVFF  FEF,502
01EA:  MOVFF  FEC,503
01EE:  MOVFF  FEC,504
01F2:  MOVFF  FEC,505
01F6:  CLRF   x07
01F8:  CLRF   00
01FA:  CLRF   01
01FC:  MOVF   00,W
01FE:  IORWF  x02,W
0200:  MOVWF  00
0202:  MOVF   01,W
0204:  IORWF  x03,W
0206:  MOVWF  01
0208:  MOVF   FFF,W
020A:  IORWF  x04,W
020C:  MOVWF  02
020E:  MOVF   x07,W
0210:  IORWF  x05,W
0212:  MOVFF  501,FEA
0216:  MOVFF  500,FE9
021A:  MOVFF  00,FEF
021E:  MOVFF  01,FEC
0222:  MOVFF  02,FEC
0226:  MOVWF  FEC
....................     
....................    // corriendo proceso 
....................    if(np>1) 
0228:  MOVF   17,W
022A:  SUBLW  01
022C:  BTFSC  FD8.0
022E:  BRA    032A
....................    {    
....................       prioridad_act = 0; 
0230:  MOVLB  4
0232:  CLRF   xF7
....................       for (i=1; i<np; i++ ){ 
0234:  MOVLW  01
0236:  MOVWF  xFC
0238:  MOVF   17,W
023A:  SUBWF  xFC,W
023C:  BC    02B8
....................          if (vpcb[colap[i]].prioridad > prioridad_act){ 
023E:  CLRF   03
0240:  MOVF   xFC,W
0242:  ADDLW  18
0244:  MOVWF  FE9
0246:  MOVLW  00
0248:  ADDWFC 03,W
024A:  MOVWF  FEA
024C:  MOVF   FEF,W
024E:  MULLW  12
0250:  MOVF   FF3,W
0252:  MOVLB  5
0254:  CLRF   x01
0256:  MOVWF  x00
0258:  MOVLW  11
025A:  ADDWF  x00,W
025C:  MOVWF  01
025E:  MOVLW  00
0260:  ADDWFC x01,W
0262:  MOVWF  03
0264:  MOVF   01,W
0266:  ADDLW  58
0268:  MOVWF  FE9
026A:  MOVLW  00
026C:  ADDWFC 03,W
026E:  MOVWF  FEA
0270:  MOVF   FEF,W
0272:  MOVLB  4
0274:  SUBWF  xF7,W
0276:  BC    02B4
....................             m1 = i; 
0278:  MOVFF  4FC,1F
....................             prioridad_act = vpcb[colap[i]].prioridad; 
027C:  CLRF   03
027E:  MOVF   xFC,W
0280:  ADDLW  18
0282:  MOVWF  FE9
0284:  MOVLW  00
0286:  ADDWFC 03,W
0288:  MOVWF  FEA
028A:  MOVF   FEF,W
028C:  MULLW  12
028E:  MOVF   FF3,W
0290:  MOVLB  5
0292:  CLRF   x01
0294:  MOVWF  x00
0296:  MOVLW  11
0298:  ADDWF  x00,W
029A:  MOVWF  01
029C:  MOVLW  00
029E:  ADDWFC x01,W
02A0:  MOVWF  03
02A2:  MOVF   01,W
02A4:  ADDLW  58
02A6:  MOVWF  FE9
02A8:  MOVLW  00
02AA:  ADDWFC 03,W
02AC:  MOVWF  FEA
02AE:  MOVFF  FEF,4F7
02B2:  MOVLB  4
....................          } 
02B4:  INCF   xFC,F
02B6:  BRA    0238
....................       } 
....................        
....................       m=colap[0]; 
02B8:  MOVFF  18,1E
....................       colap[0] = colap[m1]; 
02BC:  CLRF   03
02BE:  MOVF   1F,W
02C0:  ADDLW  18
02C2:  MOVWF  FE9
02C4:  MOVLW  00
02C6:  ADDWFC 03,W
02C8:  MOVWF  FEA
02CA:  MOVFF  FEF,18
....................       for(i=m1;i<np-1;i++) 
02CE:  MOVFF  1F,4FC
02D2:  MOVLW  01
02D4:  SUBWF  17,W
02D6:  SUBWF  xFC,W
02D8:  BC    0314
....................       { 
....................          colap[i]=colap[i+1]; 
02DA:  CLRF   03
02DC:  MOVF   xFC,W
02DE:  ADDLW  18
02E0:  MOVWF  01
02E2:  MOVLW  00
02E4:  ADDWFC 03,F
02E6:  MOVFF  03,501
02EA:  MOVLW  01
02EC:  MOVLB  4
02EE:  ADDWF  xFC,W
02F0:  CLRF   03
02F2:  ADDLW  18
02F4:  MOVWF  FE9
02F6:  MOVLW  00
02F8:  ADDWFC 03,W
02FA:  MOVWF  FEA
02FC:  MOVFF  FEF,502
0300:  MOVLB  5
0302:  MOVFF  501,FEA
0306:  MOVFF  01,FE9
030A:  MOVFF  502,FEF
030E:  MOVLB  4
0310:  INCF   xFC,F
0312:  BRA    02D2
....................       } 
....................       colap[np-1]=m; 
0314:  MOVLW  01
0316:  SUBWF  17,W
0318:  CLRF   03
031A:  ADDLW  18
031C:  MOVWF  FE9
031E:  MOVLW  00
0320:  ADDWFC 03,W
0322:  MOVWF  FEA
0324:  MOVFF  1E,FEF
0328:  MOVLB  5
....................    } 
....................     
....................    /*if(contar == 1){ 
....................       cont++; 
....................    }*/ 
....................     
....................    if(estado_calendario == 1){ 
032A:  MOVLB  4
032C:  DECFSZ xF6,W
032E:  BRA    0348
....................       reloj++; 
0330:  INCF   xF4,F
0332:  BTFSC  FD8.2
0334:  INCF   xF5,F
....................       if(reloj >= mcm){ 
0336:  MOVF   xF9,W
0338:  SUBWF  xF5,W
033A:  BNC   0348
033C:  BNZ   0344
033E:  MOVF   xF8,W
0340:  SUBWF  xF4,W
0342:  BNC   0348
....................          reloj = 0; 
0344:  CLRF   xF5
0346:  CLRF   xF4
....................       } 
....................    } 
....................     
....................    //==== PC=S0_Init() ======= 
....................    TOSL=00; 
0348:  CLRF   FFD
....................    TOSH=40; 
034A:  MOVLW  28
034C:  MOVWF  FFE
....................    TOSU=00; 
034E:  CLRF   FFF
0350:  BCF    FF2.2
0352:  MOVLB  0
0354:  GOTO   0060
.................... }  
....................  
.................... void inte_Init()  // interrupcion de puerto serial 
.................... { 
....................    enable_interrupts(GLOBAL); 
*
0BCC:  MOVLW  C0
0BCE:  IORWF  FF2,F
....................    enable_interrupts(INT_RDA); 
0BD0:  BSF    F9D.5
0BD2:  GOTO   0BEE (RETURN)
.................... } 
....................  
....................  
.................... #INT_RDA 
.................... void serial_isr() 
.................... { 
....................    //printf("Recibido");     // se envia por Serial una palabra para verificar interrupcion 
....................    rcvchar = 0x00; 
*
0394:  CLRF   56
....................    rcvchar = getc();    // se recibe el caracter enviado por la computadora 
0396:  BTFSS  F9E.5
0398:  BRA    0396
039A:  MOVFF  FAE,56
....................    addcbuff(rcvchar);   // guarda el caracter en un buffer 
039E:  MOVFF  56,4FC
03A2:  BRA    0358
03A4:  BCF    F9E.5
03A6:  GOTO   0060
.................... } 
....................  
.................... void addcbuff(char c)    
.................... { 
....................    switch(c) 
*
0358:  MOVLB  4
035A:  MOVF   xFC,W
035C:  XORLW  2A
035E:  MOVLB  0
0360:  BZ    0364
0362:  BRA    037C
....................    { 
....................       case '*':                  // en caso de recibir *, levanta el flag para saber que se termino de enviar un comando. 
....................          cbuff[xbuff++] = c; 
0364:  MOVF   4B,W
0366:  INCF   4B,F
0368:  CLRF   03
036A:  ADDLW  4C
036C:  MOVWF  FE9
036E:  MOVLW  00
0370:  ADDWFC 03,W
0372:  MOVWF  FEA
0374:  MOVFF  4FC,FEF
....................          flagcmd = 1; 
0378:  BSF    31.1
....................       break; 
037A:  BRA    0390
....................       default: 
....................          cbuff[xbuff++] = c; 
037C:  MOVF   4B,W
037E:  INCF   4B,F
0380:  CLRF   03
0382:  ADDLW  4C
0384:  MOVWF  FE9
0386:  MOVLW  00
0388:  ADDWFC 03,W
038A:  MOVWF  FEA
038C:  MOVFF  4FC,FEF
....................    } 
0390:  GOTO   03A4 (RETURN)
.................... } 
....................  
.................... void inicbuff(void)           // inicializa el buffer, limpiandolo 
.................... { 
....................    int i; 
....................    for (i=0; i<lenbuff;i++)       
*
0794:  MOVLB  5
0796:  CLRF   x15
0798:  MOVF   x15,W
079A:  SUBLW  09
079C:  BNC   07B2
....................    { 
....................       cbuff[i] = 0x00; 
079E:  CLRF   03
07A0:  MOVF   x15,W
07A2:  ADDLW  4C
07A4:  MOVWF  FE9
07A6:  MOVLW  00
07A8:  ADDWFC 03,W
07AA:  MOVWF  FEA
07AC:  CLRF   FEF
07AE:  INCF   x15,F
07B0:  BRA    0798
....................    } 
....................    xbuff=0x00; 
07B2:  CLRF   4B
07B4:  MOVLB  0
07B6:  GOTO   0878 (RETURN)
.................... } 
....................  
....................  
.................... void procesa_cmd(void){             // procesa el ultimo comando guardado, un comando esta comprendido entre $ hasta *  
07BA:  MOVLB  5
07BC:  CLRF   x0A
....................   
....................    int i, j=0;                       
....................    char salida[lenbuff];            // Argumento de comando (si lo tiene) 
....................    disable_interrupts(int_rda);      
07BE:  BCF    F9D.5
....................    flagcmd=0;                       // Desactivo flag de comando pendiente. 
07C0:  BCF    31.1
....................    for (i=0;i<xbuff;i++) 
07C2:  CLRF   x09
07C4:  MOVF   4B,W
07C6:  SUBWF  x09,W
07C8:  BC    0874
....................    { 
....................       if (cbuff[i] == '$'){         // verifica que tenga '$' 
07CA:  CLRF   03
07CC:  MOVF   x09,W
07CE:  ADDLW  4C
07D0:  MOVWF  FE9
07D2:  MOVLW  00
07D4:  ADDWFC 03,W
07D6:  MOVWF  FEA
07D8:  MOVF   FEF,W
07DA:  SUBLW  24
07DC:  BNZ   0870
....................          while((cbuff[i] != '*') & (i<xbuff))   // hasta que encuentre * 
07DE:  CLRF   03
07E0:  MOVF   x09,W
07E2:  ADDLW  4C
07E4:  MOVWF  FE9
07E6:  MOVLW  00
07E8:  ADDWFC 03,W
07EA:  MOVWF  FEA
07EC:  MOVF   FEF,W
07EE:  SUBLW  2A
07F0:  BNZ   07F6
07F2:  MOVLW  00
07F4:  BRA    07F8
07F6:  MOVLW  01
07F8:  MOVWF  x15
07FA:  MOVF   4B,W
07FC:  SUBWF  x09,W
07FE:  BNC   0804
0800:  MOVLW  00
0802:  BRA    0806
0804:  MOVLW  01
0806:  ANDWF  x15,W
0808:  BZ    0842
....................          { 
....................             salida[j++]=cbuff[i++]; 
080A:  MOVF   x0A,W
080C:  INCF   x0A,F
080E:  CLRF   03
0810:  ADDLW  0B
0812:  MOVWF  01
0814:  MOVLW  05
0816:  ADDWFC 03,F
0818:  MOVFF  01,515
081C:  MOVFF  03,516
0820:  MOVF   x09,W
0822:  INCF   x09,F
0824:  CLRF   03
0826:  ADDLW  4C
0828:  MOVWF  FE9
082A:  MOVLW  00
082C:  ADDWFC 03,W
082E:  MOVWF  FEA
0830:  MOVFF  FEF,517
0834:  MOVFF  516,FEA
0838:  MOVFF  01,FE9
083C:  MOVFF  517,FEF
0840:  BRA    07DE
....................          } 
....................          comando = salida[1]; 
0842:  MOVFF  50C,57
....................          valor2 = salida[2] -'0'; 
0846:  MOVLW  30
0848:  SUBWF  x0D,W
084A:  MOVWF  33
....................          val1 = salida[3]-'0'; 
084C:  MOVLW  30
084E:  SUBWF  x0E,W
0850:  MOVWF  34
0852:  CLRF   35
0854:  CLRF   36
0856:  CLRF   37
....................          val2 = salida[4]-'0'; 
0858:  MOVLW  30
085A:  SUBWF  x0F,W
085C:  MOVWF  38
085E:  CLRF   39
0860:  CLRF   3A
0862:  CLRF   3B
....................          val3 = salida[5]-'0'; 
0864:  MOVLW  30
0866:  SUBWF  x10,W
0868:  MOVWF  3C
086A:  CLRF   3D
086C:  CLRF   3E
086E:  CLRF   3F
....................           
....................       } 
0870:  INCF   x09,F
0872:  BRA    07C4
....................    } 
....................    inicbuff();                            // Borro buffer. 
0874:  MOVLB  0
0876:  BRA    0794
....................    for(i=0;i<lenbuff;i++)                 // Bucle que pone a 0 todos los 
0878:  MOVLB  5
087A:  CLRF   x09
087C:  MOVF   x09,W
087E:  SUBLW  09
0880:  BNC   0896
....................    { 
....................       salida[i]=0x00;                     // caracteres en el argumento 
0882:  CLRF   03
0884:  MOVF   x09,W
0886:  ADDLW  0B
0888:  MOVWF  FE9
088A:  MOVLW  05
088C:  ADDWFC 03,W
088E:  MOVWF  FEA
0890:  CLRF   FEF
0892:  INCF   x09,F
0894:  BRA    087C
....................    } 
....................    enable_interrupts(int_rda);             
0896:  BSF    F9D.5
0898:  MOVLB  0
089A:  GOTO   4008 (RETURN)
.................... } 
....................  
....................  
.................... //***************************************************************************** 
.................... //PROGRAMA 1: Parpadeo Led D0 
....................  
.................... #ORG 0x1000, 0x1044 
.................... void Parpadear_D0() 
.................... { 
....................    while(TRUE) 
....................    { 
....................       output_toggle(PIN_D0); 
*
1000:  BTG    F8C.0
....................       for (k1=1;k1<150;k1++){for (l1=1;l1<200;l1++){}} 
1002:  MOVLW  01
1004:  MOVWF  22
1006:  MOVF   22,W
1008:  SUBLW  95
100A:  BNC   101E
100C:  MOVLW  01
100E:  MOVWF  29
1010:  MOVF   29,W
1012:  SUBLW  C7
1014:  BNC   101A
1016:  INCF   29,F
1018:  BRA    1010
101A:  INCF   22,F
101C:  BRA    1006
....................       output_toggle(PIN_D0); 
101E:  BTG    F8C.0
....................       for (k1=1;k1<150;k1++){for (l1=1;l1<200;l1++){}} 
1020:  MOVLW  01
1022:  MOVWF  22
1024:  MOVF   22,W
1026:  SUBLW  95
1028:  BNC   103C
102A:  MOVLW  01
102C:  MOVWF  29
102E:  MOVF   29,W
1030:  SUBLW  C7
1032:  BNC   1038
1034:  INCF   29,F
1036:  BRA    102E
1038:  INCF   22,F
103A:  BRA    1024
103C:  BRA    1000
....................    } 
103E:  RETURN 0
.................... } 
....................  
.................... //***************************************************************************** 
.................... //PROGRAMA 2: Parpadeo Led D1 
....................  
.................... #ORG 0x1046, 0x1090        
.................... void Parpadear_D1() 
.................... { 
....................    while(TRUE) 
....................    { 
....................       output_toggle(PIN_D1); 
*
1046:  BTG    F8C.1
....................       for (k2=1;k2<50;k2++){for (l2=1;l2<200;l2++){}} 
1048:  MOVLW  01
104A:  MOVWF  23
104C:  MOVF   23,W
104E:  SUBLW  31
1050:  BNC   1064
1052:  MOVLW  01
1054:  MOVWF  2A
1056:  MOVF   2A,W
1058:  SUBLW  C7
105A:  BNC   1060
105C:  INCF   2A,F
105E:  BRA    1056
1060:  INCF   23,F
1062:  BRA    104C
....................       output_toggle(PIN_D1); 
1064:  BTG    F8C.1
....................       for (k2=1;k2<50;k2++){for (l2=1;l2<200;l2++){}} 
1066:  MOVLW  01
1068:  MOVWF  23
106A:  MOVF   23,W
106C:  SUBLW  31
106E:  BNC   1082
1070:  MOVLW  01
1072:  MOVWF  2A
1074:  MOVF   2A,W
1076:  SUBLW  C7
1078:  BNC   107E
107A:  INCF   2A,F
107C:  BRA    1074
107E:  INCF   23,F
1080:  BRA    106A
1082:  BRA    1046
....................    } 
1084:  RETURN 0
.................... } 
....................  
.................... //***************************************************************************** 
.................... //PROGRAMA 3: Parpadeo Led D2 
....................  
.................... #ORG 0x1092, 0x10D6 
.................... void Parpadear_D2() 
.................... { 
....................    while(TRUE) 
....................    { 
....................       output_toggle(PIN_D2); 
*
1092:  BTG    F8C.2
....................       for (k3=1;k3<100;k3++){for (l3=1;l3<200;l3++){}} 
1094:  MOVLW  01
1096:  MOVWF  24
1098:  MOVF   24,W
109A:  SUBLW  63
109C:  BNC   10B0
109E:  MOVLW  01
10A0:  MOVWF  2B
10A2:  MOVF   2B,W
10A4:  SUBLW  C7
10A6:  BNC   10AC
10A8:  INCF   2B,F
10AA:  BRA    10A2
10AC:  INCF   24,F
10AE:  BRA    1098
....................       output_toggle(PIN_D2); 
10B0:  BTG    F8C.2
....................       for (k3=1;k3<100;k3++){for (l3=1;l3<200;l3++){}} 
10B2:  MOVLW  01
10B4:  MOVWF  24
10B6:  MOVF   24,W
10B8:  SUBLW  63
10BA:  BNC   10CE
10BC:  MOVLW  01
10BE:  MOVWF  2B
10C0:  MOVF   2B,W
10C2:  SUBLW  C7
10C4:  BNC   10CA
10C6:  INCF   2B,F
10C8:  BRA    10C0
10CA:  INCF   24,F
10CC:  BRA    10B6
10CE:  BRA    1092
....................    } 
10D0:  RETURN 0
.................... } 
....................  
.................... //***************************************************************************** 
.................... //PROGRAMA 4: Parpadeo Led D3 - FINITO 
....................  
.................... #ORG 0x10D8, 0x11D8 
.................... void Parpadear_D3() 
.................... { 
....................    //cont = 0; 
....................    //contar = 1; 
....................    while(TRUE) 
....................    { 
....................       output_toggle(PIN_D3); 
*
10D8:  BTG    F8C.3
....................       for (k4=1;k4<200;k4++){for (l4=1;l4<100;l4++){}} 
10DA:  MOVLW  01
10DC:  MOVWF  25
10DE:  MOVF   25,W
10E0:  SUBLW  C7
10E2:  BNC   10F6
10E4:  MOVLW  01
10E6:  MOVWF  2C
10E8:  MOVF   2C,W
10EA:  SUBLW  63
10EC:  BNC   10F2
10EE:  INCF   2C,F
10F0:  BRA    10E8
10F2:  INCF   25,F
10F4:  BRA    10DE
....................       output_toggle(PIN_D3); 
10F6:  BTG    F8C.3
....................       for (k4=1;k4<200;k4++){for (l4=1;l4<100;l4++){}} 
10F8:  MOVLW  01
10FA:  MOVWF  25
10FC:  MOVF   25,W
10FE:  SUBLW  C7
1100:  BNC   1114
1102:  MOVLW  01
1104:  MOVWF  2C
1106:  MOVF   2C,W
1108:  SUBLW  63
110A:  BNC   1110
110C:  INCF   2C,F
110E:  BRA    1106
1110:  INCF   25,F
1112:  BRA    10FC
....................       comando = 'D'; 
1114:  MOVLW  44
1116:  MOVWF  57
....................       valor2 = 4; 
1118:  MOVLW  04
111A:  MOVWF  33
111C:  BRA    10D8
....................       //printf("T=%i*", cont); 
....................       //contar = 0; 
....................    } 
111E:  RETURN 0
.................... } 
....................  
.................... //***************************************************************************** 
.................... //PROGRAMA 5: Parpadeo Led D4 - FINITO 
....................  
.................... #ORG 0x11DA, 0x12DA 
.................... void Parpadear_D4() 
.................... { 
....................    //cont = 0; 
....................    //contar = 1; 
....................    while(TRUE) 
....................    { 
....................       output_toggle(PIN_D4); 
*
11DA:  BTG    F8C.4
....................       for (k5=1;k5<150;++k5){for (l5=1;l5<100;++l5){}} 
11DC:  MOVLW  01
11DE:  MOVWF  26
11E0:  MOVF   26,W
11E2:  SUBLW  95
11E4:  BNC   11F8
11E6:  MOVLW  01
11E8:  MOVWF  2D
11EA:  MOVF   2D,W
11EC:  SUBLW  63
11EE:  BNC   11F4
11F0:  INCF   2D,F
11F2:  BRA    11EA
11F4:  INCF   26,F
11F6:  BRA    11E0
....................       output_toggle(PIN_D4); 
11F8:  BTG    F8C.4
....................       for (k5=1;k5<150;++k5){for (l5=1;l5<100;++l5){}} 
11FA:  MOVLW  01
11FC:  MOVWF  26
11FE:  MOVF   26,W
1200:  SUBLW  95
1202:  BNC   1216
1204:  MOVLW  01
1206:  MOVWF  2D
1208:  MOVF   2D,W
120A:  SUBLW  63
120C:  BNC   1212
120E:  INCF   2D,F
1210:  BRA    1208
1212:  INCF   26,F
1214:  BRA    11FE
....................       comando = 'D'; 
1216:  MOVLW  44
1218:  MOVWF  57
....................       valor2 = 5; 
121A:  MOVLW  05
121C:  MOVWF  33
121E:  BRA    11DA
....................       //printf("T=%i*", cont); 
....................       //contar = 0; 
....................    } 
1220:  RETURN 0
.................... } 
....................  
....................  
.................... //***************************************************************************** 
.................... //PROGRAMA 6: Parpadeo Led B0 - FINITO 
....................  
.................... #ORG 0x12DC, 0x13DC 
.................... void Parpadear_B0() 
.................... { 
....................    //cont = 0; 
....................    //contar = 1; 
....................    while(TRUE) 
....................    { 
....................       output_toggle(PIN_B0); 
*
12DC:  BTG    F8A.0
....................       for (k6=1;k6<100;k6++){for (l6=1;l6<100;l6++){}} 
12DE:  MOVLW  01
12E0:  MOVWF  27
12E2:  MOVF   27,W
12E4:  SUBLW  63
12E6:  BNC   12FA
12E8:  MOVLW  01
12EA:  MOVWF  2E
12EC:  MOVF   2E,W
12EE:  SUBLW  63
12F0:  BNC   12F6
12F2:  INCF   2E,F
12F4:  BRA    12EC
12F6:  INCF   27,F
12F8:  BRA    12E2
....................       output_toggle(PIN_B0); 
12FA:  BTG    F8A.0
....................       for (k6=1;k6<100;k6++){for (l6=1;l6<100;l6++){}} 
12FC:  MOVLW  01
12FE:  MOVWF  27
1300:  MOVF   27,W
1302:  SUBLW  63
1304:  BNC   1318
1306:  MOVLW  01
1308:  MOVWF  2E
130A:  MOVF   2E,W
130C:  SUBLW  63
130E:  BNC   1314
1310:  INCF   2E,F
1312:  BRA    130A
1314:  INCF   27,F
1316:  BRA    1300
....................       comando = 'D'; 
1318:  MOVLW  44
131A:  MOVWF  57
....................       valor2 = 6; 
131C:  MOVLW  06
131E:  MOVWF  33
1320:  BRA    12DC
....................       //printf("T=%i*", cont); 
....................       //contar = 0; 
....................    } 
1322:  RETURN 0
.................... } 
....................  
.................... //***************************************************************************** 
.................... //PROGRAMA 7: Parpadeo Led B1 - FINITO 
.................... #ORG 0x13DE, 0x14DE 
.................... void Parpadear_B1() 
.................... { 
....................    //cont = 0; 
....................    //contar = 1; 
....................    setup_adc_ports(AN0_TO_AN3|vss_vdd); 
*
13DE:  MOVF   FC1,W
13E0:  ANDLW  C0
13E2:  IORLW  0B
13E4:  MOVWF  FC1
....................    setup_adc(adc_clock_internal); 
13E6:  MOVF   FC0,W
13E8:  ANDLW  C0
13EA:  IORLW  07
13EC:  MOVWF  FC0
13EE:  BSF    FC0.7
13F0:  BSF    FC2.0
....................    while(TRUE) 
....................    { 
....................       /*output_toggle(PIN_B1); 
....................       for (k7=1;k7<50;k7++){for (l7=1;l7<100;++l7){}} 
....................       output_toggle(PIN_B1); 
....................       for (k7=1;k7<50;k7++){for (l7=1;l7<100;++l7){}}*/ 
....................       set_adc_channel(0); 
13F2:  MOVLW  00
13F4:  MOVWF  01
13F6:  MOVF   FC2,W
13F8:  ANDLW  C3
13FA:  IORWF  01,W
13FC:  MOVWF  FC2
....................       delay_us(50); 
13FE:  MOVLW  29
1400:  MOVWF  00
1402:  DECFSZ 00,F
1404:  BRA    1402
1406:  NOP   
....................       value1=Read_ADC(); 
1408:  BSF    FC2.1
140A:  BTFSC  FC2.1
140C:  BRA    140A
140E:  MOVFF  FC3,49
1412:  MOVFF  FC4,4A
....................       //value1 = 500; 
....................       value1= (value1*250)/1023; 
1416:  MOVFF  4A,509
141A:  MOVFF  49,508
141E:  MOVLB  5
1420:  CLRF   x0B
1422:  MOVLW  FA
1424:  MOVWF  x0A
1426:  MOVLB  0
1428:  GOTO   03AA
142C:  MOVFF  02,509
1430:  MOVFF  01,508
1434:  MOVFF  02,50B
1438:  MOVFF  01,50A
143C:  MOVLW  03
143E:  MOVLB  5
1440:  MOVWF  x0D
1442:  SETF   x0C
1444:  MOVLB  0
1446:  GOTO   03CE
144A:  MOVFF  02,4A
144E:  MOVFF  01,49
....................       value = value1; 
1452:  MOVFF  49,48
....................       printf("A+0+%i*",value); 
1456:  MOVLW  2A
1458:  MOVWF  FF6
145A:  MOVLW  05
145C:  MOVWF  FF7
145E:  MOVLW  04
1460:  MOVLB  5
1462:  MOVWF  x19
1464:  MOVLB  0
1466:  CALL   0416
146A:  MOVFF  48,509
146E:  MOVLW  18
1470:  MOVLB  5
1472:  MOVWF  x0A
1474:  MOVLB  0
1476:  CALL   046C
147A:  MOVLW  2A
147C:  BTFSS  F9E.4
147E:  BRA    147C
1480:  MOVWF  FAD
....................       delay_us(150); 
1482:  MOVLW  7C
1484:  MOVWF  00
1486:  DECFSZ 00,F
1488:  BRA    1486
148A:  BRA    148C
....................       comando = 'D'; 
148C:  MOVLW  44
148E:  MOVWF  57
....................       valor2 = 7; 
1490:  MOVLW  07
1492:  MOVWF  33
....................       for (k7=1;k7<250;k7++){for (l7=1;l7<250;++l7){}} 
1494:  MOVLW  01
1496:  MOVWF  28
1498:  MOVF   28,W
149A:  SUBLW  F9
149C:  BNC   14B0
149E:  MOVLW  01
14A0:  MOVWF  2F
14A2:  MOVF   2F,W
14A4:  SUBLW  F9
14A6:  BNC   14AC
14A8:  INCF   2F,F
14AA:  BRA    14A2
14AC:  INCF   28,F
14AE:  BRA    1498
14B0:  BRA    13F2
....................       //printf("T=%i*", cont); 
....................       //contar = 0; 
....................    } 
14B2:  RETURN 0
.................... } 
....................  
....................  
.................... //***************************************************************************** 
.................... // PROGRAMA 8: Mostrar Procesos 
....................  
.................... #ORG 0x2502, 0x2850 
.................... void task_manager(){ 
....................    while(TRUE){ 
....................       desactivar_timer(); 
*
2502:  CALL   00A2
....................       int m; 
....................          int32 mproceso, mdirini, mdirfin, mdiract; 
....................          printf("|   Proceso  |  Dir.Ini  |  Dir.Fin  |  Dir.Act  |*"); 
2506:  MOVLW  0C
2508:  MOVWF  FF6
250A:  MOVLW  07
250C:  MOVWF  FF7
250E:  CALL   0532
....................          for(m=0;m<np;m++) 
2512:  MOVLB  5
2514:  CLRF   x08
2516:  MOVF   17,W
2518:  SUBWF  x08,W
251A:  BTFSC  FD8.0
251C:  BRA    26E8
....................          { 
....................             mproceso = colap[m]; 
251E:  CLRF   03
2520:  MOVF   x08,W
2522:  ADDLW  18
2524:  MOVWF  FE9
2526:  MOVLW  00
2528:  ADDWFC 03,W
252A:  MOVWF  FEA
252C:  CLRF   x0C
252E:  CLRF   x0B
2530:  CLRF   x0A
2532:  MOVFF  FEF,509
....................             mdirini = vpcb[mproceso].di; 
2536:  MOVFF  50C,51C
253A:  MOVFF  50B,51B
253E:  MOVFF  50A,51A
2542:  MOVFF  509,519
2546:  CLRF   x20
2548:  CLRF   x1F
254A:  CLRF   x1E
254C:  MOVLW  12
254E:  MOVWF  x1D
2550:  MOVLB  0
2552:  CALL   0554
2556:  MOVLW  58
2558:  MOVLB  5
255A:  ADDWF  00,W
255C:  MOVWF  FE9
255E:  MOVLW  00
2560:  ADDWFC 01,W
2562:  MOVWF  FEA
2564:  MOVFF  FEF,50D
2568:  MOVFF  FEC,50E
256C:  MOVFF  FEC,50F
2570:  MOVFF  FEC,510
....................             mdirfin = vpcb[mproceso].df; 
2574:  MOVFF  50C,51C
2578:  MOVFF  50B,51B
257C:  MOVFF  50A,51A
2580:  MOVFF  509,519
2584:  CLRF   x20
2586:  CLRF   x1F
2588:  CLRF   x1E
258A:  MOVLW  12
258C:  MOVWF  x1D
258E:  MOVLB  0
2590:  CALL   0554
2594:  MOVFF  01,51A
2598:  MOVLW  04
259A:  MOVLB  5
259C:  ADDWF  00,W
259E:  MOVWF  01
25A0:  MOVLW  00
25A2:  ADDWFC x1A,W
25A4:  MOVWF  03
25A6:  MOVF   01,W
25A8:  ADDLW  58
25AA:  MOVWF  FE9
25AC:  MOVLW  00
25AE:  ADDWFC 03,W
25B0:  MOVWF  FEA
25B2:  MOVFF  FEF,511
25B6:  MOVFF  FEC,512
25BA:  MOVFF  FEC,513
25BE:  MOVFF  FEC,514
....................             mdiract = vpcb[mproceso].da; 
25C2:  MOVFF  50C,51C
25C6:  MOVFF  50B,51B
25CA:  MOVFF  50A,51A
25CE:  MOVFF  509,519
25D2:  CLRF   x20
25D4:  CLRF   x1F
25D6:  CLRF   x1E
25D8:  MOVLW  12
25DA:  MOVWF  x1D
25DC:  MOVLB  0
25DE:  CALL   0554
25E2:  MOVFF  01,51A
25E6:  MOVLW  08
25E8:  MOVLB  5
25EA:  ADDWF  00,W
25EC:  MOVWF  01
25EE:  MOVLW  00
25F0:  ADDWFC x1A,W
25F2:  MOVWF  03
25F4:  MOVF   01,W
25F6:  ADDLW  58
25F8:  MOVWF  FE9
25FA:  MOVLW  00
25FC:  ADDWFC 03,W
25FE:  MOVWF  FEA
2600:  MOVFF  FEF,515
2604:  MOVFF  FEC,516
2608:  MOVFF  FEC,517
260C:  MOVFF  FEC,518
....................             mproceso++; 
2610:  MOVLW  01
2612:  ADDWF  x09,F
2614:  BTFSC  FD8.0
2616:  INCF   x0A,F
2618:  BTFSC  FD8.2
261A:  INCF   x0B,F
261C:  BTFSC  FD8.2
261E:  INCF   x0C,F
....................             printf("|      %Lu     |   %Lu    |   %Lu    |   %Lu    |*",mproceso,mdirini,mdirfin,mdiract); 
2620:  MOVLW  40
2622:  MOVWF  FF6
2624:  MOVLW  07
2626:  MOVWF  FF7
2628:  MOVLW  07
262A:  MOVWF  x19
262C:  MOVLB  0
262E:  CALL   0416
2632:  MOVLW  41
2634:  MOVWF  FE9
2636:  MOVFF  50C,51C
263A:  MOVFF  50B,51B
263E:  MOVFF  50A,51A
2642:  MOVFF  509,519
2646:  CALL   0644
264A:  MOVLW  4A
264C:  MOVWF  FF6
264E:  MOVLW  07
2650:  MOVWF  FF7
2652:  MOVLW  09
2654:  MOVLB  5
2656:  MOVWF  x19
2658:  MOVLB  0
265A:  CALL   0416
265E:  MOVLW  41
2660:  MOVWF  FE9
2662:  MOVFF  510,51C
2666:  MOVFF  50F,51B
266A:  MOVFF  50E,51A
266E:  MOVFF  50D,519
2672:  CALL   0644
2676:  MOVLW  56
2678:  MOVWF  FF6
267A:  MOVLW  07
267C:  MOVWF  FF7
267E:  MOVLW  08
2680:  MOVLB  5
2682:  MOVWF  x19
2684:  MOVLB  0
2686:  CALL   0416
268A:  MOVLW  41
268C:  MOVWF  FE9
268E:  MOVFF  514,51C
2692:  MOVFF  513,51B
2696:  MOVFF  512,51A
269A:  MOVFF  511,519
269E:  CALL   0644
26A2:  MOVLW  61
26A4:  MOVWF  FF6
26A6:  MOVLW  07
26A8:  MOVWF  FF7
26AA:  MOVLW  08
26AC:  MOVLB  5
26AE:  MOVWF  x19
26B0:  MOVLB  0
26B2:  CALL   0416
26B6:  MOVLW  41
26B8:  MOVWF  FE9
26BA:  MOVFF  518,51C
26BE:  MOVFF  517,51B
26C2:  MOVFF  516,51A
26C6:  MOVFF  515,519
26CA:  CALL   0644
26CE:  MOVLW  6C
26D0:  MOVWF  FF6
26D2:  MOVLW  07
26D4:  MOVWF  FF7
26D6:  MOVLW  06
26D8:  MOVLB  5
26DA:  MOVWF  x19
26DC:  MOVLB  0
26DE:  CALL   0416
26E2:  MOVLB  5
26E4:  INCF   x08,F
26E6:  BRA    2516
....................          } 
....................          //printf("*"); 
....................       comando='D'; 
26E8:  MOVLW  44
26EA:  MOVWF  57
....................       valor2=8; 
26EC:  MOVLW  08
26EE:  MOVWF  33
....................       activar_timer(); 
26F0:  MOVLB  0
26F2:  CALL   0700
26F6:  BRA    2502
....................    } 
26F8:  RETURN 0
....................     
.................... } 
....................  
.................... //***************************************************************************** 
.................... //PROGRAMA 9: Lectura ADC 
.................... #ORG 0x14E0, 0x1605 
.................... void leer_ADC() 
.................... {  //setup_adc_ports(0|vss_vdd); 
....................    //setup_adc(adc_clock_internal); 
....................    while(TRUE) 
....................    { 
....................       //set_adc_channel(0); 
....................       //value1=Read_ADC(); 
....................       //delay_us(40); 
....................       //value = 5*(value1); 
....................       //value = value/1023.0; 
....................       value = 50; 
*
14E0:  MOVLW  32
14E2:  MOVWF  48
....................       printf("A+0+%i*",value); 
14E4:  MOVLW  74
14E6:  MOVWF  FF6
14E8:  MOVLW  07
14EA:  MOVWF  FF7
14EC:  MOVLW  04
14EE:  MOVLB  5
14F0:  MOVWF  x19
14F2:  MOVLB  0
14F4:  CALL   0416
14F8:  MOVFF  48,509
14FC:  MOVLW  18
14FE:  MOVLB  5
1500:  MOVWF  x0A
1502:  MOVLB  0
1504:  CALL   046C
1508:  MOVLW  2A
150A:  BTFSS  F9E.4
150C:  BRA    150A
150E:  MOVWF  FAD
....................       //delay_ms(50); 
....................       comando = 'D'; 
1510:  MOVLW  44
1512:  MOVWF  57
....................       valor2 = 9; 
1514:  MOVLW  09
1516:  MOVWF  33
1518:  BRA    14E0
....................    } 
151A:  RETURN 0
.................... } 
....................  
....................  
....................  
.................... void limpiar_calendario (int mcm){ 
....................    for (int i=0; i<mcm; i++){ 
*
09AA:  MOVLB  5
09AC:  CLRF   x0A
09AE:  MOVF   x09,W
09B0:  SUBWF  x0A,W
09B2:  BC    09C8
....................       Calendario[i] = 0; 
09B4:  MOVLW  0C
09B6:  ADDWF  x0A,W
09B8:  MOVWF  FE9
09BA:  MOVLW  01
09BC:  MOVWF  FEA
09BE:  BTFSC  FD8.0
09C0:  INCF   FEA,F
09C2:  CLRF   FEF
09C4:  INCF   x0A,F
09C6:  BRA    09AE
....................    } 
09C8:  MOVLB  0
09CA:  GOTO   4164 (RETURN)
.................... } 
....................  
.................... void cargar_proceso(int idp, int prioridad) 
.................... { 
....................     colap[np]=idp-1; 
*
089E:  CLRF   03
08A0:  MOVF   17,W
08A2:  ADDLW  18
08A4:  MOVWF  FE9
08A6:  MOVLW  00
08A8:  ADDWFC 03,W
08AA:  MOVWF  FEA
08AC:  MOVLW  01
08AE:  MOVLB  5
08B0:  SUBWF  x0A,W
08B2:  MOVWF  FEF
....................     vpcb[idp-1].estado=1; 
08B4:  MOVLW  01
08B6:  SUBWF  x0A,W
08B8:  MULLW  12
08BA:  MOVF   FF3,W
08BC:  CLRF   x0D
08BE:  MOVWF  x0C
08C0:  MOVLW  0C
08C2:  ADDWF  x0C,W
08C4:  MOVWF  01
08C6:  MOVLW  00
08C8:  ADDWFC x0D,W
08CA:  MOVWF  03
08CC:  MOVF   01,W
08CE:  ADDLW  58
08D0:  MOVWF  FE9
08D2:  MOVLW  00
08D4:  ADDWFC 03,W
08D6:  MOVWF  FEA
08D8:  MOVLW  01
08DA:  MOVWF  FEF
....................     vpcb[idp-1].prioridad =prioridad; 
08DC:  SUBWF  x0A,W
08DE:  MULLW  12
08E0:  MOVF   FF3,W
08E2:  CLRF   x0D
08E4:  MOVWF  x0C
08E6:  MOVLW  11
08E8:  ADDWF  x0C,W
08EA:  MOVWF  01
08EC:  MOVLW  00
08EE:  ADDWFC x0D,W
08F0:  MOVWF  03
08F2:  MOVF   01,W
08F4:  ADDLW  58
08F6:  MOVWF  FE9
08F8:  MOVLW  00
08FA:  ADDWFC 03,W
08FC:  MOVWF  FEA
08FE:  MOVFF  50B,FEF
....................     proceso=10; 
0902:  MOVLW  0A
0904:  MOVWF  32
....................     np++; 
0906:  INCF   17,F
0908:  MOVLB  0
090A:  RETURN 0
.................... } 
....................  
.................... void descargar_proceso(int idp) 
.................... { 
....................    int s,d,f; 
....................    for(s=0;s<np;s++) 
090C:  MOVLB  5
090E:  CLRF   x0A
0910:  MOVF   17,W
0912:  SUBWF  x0A,W
0914:  BC    0938
....................       {if(colap[s]==idp-1) 
0916:  CLRF   03
0918:  MOVF   x0A,W
091A:  ADDLW  18
091C:  MOVWF  FE9
091E:  MOVLW  00
0920:  ADDWFC 03,W
0922:  MOVWF  FEA
0924:  MOVFF  FEF,50D
0928:  MOVLW  01
092A:  SUBWF  x09,W
092C:  SUBWF  x0D,W
092E:  BNZ   0934
....................          {d=s;} 
0930:  MOVFF  50A,50B
0934:  INCF   x0A,F
0936:  BRA    0910
....................       } 
....................    f=np-1; 
0938:  MOVLW  01
093A:  SUBWF  17,W
093C:  MOVWF  x0C
....................    for(s=d;s<f;s++) 
093E:  MOVFF  50B,50A
0942:  MOVF   x0C,W
0944:  SUBWF  x0A,W
0946:  BC    097C
....................       {colap[s]=colap[s+1]; 
0948:  CLRF   03
094A:  MOVF   x0A,W
094C:  ADDLW  18
094E:  MOVWF  01
0950:  MOVLW  00
0952:  ADDWFC 03,F
0954:  MOVFF  03,50E
0958:  MOVLW  01
095A:  ADDWF  x0A,W
095C:  CLRF   03
095E:  ADDLW  18
0960:  MOVWF  FE9
0962:  MOVLW  00
0964:  ADDWFC 03,W
0966:  MOVWF  FEA
0968:  MOVFF  FEF,50F
096C:  MOVFF  50E,FEA
0970:  MOVFF  01,FE9
0974:  MOVFF  50F,FEF
0978:  INCF   x0A,F
097A:  BRA    0942
....................       } 
....................    np--;    
097C:  DECF   17,F
....................    vpcb[idp-1].estado=0; 
097E:  MOVLW  01
0980:  SUBWF  x09,W
0982:  MULLW  12
0984:  MOVF   FF3,W
0986:  CLRF   x0E
0988:  MOVWF  x0D
098A:  MOVLW  0C
098C:  ADDWF  x0D,W
098E:  MOVWF  01
0990:  MOVLW  00
0992:  ADDWFC x0E,W
0994:  MOVWF  03
0996:  MOVF   01,W
0998:  ADDLW  58
099A:  MOVWF  FE9
099C:  MOVLW  00
099E:  ADDWFC 03,W
09A0:  MOVWF  FEA
09A2:  CLRF   FEF
....................    proceso=0; 
09A4:  CLRF   32
09A6:  MOVLB  0
09A8:  RETURN 0
.................... } 
....................  
.................... void Port_Init() 
.................... { 
....................    set_tris_b(0x00); 
*
0A68:  MOVLW  00
0A6A:  MOVWF  F93
....................    set_tris_d(0x00); 
0A6C:  MOVWF  F95
....................    set_tris_a(0x00); 
0A6E:  MOVWF  F92
....................    output_b(0x00); 
0A70:  CLRF   F8A
....................    output_d(0x00); 
0A72:  CLRF   F8C
....................    output_a(0x00); 
0A74:  CLRF   F89
0A76:  GOTO   0BEA (RETURN)
.................... } 
....................  
.................... void Config_TMR0() 
.................... { 
....................    T0CON=0b10000111; 
*
0BD6:  MOVLW  87
0BD8:  MOVWF  FD5
0BDA:  GOTO   0BF0 (RETURN)
....................  
.................... } 
....................  
.................... void Procesos_Init() 
.................... { 
....................    //Programa 1 
....................    vpcb[0].di=0x1000; 
*
0A7A:  CLRF   5B
0A7C:  CLRF   5A
0A7E:  MOVLW  10
0A80:  MOVWF  59
0A82:  CLRF   58
....................    vpcb[0].da=0x1000;    
0A84:  CLRF   x63
0A86:  CLRF   x62
0A88:  MOVWF  x61
0A8A:  CLRF   x60
....................    vpcb[0].df=0x1044; 
0A8C:  CLRF   5F
0A8E:  CLRF   5E
0A90:  MOVWF  5D
0A92:  MOVLW  44
0A94:  MOVWF  5C
....................    //Programa 2 
....................    vpcb[1].di=0x1046; 
0A96:  CLRF   x6D
0A98:  CLRF   x6C
0A9A:  MOVLW  10
0A9C:  MOVWF  x6B
0A9E:  MOVLW  46
0AA0:  MOVWF  x6A
....................    vpcb[1].da=0x1046; 
0AA2:  CLRF   x75
0AA4:  CLRF   x74
0AA6:  MOVLW  10
0AA8:  MOVWF  x73
0AAA:  MOVLW  46
0AAC:  MOVWF  x72
....................    vpcb[1].df=0x1090; 
0AAE:  CLRF   x71
0AB0:  CLRF   x70
0AB2:  MOVLW  10
0AB4:  MOVWF  x6F
0AB6:  MOVLW  90
0AB8:  MOVWF  x6E
....................    //Programa 3 
....................    vpcb[2].di=0x1092; 
0ABA:  CLRF   x7F
0ABC:  CLRF   x7E
0ABE:  MOVLW  10
0AC0:  MOVWF  x7D
0AC2:  MOVLW  92
0AC4:  MOVWF  x7C
....................    vpcb[2].da=0x1092; 
0AC6:  CLRF   x87
0AC8:  CLRF   x86
0ACA:  MOVLW  10
0ACC:  MOVWF  x85
0ACE:  MOVLW  92
0AD0:  MOVWF  x84
....................    vpcb[2].df=0x10D6; 
0AD2:  CLRF   x83
0AD4:  CLRF   x82
0AD6:  MOVLW  10
0AD8:  MOVWF  x81
0ADA:  MOVLW  D6
0ADC:  MOVWF  x80
....................    //Programa 4 
....................    vpcb[3].di=0x10D8; 
0ADE:  CLRF   x91
0AE0:  CLRF   x90
0AE2:  MOVLW  10
0AE4:  MOVWF  x8F
0AE6:  MOVLW  D8
0AE8:  MOVWF  x8E
....................    vpcb[3].da=0x10D8; 
0AEA:  CLRF   x99
0AEC:  CLRF   x98
0AEE:  MOVLW  10
0AF0:  MOVWF  x97
0AF2:  MOVLW  D8
0AF4:  MOVWF  x96
....................    vpcb[3].df=0x11D8; 
0AF6:  CLRF   x95
0AF8:  CLRF   x94
0AFA:  MOVLW  11
0AFC:  MOVWF  x93
0AFE:  MOVLW  D8
0B00:  MOVWF  x92
....................    //Programa 5 
....................    vpcb[4].di=0x11DA; 
0B02:  CLRF   xA3
0B04:  CLRF   xA2
0B06:  MOVLW  11
0B08:  MOVWF  xA1
0B0A:  MOVLW  DA
0B0C:  MOVWF  xA0
....................    vpcb[4].da=0x11DA; 
0B0E:  CLRF   xAB
0B10:  CLRF   xAA
0B12:  MOVLW  11
0B14:  MOVWF  xA9
0B16:  MOVLW  DA
0B18:  MOVWF  xA8
....................    vpcb[4].df=0x12DA; 
0B1A:  CLRF   xA7
0B1C:  CLRF   xA6
0B1E:  MOVLW  12
0B20:  MOVWF  xA5
0B22:  MOVLW  DA
0B24:  MOVWF  xA4
....................    //Programa 6 
....................    vpcb[5].di=0x12DC; 
0B26:  CLRF   xB5
0B28:  CLRF   xB4
0B2A:  MOVLW  12
0B2C:  MOVWF  xB3
0B2E:  MOVLW  DC
0B30:  MOVWF  xB2
....................    vpcb[5].da=0x12DC; 
0B32:  CLRF   xBD
0B34:  CLRF   xBC
0B36:  MOVLW  12
0B38:  MOVWF  xBB
0B3A:  MOVLW  DC
0B3C:  MOVWF  xBA
....................    vpcb[5].df=0x13DC; 
0B3E:  CLRF   xB9
0B40:  CLRF   xB8
0B42:  MOVLW  13
0B44:  MOVWF  xB7
0B46:  MOVLW  DC
0B48:  MOVWF  xB6
....................    //Programa 7 
....................    vpcb[6].di=0x13DE; 
0B4A:  CLRF   xC7
0B4C:  CLRF   xC6
0B4E:  MOVLW  13
0B50:  MOVWF  xC5
0B52:  MOVLW  DE
0B54:  MOVWF  xC4
....................    vpcb[6].da=0x13DE; 
0B56:  CLRF   xCF
0B58:  CLRF   xCE
0B5A:  MOVLW  13
0B5C:  MOVWF  xCD
0B5E:  MOVLW  DE
0B60:  MOVWF  xCC
....................    vpcb[6].df=0x14DE; 
0B62:  CLRF   xCB
0B64:  CLRF   xCA
0B66:  MOVLW  14
0B68:  MOVWF  xC9
0B6A:  MOVLW  DE
0B6C:  MOVWF  xC8
....................    //Programa 8 
....................    vpcb[7].di=0x2502; 
0B6E:  CLRF   xD9
0B70:  CLRF   xD8
0B72:  MOVLW  25
0B74:  MOVWF  xD7
0B76:  MOVLW  02
0B78:  MOVWF  xD6
....................    vpcb[7].da=0x2502; 
0B7A:  CLRF   xE1
0B7C:  CLRF   xE0
0B7E:  MOVLW  25
0B80:  MOVWF  xDF
0B82:  MOVLW  02
0B84:  MOVWF  xDE
....................    vpcb[7].df=0x2850; 
0B86:  CLRF   xDD
0B88:  CLRF   xDC
0B8A:  MOVLW  28
0B8C:  MOVWF  xDB
0B8E:  MOVLW  50
0B90:  MOVWF  xDA
....................    //Programa 9 
....................    vpcb[8].di=0x14E0; 
0B92:  CLRF   xEB
0B94:  CLRF   xEA
0B96:  MOVLW  14
0B98:  MOVWF  xE9
0B9A:  MOVLW  E0
0B9C:  MOVWF  xE8
....................    vpcb[8].da=0x14E0; 
0B9E:  CLRF   xF3
0BA0:  CLRF   xF2
0BA2:  MOVLW  14
0BA4:  MOVWF  xF1
0BA6:  MOVLW  E0
0BA8:  MOVWF  xF0
....................    vpcb[8].df=0x1605; 
0BAA:  CLRF   xEF
0BAC:  CLRF   xEE
0BAE:  MOVLW  16
0BB0:  MOVWF  xED
0BB2:  MOVLW  05
0BB4:  MOVWF  xEC
....................     
....................    vpcb[0].estado=0; 
0BB6:  CLRF   x64
....................    vpcb[1].estado=0; 
0BB8:  CLRF   x76
....................    vpcb[2].estado=0; 
0BBA:  CLRF   x88
....................    vpcb[3].estado=0; 
0BBC:  CLRF   x9A
....................    vpcb[4].estado=0; 
0BBE:  CLRF   xAC
....................    vpcb[5].estado=0; 
0BC0:  CLRF   xBE
....................    vpcb[6].estado=0; 
0BC2:  CLRF   xD0
....................    vpcb[7].estado=0; 
0BC4:  CLRF   xE2
....................    vpcb[8].estado=0; 
0BC6:  CLRF   xF4
0BC8:  GOTO   0BEC (RETURN)
....................     
.................... } 
....................  
.................... void MCU_Init() 
.................... { 
....................    printf("Conectado.............*"); 
*
0BDE:  MOVLW  7C
0BE0:  MOVWF  FF6
0BE2:  MOVLW  07
0BE4:  MOVWF  FF7
0BE6:  RCALL  0532
....................    Port_Init(); 
0BE8:  BRA    0A68
....................    Procesos_Init(); 
0BEA:  BRA    0A7A
....................    inte_Init(); 
0BEC:  BRA    0BCC
....................    Config_TMR0(); 
0BEE:  BRA    0BD6
....................    setup_spi(FALSE); 
0BF0:  CLRF   FC6
....................    setup_psp(PSP_DISABLED); 
0BF2:  BCF    F96.4
....................    setup_comparator(NC_NC_NC_NC); 
0BF4:  MOVLW  07
0BF6:  MOVWF  FB4
0BF8:  MOVF   F92,W
0BFA:  MOVWF  F92
0BFC:  MOVLW  07
0BFE:  MOVWF  00
0C00:  DECFSZ 00,F
0C02:  BRA    0C00
0C04:  BRA    0C06
0C06:  NOP   
0C08:  MOVF   FB4,W
0C0A:  BCF    FA1.6
....................    setup_vref(FALSE); 
0C0C:  CLRF   FB5
....................    port_b_pullups(FALSE); 
0C0E:  BSF    FF1.7
0C10:  GOTO   0C5C (RETURN)
.................... } 
....................  
....................  
.................... #ORG 0x4000, 0x4FFE 
.................... void Inicio_SO() 
.................... { 
....................    while (TRUE) 
....................    {        
....................       if(flagcmd){ 
*
4000:  BTFSS  31.1
4002:  BRA    4008
....................          procesa_cmd(); 
4004:  GOTO   07BA
....................       } 
....................       switch(comando) 
4008:  MOVLW  43
400A:  SUBWF  57,W
400C:  ADDLW  EA
400E:  BTFSC  FD8.0
4010:  BRA    4262
4012:  ADDLW  16
4014:  GOTO   09CE
....................       { 
....................          case 'C': {    // Cargar proceso especifico 
....................                      if (valor2<9) cargar_proceso(valor2 , 1); 
4018:  MOVF   33,W
401A:  SUBLW  08
401C:  BNC   402E
401E:  MOVFF  33,50A
4022:  MOVLW  01
4024:  MOVLB  5
4026:  MOVWF  x0B
4028:  MOVLB  0
402A:  CALL   089E
....................                      printf("C+%i*", valor2); 
402E:  MOVLW  43
4030:  BTFSS  F9E.4
4032:  BRA    4030
4034:  MOVWF  FAD
4036:  MOVLW  2B
4038:  BTFSS  F9E.4
403A:  BRA    4038
403C:  MOVWF  FAD
403E:  MOVFF  33,509
4042:  MOVLW  18
4044:  MOVLB  5
4046:  MOVWF  x0A
4048:  MOVLB  0
404A:  CALL   046C
404E:  MOVLW  2A
4050:  BTFSS  F9E.4
4052:  BRA    4050
4054:  MOVWF  FAD
....................                      delay_us(100); 
4056:  MOVLW  52
4058:  MOVWF  00
405A:  DECFSZ 00,F
405C:  BRA    405A
405E:  BRA    4060
4060:  NOP   
....................                      break; 
4062:  BRA    4262
....................                    } 
....................          case 'D': {    // Descargar proceso especifico 
....................                      if (valor2<9) descargar_proceso(valor2); 
4064:  MOVF   33,W
4066:  SUBLW  08
4068:  BNC   4072
406A:  MOVFF  33,509
406E:  CALL   090C
....................                      printf("D+%i*", valor2); 
4072:  MOVLW  44
4074:  BTFSS  F9E.4
4076:  BRA    4074
4078:  MOVWF  FAD
407A:  MOVLW  2B
407C:  BTFSS  F9E.4
407E:  BRA    407C
4080:  MOVWF  FAD
4082:  MOVFF  33,509
4086:  MOVLW  18
4088:  MOVLB  5
408A:  MOVWF  x0A
408C:  MOVLB  0
408E:  CALL   046C
4092:  MOVLW  2A
4094:  BTFSS  F9E.4
4096:  BRA    4094
4098:  MOVWF  FAD
....................                      delay_us(100); 
409A:  MOVLW  52
409C:  MOVWF  00
409E:  DECFSZ 00,F
40A0:  BRA    409E
40A2:  BRA    40A4
40A4:  NOP   
....................                      break; 
40A6:  BRA    4262
....................                    } 
....................          case 'U': {    // Cargar procesos 1-6 
....................                      for (m=1;m<4;m++) {cargar_proceso(m , 1);} 
40A8:  MOVLW  01
40AA:  MOVWF  1E
40AC:  MOVF   1E,W
40AE:  SUBLW  03
40B0:  BNC   40C6
40B2:  MOVFF  1E,50A
40B6:  MOVLW  01
40B8:  MOVLB  5
40BA:  MOVWF  x0B
40BC:  MOVLB  0
40BE:  CALL   089E
40C2:  INCF   1E,F
40C4:  BRA    40AC
....................                      break; 
40C6:  BRA    4262
....................                    } 
....................          case 'X': {    // Descargar procesos 1-6 
....................                      for (m=1;m<4;m++) {descargar_proceso(m);} 
40C8:  MOVLW  01
40CA:  MOVWF  1E
40CC:  MOVF   1E,W
40CE:  SUBLW  03
40D0:  BNC   40DE
40D2:  MOVFF  1E,509
40D6:  CALL   090C
40DA:  INCF   1E,F
40DC:  BRA    40CC
....................                      break; 
40DE:  BRA    4262
....................                    } 
....................          case 'M': {    // iniciar/detener carga del calendario 
....................                      if (valor2 == 0) { 
40E0:  MOVF   33,F
40E2:  BNZ   4172
....................                         estado_calendario = 3; 
40E4:  MOVLW  03
40E6:  MOVLB  4
40E8:  MOVWF  xF6
....................                         mcm = val3+(val2*10)+(val1*100); 
40EA:  MOVFF  3B,51C
40EE:  MOVFF  3A,51B
40F2:  MOVFF  39,51A
40F6:  MOVFF  38,519
40FA:  MOVLB  5
40FC:  CLRF   x20
40FE:  CLRF   x1F
4100:  CLRF   x1E
4102:  MOVLW  0A
4104:  MOVWF  x1D
4106:  MOVLB  0
4108:  CALL   0554
410C:  MOVF   00,W
410E:  ADDWF  3C,W
4110:  MOVLB  5
4112:  MOVWF  x09
4114:  MOVF   01,W
4116:  ADDWFC 3D,W
4118:  MOVWF  x0A
411A:  MOVF   02,W
411C:  ADDWFC 3E,W
411E:  MOVWF  x0B
4120:  MOVF   03,W
4122:  ADDWFC 3F,W
4124:  MOVWF  x0C
4126:  MOVFF  37,51C
412A:  MOVFF  36,51B
412E:  MOVFF  35,51A
4132:  MOVFF  34,519
4136:  CLRF   x20
4138:  CLRF   x1F
413A:  CLRF   x1E
413C:  MOVLW  64
413E:  MOVWF  x1D
4140:  MOVLB  0
4142:  CALL   0554
4146:  MOVF   00,W
4148:  MOVLB  5
414A:  ADDWF  x09,W
414C:  MOVLB  4
414E:  MOVWF  xF8
4150:  MOVF   01,W
4152:  MOVLB  5
4154:  ADDWFC x0A,W
4156:  MOVLB  4
4158:  MOVWF  xF9
....................                         limpiar_calendario (mcm); 
415A:  MOVFF  4F8,509
415E:  MOVLB  0
4160:  GOTO   09AA
....................                         printf("M+0*"); 
4164:  MOVLW  1E
4166:  MOVWF  FF6
4168:  MOVLW  0A
416A:  MOVWF  FF7
416C:  CALL   0532
....................                      } else if ( valor2 == 1 ){ 
4170:  BRA    4188
4172:  DECFSZ 33,W
4174:  BRA    4188
....................                         estado_calendario = 0; 
4176:  MOVLB  4
4178:  CLRF   xF6
....................                         printf("M+1*"); 
417A:  MOVLW  24
417C:  MOVWF  FF6
417E:  MOVLW  0A
4180:  MOVWF  FF7
4182:  MOVLB  0
4184:  CALL   0532
....................                      } 
....................                      break; 
4188:  BRA    4262
....................                    } 
....................          case 'P': {    // Guardar un proceso en el calendario 
....................                      int pos; 
....................                      pos = val3+(val2*10)+(val1*100); 
418A:  MOVFF  3B,51C
418E:  MOVFF  3A,51B
4192:  MOVFF  39,51A
4196:  MOVFF  38,519
419A:  MOVLB  5
419C:  CLRF   x20
419E:  CLRF   x1F
41A0:  CLRF   x1E
41A2:  MOVLW  0A
41A4:  MOVWF  x1D
41A6:  MOVLB  0
41A8:  CALL   0554
41AC:  MOVF   00,W
41AE:  ADDWF  3C,W
41B0:  MOVLB  5
41B2:  MOVWF  x09
41B4:  MOVF   01,W
41B6:  ADDWFC 3D,W
41B8:  MOVWF  x0A
41BA:  MOVF   02,W
41BC:  ADDWFC 3E,W
41BE:  MOVWF  x0B
41C0:  MOVF   03,W
41C2:  ADDWFC 3F,W
41C4:  MOVWF  x0C
41C6:  MOVFF  37,51C
41CA:  MOVFF  36,51B
41CE:  MOVFF  35,51A
41D2:  MOVFF  34,519
41D6:  CLRF   x20
41D8:  CLRF   x1F
41DA:  CLRF   x1E
41DC:  MOVLW  64
41DE:  MOVWF  x1D
41E0:  MOVLB  0
41E2:  CALL   0554
41E6:  MOVF   00,W
41E8:  MOVLB  5
41EA:  ADDWF  x09,W
41EC:  MOVWF  x08
....................                      Calendario[pos] = valor2; 
41EE:  MOVLW  0C
41F0:  ADDWF  x08,W
41F2:  MOVWF  FE9
41F4:  MOVLW  01
41F6:  MOVWF  FEA
41F8:  BTFSC  FD8.0
41FA:  INCF   FEA,F
41FC:  MOVFF  33,FEF
....................                      printf("P+%i*",valor2); 
4200:  MOVLW  50
4202:  BTFSS  F9E.4
4204:  BRA    4202
4206:  MOVWF  FAD
4208:  MOVLW  2B
420A:  BTFSS  F9E.4
420C:  BRA    420A
420E:  MOVWF  FAD
4210:  MOVFF  33,509
4214:  MOVLW  18
4216:  MOVWF  x0A
4218:  MOVLB  0
421A:  CALL   046C
421E:  MOVLW  2A
4220:  BTFSS  F9E.4
4222:  BRA    4220
4224:  MOVWF  FAD
....................                      break; 
4226:  BRA    4262
....................                    } 
....................          case 'T': {    // Ejecutar calendario 
....................                      estado_calendario = 1; 
4228:  MOVLW  01
422A:  MOVLB  4
422C:  MOVWF  xF6
....................                      reloj = 0; 
422E:  CLRF   xF5
4230:  CLRF   xF4
....................                      printf("T+1*"); 
4232:  MOVLW  2A
4234:  MOVWF  FF6
4236:  MOVLW  0A
4238:  MOVWF  FF7
423A:  MOVLB  0
423C:  CALL   0532
....................                      break; 
4240:  BRA    4262
....................                    } 
....................          case 'R': {    // Detener Calendario 
....................                      estado_calendario = 0; 
4242:  MOVLB  4
4244:  CLRF   xF6
....................                      printf("R+1*"); 
4246:  MOVLW  30
4248:  MOVWF  FF6
424A:  MOVLW  0A
424C:  MOVWF  FF7
424E:  MOVLB  0
4250:  CALL   0532
....................                      break; 
4254:  BRA    4262
....................                    } 
....................          case 'V': {    // Version 
....................                      printf("Version del Sistema: V3.0*"); 
4256:  MOVLW  36
4258:  MOVWF  FF6
425A:  MOVLW  0A
425C:  MOVWF  FF7
425E:  CALL   0532
....................                      break; 
....................                    } 
....................       } 
....................       comando='-'; 
4262:  MOVLW  2D
4264:  MOVWF  57
....................       valor2=100; 
4266:  MOVLW  64
4268:  MOVWF  33
....................       if (estado_calendario == 1){ 
426A:  MOVLB  4
426C:  DECFSZ xF6,W
426E:  BRA    42A2
....................          if (Calendario[reloj] != 0){ 
4270:  MOVLW  0C
4272:  ADDWF  xF4,W
4274:  MOVWF  FE9
4276:  MOVLW  01
4278:  ADDWFC xF5,W
427A:  MOVWF  FEA
427C:  MOVF   FEF,F
427E:  BZ    42A2
....................             cargar_proceso(Calendario[reloj] , 2); 
4280:  MOVLW  0C
4282:  ADDWF  xF4,W
4284:  MOVWF  FE9
4286:  MOVLW  01
4288:  ADDWFC xF5,W
428A:  MOVWF  FEA
428C:  MOVFF  FEF,509
4290:  MOVFF  509,50A
4294:  MOVLW  02
4296:  MOVLB  5
4298:  MOVWF  x0B
429A:  MOVLB  0
429C:  CALL   089E
42A0:  MOVLB  4
....................          } 
....................       } 
....................       if(np>0) 
42A2:  MOVF   17,F
42A4:  BZ    4398
....................       { 
....................          if(vpcb[colap[0]].estado==1) 
42A6:  MOVF   18,W
42A8:  MULLW  12
42AA:  MOVF   FF3,W
42AC:  MOVLB  5
42AE:  CLRF   x0A
42B0:  MOVWF  x09
42B2:  MOVLW  0C
42B4:  ADDWF  x09,W
42B6:  MOVWF  01
42B8:  MOVLW  00
42BA:  ADDWFC x0A,W
42BC:  MOVWF  03
42BE:  MOVF   01,W
42C0:  ADDLW  58
42C2:  MOVWF  FE9
42C4:  MOVLW  00
42C6:  ADDWFC 03,W
42C8:  MOVWF  FEA
42CA:  DECFSZ FEF,W
42CC:  BRA    432E
....................             {activar_timer(); 
42CE:  MOVLB  0
42D0:  CALL   0700
....................              vpcb[colap[0]].estado=2; 
42D4:  MOVF   18,W
42D6:  MULLW  12
42D8:  MOVF   FF3,W
42DA:  MOVLB  5
42DC:  CLRF   x0A
42DE:  MOVWF  x09
42E0:  MOVLW  0C
42E2:  ADDWF  x09,W
42E4:  MOVWF  01
42E6:  MOVLW  00
42E8:  ADDWFC x0A,W
42EA:  MOVWF  03
42EC:  MOVF   01,W
42EE:  ADDLW  58
42F0:  MOVWF  FE9
42F2:  MOVLW  00
42F4:  ADDWFC 03,W
42F6:  MOVWF  FEA
42F8:  MOVLW  02
42FA:  MOVWF  FEF
....................              goto_address(vpcb[colap[0]].di); 
42FC:  MOVF   18,W
42FE:  MULLW  12
4300:  MOVF   FF3,W
4302:  CLRF   x0A
4304:  MOVWF  x09
4306:  MOVLW  58
4308:  ADDWF  x09,W
430A:  MOVWF  FE9
430C:  MOVLW  00
430E:  ADDWFC x0A,W
4310:  MOVWF  FEA
4312:  MOVFF  FEF,50B
4316:  MOVFF  FEC,50C
431A:  MOVFF  FEC,50D
431E:  MOVFF  FEC,50E
4322:  MOVFF  50C,FFA
4326:  MOVFF  50B,FE8
432A:  MOVWF  FF9
....................             } 
432C:  BRA    4398
....................          else 
....................             {wreg=vpcb[colap[0]].wreg; 
432E:  MOVF   18,W
4330:  MULLW  12
4332:  MOVF   FF3,W
4334:  CLRF   x0A
4336:  MOVWF  x09
4338:  MOVLW  0D
433A:  ADDWF  x09,W
433C:  MOVWF  01
433E:  MOVLW  00
4340:  ADDWFC x0A,W
4342:  MOVWF  03
4344:  MOVF   01,W
4346:  ADDLW  58
4348:  MOVWF  FE9
434A:  MOVLW  00
434C:  ADDWFC 03,W
434E:  MOVWF  FEA
4350:  MOVFF  FEF,FE8
....................              activar_timer(); 
4354:  MOVLB  0
4356:  CALL   0700
....................              goto_address(vpcb[colap[0]].da); 
435A:  MOVF   18,W
435C:  MULLW  12
435E:  MOVF   FF3,W
4360:  MOVLB  5
4362:  CLRF   x0A
4364:  MOVWF  x09
4366:  MOVLW  08
4368:  ADDWF  x09,W
436A:  MOVWF  01
436C:  MOVLW  00
436E:  ADDWFC x0A,W
4370:  MOVWF  03
4372:  MOVF   01,W
4374:  ADDLW  58
4376:  MOVWF  FE9
4378:  MOVLW  00
437A:  ADDWFC 03,W
437C:  MOVWF  FEA
437E:  MOVFF  FEF,509
4382:  MOVFF  FEC,50A
4386:  MOVFF  FEC,50B
438A:  MOVFF  FEC,50C
438E:  MOVFF  50A,FFA
4392:  MOVFF  509,FE8
4396:  MOVWF  FF9
....................             } 
....................       } 
4398:  MOVLB  0
439A:  BRA    4000
....................    } 
439C:  RETURN 0
.................... } 
....................  
.................... void main(void) 
*
0C14:  CLRF   FF8
0C16:  BCF    FD0.7
0C18:  BSF    07.7
0C1A:  BCF    FB8.3
0C1C:  MOVLW  40
0C1E:  MOVWF  FAF
0C20:  MOVLW  A6
0C22:  MOVWF  FAC
0C24:  MOVLW  90
0C26:  MOVWF  FAB
0C28:  CLRF   17
0C2A:  BCF    31.0
0C2C:  CLRF   33
0C2E:  CLRF   4B
0C30:  CLRF   56
0C32:  BCF    31.1
0C34:  MOVLB  4
0C36:  CLRF   xF5
0C38:  CLRF   xF4
0C3A:  CLRF   xF6
0C3C:  CLRF   xF7
0C3E:  CLRF   xF9
0C40:  CLRF   xF8
0C42:  MOVF   FC1,W
0C44:  ANDLW  C0
0C46:  IORLW  0F
0C48:  MOVWF  FC1
0C4A:  MOVLW  07
0C4C:  MOVWF  FB4
.................... { 
....................    printf("Esperando conexión..*"); 
0C4E:  MOVLW  52
0C50:  MOVWF  FF6
0C52:  MOVLW  0A
0C54:  MOVWF  FF7
0C56:  MOVLB  0
0C58:  RCALL  0532
....................     
....................    MCU_Init(); 
0C5A:  BRA    0BDE
....................    #asm 
....................    call 0x4000 
0C5C:  CALL   4000,1
....................    #endasm 
.................... } 
....................  
0C60:  SLEEP 

Configuration Fuses:
   Word  1: CC27   PLL12 CPUDIV1 USBDIV HS FCMEN IESO
   Word  2: 1E3E   PUT BROWNOUT BORV21 VREGEN NOWDT WDT32768
   Word  3: 0700   CCP2C1 PBADEN LPT1OSC NOMCLR
   Word  4: 00A1   STVREN NOLVP ICSP2 NOXINST NODEBUG
   Word  5: C00F   NOPROTECT NOCPB NOCPD
   Word  6: E00F   NOWRT NOWRTC NOWRTB NOWRTD
   Word  7: 400F   NOEBTR NOEBTRB
