CCS PCH C Compiler, Version 5.008, 5967               09-dic-14 18:24

               Filename:   D:\IGNACIO\ProgramacionGitHub\MT325-TiempoReal\Sistema\Programa PIC\SistemaPIC18f4550\ComunicacionSerial\ComSerial.lst

               ROM used:   5438 bytes (17%)
                           Largest free fragment is 12288
               RAM used:   1279 (62%) at main() level
                           1335 (65%) worst case
               Stack used: 5 locations (2 in main + 3 for interrupts)
               Stack size: 31

*
0000:  GOTO   0C20
*
0008:  MOVWF  04
000A:  MOVFF  FD8,05
000E:  MOVFF  FE0,06
0012:  MOVLB  0
0014:  MOVFF  FE9,0C
0018:  MOVFF  FEA,07
001C:  MOVFF  FE1,08
0020:  MOVFF  FE2,09
0024:  MOVFF  FD9,0A
0028:  MOVFF  FDA,0B
002C:  MOVFF  FF3,12
0030:  MOVFF  FF4,13
0034:  MOVFF  FFA,14
0038:  MOVFF  00,0E
003C:  MOVFF  01,0F
0040:  MOVFF  02,10
0044:  MOVFF  03,11
0048:  BTFSS  FF2.5
004A:  GOTO   0054
004E:  BTFSC  FF2.2
0050:  GOTO   00A6
0054:  BTFSS  F9D.5
0056:  GOTO   0060
005A:  BTFSC  F9E.5
005C:  GOTO   038E
0060:  MOVFF  0E,00
0064:  MOVFF  0F,01
0068:  MOVFF  10,02
006C:  MOVFF  11,03
0070:  MOVFF  0C,FE9
0074:  MOVFF  07,FEA
0078:  BSF    07.7
007A:  MOVFF  08,FE1
007E:  MOVFF  09,FE2
0082:  MOVFF  0A,FD9
0086:  MOVFF  0B,FDA
008A:  MOVFF  12,FF3
008E:  MOVFF  13,FF4
0092:  MOVFF  14,FFA
0096:  MOVF   04,W
0098:  MOVFF  06,FE0
009C:  MOVFF  05,FD8
00A0:  RETFIE 0
.................... #include <18F4550.h> 
.................... //////// Standard Header file for the PIC18F4550 device //////////////// 
.................... #device PIC18F4550 
*
03A4:  TBLRD*+
03A6:  MOVFF  FF6,51F
03AA:  MOVFF  FF7,520
03AE:  MOVF   FF5,W
03B0:  BTFSS  F9E.4
03B2:  BRA    03B0
03B4:  MOVWF  FAD
03B6:  MOVFF  51F,FF6
03BA:  MOVFF  520,FF7
03BE:  MOVLB  5
03C0:  DECFSZ x1E,F
03C2:  BRA    03C6
03C4:  BRA    03CA
03C6:  MOVLB  0
03C8:  BRA    03A4
03CA:  MOVLB  0
03CC:  RETURN 0
03CE:  MOVLB  5
03D0:  MOVF   x15,W
03D2:  CLRF   01
03D4:  SUBWF  x14,W
03D6:  BC    03DE
03D8:  MOVFF  514,00
03DC:  BRA    03F6
03DE:  CLRF   00
03E0:  MOVLW  08
03E2:  MOVWF  x16
03E4:  RLCF   x14,F
03E6:  RLCF   00,F
03E8:  MOVF   x15,W
03EA:  SUBWF  00,W
03EC:  BTFSC  FD8.0
03EE:  MOVWF  00
03F0:  RLCF   01,F
03F2:  DECFSZ x16,F
03F4:  BRA    03E4
03F6:  MOVLB  0
03F8:  RETURN 0
03FA:  MOVF   01,W
03FC:  MOVFF  50D,514
0400:  MOVLW  64
0402:  MOVLB  5
0404:  MOVWF  x15
0406:  MOVLB  0
0408:  RCALL  03CE
040A:  MOVFF  00,50D
040E:  MOVF   01,W
0410:  MOVLW  30
0412:  BNZ   0424
0414:  MOVLB  5
0416:  BTFSS  x0E.1
0418:  BRA    0436
041A:  BTFSC  x0E.3
041C:  BRA    0436
041E:  BTFSC  x0E.4
0420:  MOVLW  20
0422:  BRA    042C
0424:  MOVLB  5
0426:  BCF    x0E.3
0428:  BCF    x0E.4
042A:  BSF    x0E.0
042C:  ADDWF  01,F
042E:  MOVF   01,W
0430:  BTFSS  F9E.4
0432:  BRA    0430
0434:  MOVWF  FAD
0436:  MOVFF  50D,514
043A:  MOVLW  0A
043C:  MOVWF  x15
043E:  MOVLB  0
0440:  RCALL  03CE
0442:  MOVFF  00,50D
0446:  MOVF   01,W
0448:  MOVLW  30
044A:  BNZ   045C
044C:  MOVLB  5
044E:  BTFSC  x0E.3
0450:  BRA    0468
0452:  BTFSS  x0E.0
0454:  BRA    0468
0456:  BTFSC  x0E.4
0458:  MOVLW  20
045A:  MOVLB  0
045C:  ADDWF  01,F
045E:  MOVF   01,W
0460:  BTFSS  F9E.4
0462:  BRA    0460
0464:  MOVWF  FAD
0466:  MOVLB  5
0468:  MOVLW  30
046A:  ADDWF  x0D,F
046C:  MOVF   x0D,W
046E:  BTFSS  F9E.4
0470:  BRA    046E
0472:  MOVWF  FAD
0474:  MOVLB  0
0476:  RETURN 0
0478:  DATA 41,2B
047A:  DATA 30,2B
047C:  DATA 25,75
047E:  DATA 2A,00
0480:  DATA 41,2B
0482:  DATA 31,2B
0484:  DATA 25,75
0486:  DATA 2A,00
0488:  TBLRD*+
048A:  MOVF   FF5,F
048C:  BZ    04A8
048E:  MOVFF  FF6,51E
0492:  MOVFF  FF7,51F
0496:  MOVF   FF5,W
0498:  BTFSS  F9E.4
049A:  BRA    0498
049C:  MOVWF  FAD
049E:  MOVFF  51E,FF6
04A2:  MOVFF  51F,FF7
04A6:  BRA    0488
04A8:  RETURN 0
04AA:  MOVLB  5
04AC:  CLRF   x26
04AE:  CLRF   x27
04B0:  MOVLW  01
04B2:  MOVWF  x28
04B4:  CLRF   FDA
04B6:  CLRF   FD9
04B8:  MOVLW  05
04BA:  MOVWF  x2B
04BC:  MOVLW  1E
04BE:  MOVWF  x2A
04C0:  MOVLW  05
04C2:  MOVWF  FEA
04C4:  MOVLW  22
04C6:  MOVWF  FE9
04C8:  MOVFF  52B,FE2
04CC:  MOVFF  52A,FE1
04D0:  MOVFF  528,529
04D4:  BCF    FD8.0
04D6:  MOVF   FE5,W
04D8:  MULWF  FEE
04DA:  MOVF   FF3,W
04DC:  ADDWFC x26,F
04DE:  MOVF   FF4,W
04E0:  ADDWFC x27,F
04E2:  DECFSZ x29,F
04E4:  BRA    04D4
04E6:  MOVFF  526,FDE
04EA:  MOVFF  527,526
04EE:  CLRF   x27
04F0:  BTFSC  FD8.0
04F2:  INCF   x27,F
04F4:  INCF   x2A,F
04F6:  BTFSC  FD8.2
04F8:  INCF   x2B,F
04FA:  INCF   x28,F
04FC:  MOVF   x28,W
04FE:  SUBLW  05
0500:  BNZ   04C0
0502:  MOVLB  0
0504:  RETURN 0
0506:  BTFSC  FD8.1
0508:  BRA    0512
050A:  MOVLW  05
050C:  MOVWF  FEA
050E:  MOVLW  32
0510:  MOVWF  FE9
0512:  CLRF   00
0514:  CLRF   01
0516:  CLRF   02
0518:  CLRF   03
051A:  MOVLB  5
051C:  CLRF   x32
051E:  CLRF   x33
0520:  CLRF   x34
0522:  CLRF   x35
0524:  MOVF   x31,W
0526:  IORWF  x30,W
0528:  IORWF  x2F,W
052A:  IORWF  x2E,W
052C:  BZ    0586
052E:  MOVLW  20
0530:  MOVWF  x36
0532:  BCF    FD8.0
0534:  RLCF   x2A,F
0536:  RLCF   x2B,F
0538:  RLCF   x2C,F
053A:  RLCF   x2D,F
053C:  RLCF   x32,F
053E:  RLCF   x33,F
0540:  RLCF   x34,F
0542:  RLCF   x35,F
0544:  MOVF   x31,W
0546:  SUBWF  x35,W
0548:  BNZ   055A
054A:  MOVF   x30,W
054C:  SUBWF  x34,W
054E:  BNZ   055A
0550:  MOVF   x2F,W
0552:  SUBWF  x33,W
0554:  BNZ   055A
0556:  MOVF   x2E,W
0558:  SUBWF  x32,W
055A:  BNC   057A
055C:  MOVF   x2E,W
055E:  SUBWF  x32,F
0560:  MOVF   x2F,W
0562:  BTFSS  FD8.0
0564:  INCFSZ x2F,W
0566:  SUBWF  x33,F
0568:  MOVF   x30,W
056A:  BTFSS  FD8.0
056C:  INCFSZ x30,W
056E:  SUBWF  x34,F
0570:  MOVF   x31,W
0572:  BTFSS  FD8.0
0574:  INCFSZ x31,W
0576:  SUBWF  x35,F
0578:  BSF    FD8.0
057A:  RLCF   00,F
057C:  RLCF   01,F
057E:  RLCF   02,F
0580:  RLCF   03,F
0582:  DECFSZ x36,F
0584:  BRA    0532
0586:  MOVFF  532,FEF
058A:  MOVFF  533,FEC
058E:  MOVFF  534,FEC
0592:  MOVFF  535,FEC
0596:  MOVLB  0
0598:  RETURN 0
059A:  MOVF   FE9,W
059C:  MOVLB  5
059E:  MOVWF  x22
05A0:  MOVLW  3B
05A2:  MOVWF  x29
05A4:  MOVLW  9A
05A6:  MOVWF  x28
05A8:  MOVLW  CA
05AA:  MOVWF  x27
05AC:  CLRF   x26
05AE:  MOVLW  0A
05B0:  MOVWF  x24
05B2:  BSF    FD8.1
05B4:  MOVLW  05
05B6:  MOVWF  FEA
05B8:  MOVLW  1E
05BA:  MOVWF  FE9
05BC:  MOVFF  521,52D
05C0:  MOVFF  520,52C
05C4:  MOVFF  51F,52B
05C8:  MOVFF  51E,52A
05CC:  MOVFF  529,531
05D0:  MOVFF  528,530
05D4:  MOVFF  527,52F
05D8:  MOVFF  526,52E
05DC:  MOVLB  0
05DE:  RCALL  0506
05E0:  MOVF   01,W
05E2:  MOVF   00,F
05E4:  BNZ   060C
05E6:  MOVLB  5
05E8:  MOVF   x24,W
05EA:  XORLW  01
05EC:  BTFSS  FD8.2
05EE:  BRA    05F4
05F0:  MOVLB  0
05F2:  BRA    060C
05F4:  MOVF   x22,W
05F6:  BZ    0610
05F8:  ANDLW  0F
05FA:  SUBWF  x24,W
05FC:  BZ    0600
05FE:  BC    061C
0600:  BTFSC  x22.7
0602:  BRA    061C
0604:  BTFSC  x22.6
0606:  BRA    0610
0608:  MOVLW  20
060A:  BRA    0612
060C:  MOVLB  5
060E:  CLRF   x22
0610:  MOVLW  30
0612:  ADDWF  00,F
0614:  MOVF   00,W
0616:  BTFSS  F9E.4
0618:  BRA    0616
061A:  MOVWF  FAD
061C:  BCF    FD8.1
061E:  MOVFF  529,52D
0622:  MOVFF  528,52C
0626:  MOVFF  527,52B
062A:  MOVFF  526,52A
062E:  CLRF   x31
0630:  CLRF   x30
0632:  CLRF   x2F
0634:  MOVLW  0A
0636:  MOVWF  x2E
0638:  MOVLB  0
063A:  RCALL  0506
063C:  MOVFF  03,529
0640:  MOVFF  02,528
0644:  MOVFF  01,527
0648:  MOVFF  00,526
064C:  MOVLB  5
064E:  DECFSZ x24,F
0650:  BRA    05B2
0652:  MOVLB  0
0654:  RETURN 0
*
0662:  DATA 7C,20
0664:  DATA 20,20
0666:  DATA 50,72
0668:  DATA 6F,63
066A:  DATA 65,73
066C:  DATA 6F,20
066E:  DATA 20,7C
0670:  DATA 20,20
0672:  DATA 44,69
0674:  DATA 72,2E
0676:  DATA 49,6E
0678:  DATA 69,20
067A:  DATA 20,7C
067C:  DATA 20,20
067E:  DATA 44,69
0680:  DATA 72,2E
0682:  DATA 46,69
0684:  DATA 6E,20
0686:  DATA 20,7C
0688:  DATA 20,20
068A:  DATA 44,69
068C:  DATA 72,2E
068E:  DATA 41,63
0690:  DATA 74,20
0692:  DATA 20,7C
0694:  DATA 2A,00
0696:  DATA 7C,20
0698:  DATA 20,20
069A:  DATA 20,20
069C:  DATA 20,25
069E:  DATA 4C,75
06A0:  DATA 20,20
06A2:  DATA 20,20
06A4:  DATA 20,7C
06A6:  DATA 20,20
06A8:  DATA 20,25
06AA:  DATA 4C,75
06AC:  DATA 20,20
06AE:  DATA 20,20
06B0:  DATA 7C,20
06B2:  DATA 20,20
06B4:  DATA 25,4C
06B6:  DATA 75,20
06B8:  DATA 20,20
06BA:  DATA 20,7C
06BC:  DATA 20,20
06BE:  DATA 20,25
06C0:  DATA 4C,75
06C2:  DATA 20,20
06C4:  DATA 20,20
06C6:  DATA 7C,2A
06C8:  DATA 00,00
06CA:  DATA 43,6F
06CC:  DATA 6E,65
06CE:  DATA 63,74
06D0:  DATA 61,64
06D2:  DATA 6F,2E
06D4:  DATA 2E,2E
06D6:  DATA 2E,2E
06D8:  DATA 2E,2E
06DA:  DATA 2E,2E
06DC:  DATA 2E,2E
06DE:  DATA 2E,2E
06E0:  DATA 2A,00
*
085A:  MOVLW  20
085C:  MOVLB  5
085E:  BTFSS  x0F.4
0860:  MOVLW  30
0862:  MOVWF  x10
0864:  MOVFF  50E,00
0868:  BTFSS  x0E.7
086A:  BRA    087C
086C:  COMF   00,F
086E:  INCF   00,F
0870:  MOVFF  00,50E
0874:  MOVLW  2D
0876:  MOVWF  x10
0878:  BSF    x0F.7
087A:  BSF    x0F.0
087C:  MOVF   01,W
087E:  MOVFF  50E,514
0882:  MOVLW  64
0884:  MOVWF  x15
0886:  MOVLB  0
0888:  RCALL  03CE
088A:  MOVFF  00,50E
088E:  MOVLW  30
0890:  ADDWF  01,W
0892:  MOVLB  5
0894:  MOVWF  x11
0896:  MOVFF  50E,514
089A:  MOVLW  0A
089C:  MOVWF  x15
089E:  MOVLB  0
08A0:  RCALL  03CE
08A2:  MOVLW  30
08A4:  ADDWF  00,W
08A6:  MOVLB  5
08A8:  MOVWF  x13
08AA:  MOVLW  30
08AC:  ADDWF  01,W
08AE:  MOVWF  x12
08B0:  MOVFF  510,00
08B4:  MOVLW  30
08B6:  SUBWF  x11,W
08B8:  BZ    08C2
08BA:  BSF    x0F.1
08BC:  BTFSC  x0F.7
08BE:  BSF    x0F.2
08C0:  BRA    08E6
08C2:  MOVFF  510,511
08C6:  MOVLW  20
08C8:  MOVWF  x10
08CA:  MOVLW  30
08CC:  SUBWF  x12,W
08CE:  BZ    08D8
08D0:  BSF    x0F.0
08D2:  BTFSC  x0F.7
08D4:  BSF    x0F.1
08D6:  BRA    08E6
08D8:  BTFSS  FD8.2
08DA:  BSF    x0F.0
08DC:  BNZ   08E6
08DE:  MOVFF  511,512
08E2:  MOVLW  20
08E4:  MOVWF  x11
08E6:  BTFSC  x0F.2
08E8:  BRA    08F4
08EA:  BTFSC  x0F.1
08EC:  BRA    08FC
08EE:  BTFSC  x0F.0
08F0:  BRA    0904
08F2:  BRA    090C
08F4:  MOVF   x10,W
08F6:  BTFSS  F9E.4
08F8:  BRA    08F6
08FA:  MOVWF  FAD
08FC:  MOVF   x11,W
08FE:  BTFSS  F9E.4
0900:  BRA    08FE
0902:  MOVWF  FAD
0904:  MOVF   x12,W
0906:  BTFSS  F9E.4
0908:  BRA    0906
090A:  MOVWF  FAD
090C:  MOVF   x13,W
090E:  BTFSS  F9E.4
0910:  BRA    090E
0912:  MOVWF  FAD
0914:  MOVLB  0
0916:  RETURN 0
*
09DA:  MOVFF  FF2,0D
09DE:  BCF    FF2.7
09E0:  ADDWF  FE8,W
09E2:  CLRF   FF7
09E4:  RLCF   FF7,F
09E6:  ADDLW  FF
09E8:  MOVWF  FF6
09EA:  MOVLW  09
09EC:  ADDWFC FF7,F
09EE:  TBLRD*-
09F0:  MOVF   FF5,W
09F2:  MOVWF  FFA
09F4:  TBLRD*
09F6:  MOVF   FF5,W
09F8:  BTFSC  0D.7
09FA:  BSF    FF2.7
09FC:  MOVWF  FF9
09FE:  DATA 18,40
0A00:  DATA 64,40
0A02:  DATA 6C,42
0A04:  DATA 6C,42
0A06:  DATA 6C,42
0A08:  DATA 6C,42
0A0A:  DATA 6C,42
0A0C:  DATA 6C,42
0A0E:  DATA 6C,42
0A10:  DATA 6C,42
0A12:  DATA E0,40
0A14:  DATA 6C,42
0A16:  DATA 6C,42
0A18:  DATA 8A,41
0A1A:  DATA 6C,42
0A1C:  DATA 44,42
0A1E:  DATA 6C,42
0A20:  DATA 28,42
0A22:  DATA A8,40
0A24:  DATA 60,42
0A26:  DATA 6C,42
0A28:  DATA C8,40
0A2A:  DATA 4D,2B
0A2C:  DATA 30,2A
0A2E:  DATA 00,00
0A30:  DATA 4D,2B
0A32:  DATA 31,2A
0A34:  DATA 00,00
0A36:  DATA 54,2B
0A38:  DATA 31,2A
0A3A:  DATA 00,00
0A3C:  DATA 52,2B
0A3E:  DATA 31,2A
0A40:  DATA 00,00
0A42:  DATA 56,65
0A44:  DATA 72,73
0A46:  DATA 69,6F
0A48:  DATA 6E,20
0A4A:  DATA 64,65
0A4C:  DATA 6C,20
0A4E:  DATA 53,69
0A50:  DATA 73,74
0A52:  DATA 65,6D
0A54:  DATA 61,3A
0A56:  DATA 20,56
0A58:  DATA 33,2E
0A5A:  DATA 30,2A
0A5C:  DATA 00,00
0A5E:  DATA 45,73
0A60:  DATA 70,65
0A62:  DATA 72,61
0A64:  DATA 6E,64
0A66:  DATA 6F,20
0A68:  DATA 63,6F
0A6A:  DATA 6E,65
0A6C:  DATA 78,69
0A6E:  DATA F3,6E
0A70:  DATA 2E,2E
0A72:  DATA 2A,00
....................  
.................... #list 
....................  
.................... #device adc=8       //Resolucion 8BITS 
.................... #use delay(clock=10000000) 
.................... #use rs232(baud=9600, xmit=PIN_C6,rcv=PIN_C7,bits=8,parity=N) 
.................... #fuses HS,NOPROTECT,NOWDT,NOLVP,CPUDIV1,nomclr 
.................... #define Tiempo 200 
....................  
.................... #use FAST_IO(A)  
.................... #use FAST_IO(B) 
.................... #use FAST_IO(D) 
....................  
.................... #byte T0CON=0xFD5 
.................... #byte wreg=0xFE8 
.................... #byte TOSU=0xFFF 
.................... #byte TOSH=0xFFE 
.................... #byte TOSL=0xFFD 
....................  
.................... int np=0; 
.................... int colap[6]; 
.................... int m,m1; 
.................... int8 i,j; 
....................  
.................... int8 k1,k2,k3,k4,k5,k6,k7,k8; 
.................... int8 l1,l2,l3,l4,l5,l6,l7,l8; 
.................... int cont; 
.................... int1 contar=0; 
....................  
.................... char proceso; 
....................  
.................... int const lenbuff=10; 
.................... int valor2=0; 
.................... int32 val1,val2,val3,val4,val5; 
.................... //int16 quantum=65048; 
....................  
.................... // Lectura ADC 
.................... unsigned int send,send1; 
.................... // PWM 
.................... unsigned int16 numDuty,numDuty1; 
.................... int1 pwmE = 0; 
....................  
....................  
.................... int   xbuff=0x00; 
.................... char  cbuff[lenbuff]; 
.................... char  rcvchar=0x00; 
.................... char  comando; 
.................... int1  flagcmd=0; 
....................  
....................  
.................... struct pcb{ 
.................... int32 di; 
.................... int32 df;  
.................... int32 da; 
.................... int estado;  
.................... int wreg;  
.................... int status; 
.................... int bsr; 
.................... int id; 
.................... int prioridad; 
.................... } vpcb[10]; 
....................  
.................... // ======== VARIABLES DEL CALENDARIO ========== \\ 
.................... // estado_calendario = 0 -->   No ejecutar  
.................... // estado_calendario = 1 -->   Ejecutar  
.................... // estado_calendario = 2 -->   Vacio 
.................... // estado_calendario = 3 -->   Cargando 
....................  
.................... int8 calendario[1000]; 
.................... int16 reloj = 0; 
.................... int estado_calendario = 0; 
.................... int prioridad_act = 0; 
.................... //========================= 
.................... int16 mcm=0; 
.................... //============================= 
....................  
....................  
.................... void activar_timer() 
.................... { 
....................    // set_timer0(65478);    //    para 3ms 
....................    // set_timer0(65438);    //    para 5ms 
....................    // set_timer0(65380);    //    para 8ms 
....................    // set_timer0(65341);    //    para 10ms 
....................    // set_timer0(65282);    //    para 13ms 
....................    // set_timer0(65243);    //    para 15ms 
....................    // set_timer0(65185);    //    para 18ms 
....................    // set_timer0(65146);    //    para 20ms 
....................     set_timer0(65048);    //    para 25ms 
*
0656:  MOVLW  FE
0658:  MOVWF  FD7
065A:  MOVLW  18
065C:  MOVWF  FD6
....................    // set_timer0(64950);    //    para 30ms 
....................    //set_timer0(quantum); 
....................    enable_interrupts(INT_TIMER0); 
065E:  BSF    FF2.5
0660:  RETURN 0
.................... } 
....................  
.................... void desactivar_timer() 
.................... { 
....................    disable_interrupts(INT_TIMER0); 
*
00A2:  BCF    FF2.5
00A4:  RETURN 0
.................... } 
....................  
.................... void addcbuff(char c); 
.................... void mostrar_procesos(); 
.................... void descargar_proceso(int idp); 
.................... void Config_TMR0(); 
....................  
....................  
.................... #INT_TIMER0 
.................... void inter_quantum() 
00A6:  MOVLB  5
00A8:  CLRF   x01
.................... {  int i=0; 
....................    desactivar_timer(); 
00AA:  MOVLB  0
00AC:  RCALL  00A2
....................    output_toggle(PIN_D6); 
00AE:  BTG    F8C.6
....................    // Guardando variables 
....................    vpcb[colap[0]].wreg=wreg; 
00B0:  MOVF   18,W
00B2:  MULLW  12
00B4:  MOVF   FF3,W
00B6:  MOVLB  5
00B8:  CLRF   x03
00BA:  MOVWF  x02
00BC:  MOVLW  0D
00BE:  ADDWF  x02,W
00C0:  MOVWF  01
00C2:  MOVLW  00
00C4:  ADDWFC x03,W
00C6:  MOVWF  03
00C8:  MOVF   01,W
00CA:  ADDLW  5D
00CC:  MOVWF  FE9
00CE:  MOVLW  00
00D0:  ADDWFC 03,W
00D2:  MOVWF  FEA
00D4:  MOVFF  FE8,FEF
....................    vpcb[colap[0]].da=(int32)TOSL; 
00D8:  MOVF   18,W
00DA:  MULLW  12
00DC:  MOVF   FF3,W
00DE:  CLRF   x03
00E0:  MOVWF  x02
00E2:  MOVLW  08
00E4:  ADDWF  x02,W
00E6:  MOVWF  01
00E8:  MOVLW  00
00EA:  ADDWFC x03,W
00EC:  MOVWF  03
00EE:  MOVF   01,W
00F0:  ADDLW  5D
00F2:  MOVWF  FE9
00F4:  MOVLW  00
00F6:  ADDWFC 03,W
00F8:  MOVWF  FEA
00FA:  CLRF   01
00FC:  CLRF   02
00FE:  CLRF   03
0100:  MOVFF  FFD,FEF
0104:  MOVFF  01,FEC
0108:  MOVFF  02,FEC
010C:  MOVFF  03,FEC
....................    vpcb[colap[0]].da=vpcb[colap[0]].da|((int32)TOSH<<8); 
0110:  MOVF   18,W
0112:  MULLW  12
0114:  MOVF   FF3,W
0116:  CLRF   x03
0118:  MOVWF  x02
011A:  MOVLW  08
011C:  ADDWF  x02,W
011E:  MOVWF  01
0120:  MOVLW  00
0122:  ADDWFC x03,W
0124:  MOVWF  03
0126:  MOVF   01,W
0128:  ADDLW  5D
012A:  MOVWF  01
012C:  MOVLW  00
012E:  ADDWFC 03,F
0130:  MOVFF  01,502
0134:  MOVFF  03,503
0138:  MOVF   18,W
013A:  MULLW  12
013C:  MOVF   FF3,W
013E:  CLRF   x05
0140:  MOVWF  x04
0142:  MOVLW  08
0144:  ADDWF  x04,W
0146:  MOVWF  01
0148:  MOVLW  00
014A:  ADDWFC x05,W
014C:  MOVWF  03
014E:  MOVF   01,W
0150:  ADDLW  5D
0152:  MOVWF  FE9
0154:  MOVLW  00
0156:  ADDWFC 03,W
0158:  MOVWF  FEA
015A:  MOVFF  FEF,504
015E:  MOVFF  FEC,505
0162:  MOVFF  FEC,506
0166:  MOVFF  FEC,507
016A:  CLRF   x0A
016C:  CLRF   x09
016E:  CLRF   00
0170:  MOVF   00,W
0172:  IORWF  x04,W
0174:  MOVWF  00
0176:  MOVF   FFE,W
0178:  IORWF  x05,W
017A:  MOVWF  01
017C:  MOVF   x09,W
017E:  IORWF  x06,W
0180:  MOVWF  02
0182:  MOVF   x0A,W
0184:  IORWF  x07,W
0186:  MOVFF  503,FEA
018A:  MOVFF  502,FE9
018E:  MOVFF  00,FEF
0192:  MOVFF  01,FEC
0196:  MOVFF  02,FEC
019A:  MOVWF  FEC
....................    vpcb[colap[0]].da=vpcb[colap[0]].da|((int32)TOSU<<16); 
019C:  MOVF   18,W
019E:  MULLW  12
01A0:  MOVF   FF3,W
01A2:  CLRF   x03
01A4:  MOVWF  x02
01A6:  MOVLW  08
01A8:  ADDWF  x02,W
01AA:  MOVWF  01
01AC:  MOVLW  00
01AE:  ADDWFC x03,W
01B0:  MOVWF  03
01B2:  MOVF   01,W
01B4:  ADDLW  5D
01B6:  MOVWF  01
01B8:  MOVLW  00
01BA:  ADDWFC 03,F
01BC:  MOVFF  01,502
01C0:  MOVFF  03,503
01C4:  MOVF   18,W
01C6:  MULLW  12
01C8:  MOVF   FF3,W
01CA:  CLRF   x05
01CC:  MOVWF  x04
01CE:  MOVLW  08
01D0:  ADDWF  x04,W
01D2:  MOVWF  01
01D4:  MOVLW  00
01D6:  ADDWFC x05,W
01D8:  MOVWF  03
01DA:  MOVF   01,W
01DC:  ADDLW  5D
01DE:  MOVWF  FE9
01E0:  MOVLW  00
01E2:  ADDWFC 03,W
01E4:  MOVWF  FEA
01E6:  MOVFF  FEF,504
01EA:  MOVFF  FEC,505
01EE:  MOVFF  FEC,506
01F2:  MOVFF  FEC,507
01F6:  CLRF   x09
01F8:  CLRF   00
01FA:  CLRF   01
01FC:  MOVF   00,W
01FE:  IORWF  x04,W
0200:  MOVWF  00
0202:  MOVF   01,W
0204:  IORWF  x05,W
0206:  MOVWF  01
0208:  MOVF   FFF,W
020A:  IORWF  x06,W
020C:  MOVWF  02
020E:  MOVF   x09,W
0210:  IORWF  x07,W
0212:  MOVFF  503,FEA
0216:  MOVFF  502,FE9
021A:  MOVFF  00,FEF
021E:  MOVFF  01,FEC
0222:  MOVFF  02,FEC
0226:  MOVWF  FEC
....................     
....................    // corriendo proceso 
....................    if(np>1) 
0228:  MOVF   17,W
022A:  SUBLW  01
022C:  BTFSC  FD8.0
022E:  BRA    0324
....................    {    
....................       prioridad_act = 0; 
0230:  MOVLB  4
0232:  CLRF   xFC
....................       for (i=1; i<np; i++ ){ 
0234:  MOVLW  01
0236:  MOVLB  5
0238:  MOVWF  x01
023A:  MOVF   17,W
023C:  SUBWF  x01,W
023E:  BC    02BA
....................          if (vpcb[colap[i]].prioridad > prioridad_act){ 
0240:  CLRF   03
0242:  MOVF   x01,W
0244:  ADDLW  18
0246:  MOVWF  FE9
0248:  MOVLW  00
024A:  ADDWFC 03,W
024C:  MOVWF  FEA
024E:  MOVF   FEF,W
0250:  MULLW  12
0252:  MOVF   FF3,W
0254:  CLRF   x03
0256:  MOVWF  x02
0258:  MOVLW  11
025A:  ADDWF  x02,W
025C:  MOVWF  01
025E:  MOVLW  00
0260:  ADDWFC x03,W
0262:  MOVWF  03
0264:  MOVF   01,W
0266:  ADDLW  5D
0268:  MOVWF  FE9
026A:  MOVLW  00
026C:  ADDWFC 03,W
026E:  MOVWF  FEA
0270:  MOVF   FEF,W
0272:  MOVLB  4
0274:  SUBWF  xFC,W
0276:  BC    02B4
....................             m1 = i; 
0278:  MOVFF  501,1F
....................             prioridad_act = vpcb[colap[i]].prioridad; 
027C:  CLRF   03
027E:  MOVLB  5
0280:  MOVF   x01,W
0282:  ADDLW  18
0284:  MOVWF  FE9
0286:  MOVLW  00
0288:  ADDWFC 03,W
028A:  MOVWF  FEA
028C:  MOVF   FEF,W
028E:  MULLW  12
0290:  MOVF   FF3,W
0292:  CLRF   x03
0294:  MOVWF  x02
0296:  MOVLW  11
0298:  ADDWF  x02,W
029A:  MOVWF  01
029C:  MOVLW  00
029E:  ADDWFC x03,W
02A0:  MOVWF  03
02A2:  MOVF   01,W
02A4:  ADDLW  5D
02A6:  MOVWF  FE9
02A8:  MOVLW  00
02AA:  ADDWFC 03,W
02AC:  MOVWF  FEA
02AE:  MOVFF  FEF,4FC
02B2:  MOVLB  4
....................          } 
02B4:  MOVLB  5
02B6:  INCF   x01,F
02B8:  BRA    023A
....................       } 
....................        
....................       m=colap[0]; 
02BA:  MOVFF  18,1E
....................       colap[0] = colap[m1]; 
02BE:  CLRF   03
02C0:  MOVF   1F,W
02C2:  ADDLW  18
02C4:  MOVWF  FE9
02C6:  MOVLW  00
02C8:  ADDWFC 03,W
02CA:  MOVWF  FEA
02CC:  MOVFF  FEF,18
....................       for(i=m1;i<np-1;i++) 
02D0:  MOVFF  1F,501
02D4:  MOVLW  01
02D6:  SUBWF  17,W
02D8:  SUBWF  x01,W
02DA:  BC    0310
....................       { 
....................          colap[i]=colap[i+1]; 
02DC:  CLRF   03
02DE:  MOVF   x01,W
02E0:  ADDLW  18
02E2:  MOVWF  01
02E4:  MOVLW  00
02E6:  ADDWFC 03,F
02E8:  MOVFF  03,503
02EC:  MOVLW  01
02EE:  ADDWF  x01,W
02F0:  CLRF   03
02F2:  ADDLW  18
02F4:  MOVWF  FE9
02F6:  MOVLW  00
02F8:  ADDWFC 03,W
02FA:  MOVWF  FEA
02FC:  MOVFF  FEF,504
0300:  MOVFF  503,FEA
0304:  MOVFF  01,FE9
0308:  MOVFF  504,FEF
030C:  INCF   x01,F
030E:  BRA    02D4
....................       } 
....................       colap[np-1]=m; 
0310:  MOVLW  01
0312:  SUBWF  17,W
0314:  CLRF   03
0316:  ADDLW  18
0318:  MOVWF  FE9
031A:  MOVLW  00
031C:  ADDWFC 03,W
031E:  MOVWF  FEA
0320:  MOVFF  1E,FEF
....................    } 
....................     
....................    /*if(contar == 1){ 
....................       cont++; 
....................    }*/ 
....................     
....................    if(estado_calendario == 1){ 
0324:  MOVLB  4
0326:  DECFSZ xFB,W
0328:  BRA    0342
....................       reloj++; 
032A:  INCF   xF9,F
032C:  BTFSC  FD8.2
032E:  INCF   xFA,F
....................       if(reloj >= mcm){ 
0330:  MOVF   xFE,W
0332:  SUBWF  xFA,W
0334:  BNC   0342
0336:  BNZ   033E
0338:  MOVF   xFD,W
033A:  SUBWF  xF9,W
033C:  BNC   0342
....................          reloj = 0; 
033E:  CLRF   xFA
0340:  CLRF   xF9
....................       } 
....................    } 
....................     
....................    //==== PC=S0_Init() ======= 
....................    TOSL=00; 
0342:  CLRF   FFD
....................    TOSH=40; 
0344:  MOVLW  28
0346:  MOVWF  FFE
....................    TOSU=00; 
0348:  CLRF   FFF
034A:  BCF    FF2.2
034C:  MOVLB  0
034E:  GOTO   0060
.................... }  
....................  
.................... void inte_Init()  // interrupcion de puerto serial 
.................... { 
....................    enable_interrupts(GLOBAL); 
*
0BD8:  MOVLW  C0
0BDA:  IORWF  FF2,F
....................    enable_interrupts(INT_RDA); 
0BDC:  BSF    F9D.5
0BDE:  GOTO   0BFA (RETURN)
.................... } 
....................  
....................  
.................... #INT_RDA 
.................... void serial_isr() 
.................... { 
....................    //printf("Recibido");     // se envia por Serial una palabra para verificar interrupcion 
....................    rcvchar = 0x00; 
*
038E:  CLRF   5B
....................    rcvchar = getc();    // se recibe el caracter enviado por la computadora 
0390:  BTFSS  F9E.5
0392:  BRA    0390
0394:  MOVFF  FAE,5B
....................    addcbuff(rcvchar);   // guarda el caracter en un buffer 
0398:  MOVFF  5B,501
039C:  BRA    0352
039E:  BCF    F9E.5
03A0:  GOTO   0060
.................... } 
....................  
.................... void addcbuff(char c)    
.................... { 
....................    switch(c) 
*
0352:  MOVLB  5
0354:  MOVF   x01,W
0356:  XORLW  2A
0358:  MOVLB  0
035A:  BZ    035E
035C:  BRA    0376
....................    { 
....................       case '*':                  // en caso de recibir *, levanta el flag para saber que se termino de enviar un comando. 
....................          cbuff[xbuff++] = c; 
035E:  MOVF   50,W
0360:  INCF   50,F
0362:  CLRF   03
0364:  ADDLW  51
0366:  MOVWF  FE9
0368:  MOVLW  00
036A:  ADDWFC 03,W
036C:  MOVWF  FEA
036E:  MOVFF  501,FEF
....................          flagcmd = 1; 
0372:  BSF    33.2
....................       break; 
0374:  BRA    038A
....................       default: 
....................          cbuff[xbuff++] = c; 
0376:  MOVF   50,W
0378:  INCF   50,F
037A:  CLRF   03
037C:  ADDLW  51
037E:  MOVWF  FE9
0380:  MOVLW  00
0382:  ADDWFC 03,W
0384:  MOVWF  FEA
0386:  MOVFF  501,FEF
....................    } 
038A:  GOTO   039E (RETURN)
.................... } 
....................  
.................... void inicbuff(void)           // inicializa el buffer, limpiandolo 
.................... { 
....................    int i; 
....................    for (i=0; i<lenbuff;i++)       
*
06E2:  MOVLB  5
06E4:  CLRF   x1A
06E6:  MOVF   x1A,W
06E8:  SUBLW  09
06EA:  BNC   0700
....................    { 
....................       cbuff[i] = 0x00; 
06EC:  CLRF   03
06EE:  MOVF   x1A,W
06F0:  ADDLW  51
06F2:  MOVWF  FE9
06F4:  MOVLW  00
06F6:  ADDWFC 03,W
06F8:  MOVWF  FEA
06FA:  CLRF   FEF
06FC:  INCF   x1A,F
06FE:  BRA    06E6
....................    } 
....................    xbuff=0x00; 
0700:  CLRF   50
0702:  MOVLB  0
0704:  GOTO   07C6 (RETURN)
.................... } 
....................  
....................  
.................... void procesa_cmd(void){             // procesa el ultimo comando guardado, un comando esta comprendido entre $ hasta *  
0708:  MOVLB  5
070A:  CLRF   x0F
....................   
....................    int i, j=0;                       
....................    char salida[lenbuff];            // Argumento de comando (si lo tiene) 
....................    disable_interrupts(int_rda);      
070C:  BCF    F9D.5
....................    flagcmd=0;                       // Desactivo flag de comando pendiente. 
070E:  BCF    33.2
....................    for (i=0;i<xbuff;i++) 
0710:  CLRF   x0E
0712:  MOVF   50,W
0714:  SUBWF  x0E,W
0716:  BC    07C2
....................    { 
....................       if (cbuff[i] == '$'){         // verifica que tenga '$' 
0718:  CLRF   03
071A:  MOVF   x0E,W
071C:  ADDLW  51
071E:  MOVWF  FE9
0720:  MOVLW  00
0722:  ADDWFC 03,W
0724:  MOVWF  FEA
0726:  MOVF   FEF,W
0728:  SUBLW  24
072A:  BNZ   07BE
....................          while((cbuff[i] != '*') & (i<xbuff))   // hasta que encuentre * 
072C:  CLRF   03
072E:  MOVF   x0E,W
0730:  ADDLW  51
0732:  MOVWF  FE9
0734:  MOVLW  00
0736:  ADDWFC 03,W
0738:  MOVWF  FEA
073A:  MOVF   FEF,W
073C:  SUBLW  2A
073E:  BNZ   0744
0740:  MOVLW  00
0742:  BRA    0746
0744:  MOVLW  01
0746:  MOVWF  x1A
0748:  MOVF   50,W
074A:  SUBWF  x0E,W
074C:  BNC   0752
074E:  MOVLW  00
0750:  BRA    0754
0752:  MOVLW  01
0754:  ANDWF  x1A,W
0756:  BZ    0790
....................          { 
....................             salida[j++]=cbuff[i++]; 
0758:  MOVF   x0F,W
075A:  INCF   x0F,F
075C:  CLRF   03
075E:  ADDLW  10
0760:  MOVWF  01
0762:  MOVLW  05
0764:  ADDWFC 03,F
0766:  MOVFF  01,51A
076A:  MOVFF  03,51B
076E:  MOVF   x0E,W
0770:  INCF   x0E,F
0772:  CLRF   03
0774:  ADDLW  51
0776:  MOVWF  FE9
0778:  MOVLW  00
077A:  ADDWFC 03,W
077C:  MOVWF  FEA
077E:  MOVFF  FEF,51C
0782:  MOVFF  51B,FEA
0786:  MOVFF  01,FE9
078A:  MOVFF  51C,FEF
078E:  BRA    072C
....................          } 
....................          comando = salida[1]; 
0790:  MOVFF  511,5C
....................          valor2 = salida[2] -'0'; 
0794:  MOVLW  30
0796:  SUBWF  x12,W
0798:  MOVWF  35
....................          val1 = salida[3]-'0'; 
079A:  MOVLW  30
079C:  SUBWF  x13,W
079E:  MOVWF  36
07A0:  CLRF   37
07A2:  CLRF   38
07A4:  CLRF   39
....................          val2 = salida[4]-'0'; 
07A6:  MOVLW  30
07A8:  SUBWF  x14,W
07AA:  MOVWF  3A
07AC:  CLRF   3B
07AE:  CLRF   3C
07B0:  CLRF   3D
....................          val3 = salida[5]-'0'; 
07B2:  MOVLW  30
07B4:  SUBWF  x15,W
07B6:  MOVWF  3E
07B8:  CLRF   3F
07BA:  CLRF   40
07BC:  CLRF   41
....................           
....................       } 
07BE:  INCF   x0E,F
07C0:  BRA    0712
....................    } 
....................    inicbuff();                            // Borro buffer. 
07C2:  MOVLB  0
07C4:  BRA    06E2
....................    for(i=0;i<lenbuff;i++)                 // Bucle que pone a 0 todos los 
07C6:  MOVLB  5
07C8:  CLRF   x0E
07CA:  MOVF   x0E,W
07CC:  SUBLW  09
07CE:  BNC   07E4
....................    { 
....................       salida[i]=0x00;                     // caracteres en el argumento 
07D0:  CLRF   03
07D2:  MOVF   x0E,W
07D4:  ADDLW  10
07D6:  MOVWF  FE9
07D8:  MOVLW  05
07DA:  ADDWFC 03,W
07DC:  MOVWF  FEA
07DE:  CLRF   FEF
07E0:  INCF   x0E,F
07E2:  BRA    07CA
....................    } 
....................    enable_interrupts(int_rda);             
07E4:  BSF    F9D.5
07E6:  MOVLB  0
07E8:  GOTO   4008 (RETURN)
.................... } 
....................  
....................  
.................... //***************************************************************************** 
.................... //PROGRAMA 1: Parpadeo Led D0 
....................  
.................... #ORG 0x1000, 0x1044 
.................... void Parpadear_D0() 
.................... { 
....................    while(TRUE) 
....................    { 
....................       output_toggle(PIN_D0); 
*
1000:  BTG    F8C.0
....................       for (k1=1;k1<150;k1++){for (l1=1;l1<200;l1++){}} 
1002:  MOVLW  01
1004:  MOVWF  22
1006:  MOVF   22,W
1008:  SUBLW  95
100A:  BNC   101E
100C:  MOVLW  01
100E:  MOVWF  2A
1010:  MOVF   2A,W
1012:  SUBLW  C7
1014:  BNC   101A
1016:  INCF   2A,F
1018:  BRA    1010
101A:  INCF   22,F
101C:  BRA    1006
....................       output_toggle(PIN_D0); 
101E:  BTG    F8C.0
....................       for (k1=1;k1<150;k1++){for (l1=1;l1<200;l1++){}} 
1020:  MOVLW  01
1022:  MOVWF  22
1024:  MOVF   22,W
1026:  SUBLW  95
1028:  BNC   103C
102A:  MOVLW  01
102C:  MOVWF  2A
102E:  MOVF   2A,W
1030:  SUBLW  C7
1032:  BNC   1038
1034:  INCF   2A,F
1036:  BRA    102E
1038:  INCF   22,F
103A:  BRA    1024
103C:  BRA    1000
....................    } 
103E:  RETURN 0
.................... } 
....................  
.................... //***************************************************************************** 
.................... //PROGRAMA 2: Parpadeo Led D1 
....................  
.................... #ORG 0x1046, 0x1090        
.................... void Parpadear_D1() 
.................... { 
....................    while(TRUE) 
....................    { 
....................       output_toggle(PIN_D1); 
*
1046:  BTG    F8C.1
....................       for (k2=1;k2<50;k2++){for (l2=1;l2<200;l2++){}} 
1048:  MOVLW  01
104A:  MOVWF  23
104C:  MOVF   23,W
104E:  SUBLW  31
1050:  BNC   1064
1052:  MOVLW  01
1054:  MOVWF  2B
1056:  MOVF   2B,W
1058:  SUBLW  C7
105A:  BNC   1060
105C:  INCF   2B,F
105E:  BRA    1056
1060:  INCF   23,F
1062:  BRA    104C
....................       output_toggle(PIN_D1); 
1064:  BTG    F8C.1
....................       for (k2=1;k2<50;k2++){for (l2=1;l2<200;l2++){}} 
1066:  MOVLW  01
1068:  MOVWF  23
106A:  MOVF   23,W
106C:  SUBLW  31
106E:  BNC   1082
1070:  MOVLW  01
1072:  MOVWF  2B
1074:  MOVF   2B,W
1076:  SUBLW  C7
1078:  BNC   107E
107A:  INCF   2B,F
107C:  BRA    1074
107E:  INCF   23,F
1080:  BRA    106A
1082:  BRA    1046
....................    } 
1084:  RETURN 0
.................... } 
....................  
.................... //***************************************************************************** 
.................... //PROGRAMA 3: Parpadeo Led D2 
....................  
.................... #ORG 0x1092, 0x10D6 
.................... void Parpadear_D2() 
.................... { 
....................    while(TRUE) 
....................    { 
....................       output_toggle(PIN_D2); 
*
1092:  BTG    F8C.2
....................       for (k3=1;k3<100;k3++){for (l3=1;l3<200;l3++){}} 
1094:  MOVLW  01
1096:  MOVWF  24
1098:  MOVF   24,W
109A:  SUBLW  63
109C:  BNC   10B0
109E:  MOVLW  01
10A0:  MOVWF  2C
10A2:  MOVF   2C,W
10A4:  SUBLW  C7
10A6:  BNC   10AC
10A8:  INCF   2C,F
10AA:  BRA    10A2
10AC:  INCF   24,F
10AE:  BRA    1098
....................       output_toggle(PIN_D2); 
10B0:  BTG    F8C.2
....................       for (k3=1;k3<100;k3++){for (l3=1;l3<200;l3++){}} 
10B2:  MOVLW  01
10B4:  MOVWF  24
10B6:  MOVF   24,W
10B8:  SUBLW  63
10BA:  BNC   10CE
10BC:  MOVLW  01
10BE:  MOVWF  2C
10C0:  MOVF   2C,W
10C2:  SUBLW  C7
10C4:  BNC   10CA
10C6:  INCF   2C,F
10C8:  BRA    10C0
10CA:  INCF   24,F
10CC:  BRA    10B6
10CE:  BRA    1092
....................    } 
10D0:  RETURN 0
.................... } 
....................  
.................... //***************************************************************************** 
.................... //PROGRAMA 4: Parpadeo Led D3 - FINITO 
....................  
.................... #ORG 0x10D8, 0x11D8 
.................... void Parpadear_D3() 
.................... { 
....................    //cont = 0; 
....................    //contar = 1; 
....................    while(TRUE) 
....................    { 
....................       output_toggle(PIN_D3); 
*
10D8:  BTG    F8C.3
....................       for (k4=1;k4<200;k4++){for (l4=1;l4<100;l4++){}} 
10DA:  MOVLW  01
10DC:  MOVWF  25
10DE:  MOVF   25,W
10E0:  SUBLW  C7
10E2:  BNC   10F6
10E4:  MOVLW  01
10E6:  MOVWF  2D
10E8:  MOVF   2D,W
10EA:  SUBLW  63
10EC:  BNC   10F2
10EE:  INCF   2D,F
10F0:  BRA    10E8
10F2:  INCF   25,F
10F4:  BRA    10DE
....................       output_toggle(PIN_D3); 
10F6:  BTG    F8C.3
....................       for (k4=1;k4<200;k4++){for (l4=1;l4<100;l4++){}} 
10F8:  MOVLW  01
10FA:  MOVWF  25
10FC:  MOVF   25,W
10FE:  SUBLW  C7
1100:  BNC   1114
1102:  MOVLW  01
1104:  MOVWF  2D
1106:  MOVF   2D,W
1108:  SUBLW  63
110A:  BNC   1110
110C:  INCF   2D,F
110E:  BRA    1106
1110:  INCF   25,F
1112:  BRA    10FC
....................       comando = 'D'; 
1114:  MOVLW  44
1116:  MOVWF  5C
....................       valor2 = 4; 
1118:  MOVLW  04
111A:  MOVWF  35
111C:  BRA    10D8
....................       //printf("T=%i*", cont); 
....................       //contar = 0; 
....................    } 
111E:  RETURN 0
.................... } 
....................  
.................... //***************************************************************************** 
.................... //PROGRAMA 5: Parpadeo Led D4 - FINITO 
....................  
.................... #ORG 0x11DA, 0x12DA 
.................... void Parpadear_D4() 
.................... { 
....................    //cont = 0; 
....................    //contar = 1; 
....................    while(TRUE) 
....................    { 
....................       output_toggle(PIN_D4); 
*
11DA:  BTG    F8C.4
....................       for (k5=1;k5<150;++k5){for (l5=1;l5<100;++l5){}} 
11DC:  MOVLW  01
11DE:  MOVWF  26
11E0:  MOVF   26,W
11E2:  SUBLW  95
11E4:  BNC   11F8
11E6:  MOVLW  01
11E8:  MOVWF  2E
11EA:  MOVF   2E,W
11EC:  SUBLW  63
11EE:  BNC   11F4
11F0:  INCF   2E,F
11F2:  BRA    11EA
11F4:  INCF   26,F
11F6:  BRA    11E0
....................       output_toggle(PIN_D4); 
11F8:  BTG    F8C.4
....................       for (k5=1;k5<150;++k5){for (l5=1;l5<100;++l5){}} 
11FA:  MOVLW  01
11FC:  MOVWF  26
11FE:  MOVF   26,W
1200:  SUBLW  95
1202:  BNC   1216
1204:  MOVLW  01
1206:  MOVWF  2E
1208:  MOVF   2E,W
120A:  SUBLW  63
120C:  BNC   1212
120E:  INCF   2E,F
1210:  BRA    1208
1212:  INCF   26,F
1214:  BRA    11FE
....................       comando = 'D'; 
1216:  MOVLW  44
1218:  MOVWF  5C
....................       valor2 = 5; 
121A:  MOVLW  05
121C:  MOVWF  35
121E:  BRA    11DA
....................       //printf("T=%i*", cont); 
....................       //contar = 0; 
....................    } 
1220:  RETURN 0
.................... } 
....................  
....................  
.................... //***************************************************************************** 
.................... //PROGRAMA 6: Parpadeo Led B0 - FINITO 
....................  
.................... #ORG 0x12DC, 0x13DC 
.................... void Parpadear_B0() 
.................... { 
....................    //cont = 0; 
....................    //contar = 1; 
....................    while(TRUE) 
....................    { 
....................       output_toggle(PIN_B0); 
*
12DC:  BTG    F8A.0
....................       for (k6=1;k6<100;k6++){for (l6=1;l6<100;l6++){}} 
12DE:  MOVLW  01
12E0:  MOVWF  27
12E2:  MOVF   27,W
12E4:  SUBLW  63
12E6:  BNC   12FA
12E8:  MOVLW  01
12EA:  MOVWF  2F
12EC:  MOVF   2F,W
12EE:  SUBLW  63
12F0:  BNC   12F6
12F2:  INCF   2F,F
12F4:  BRA    12EC
12F6:  INCF   27,F
12F8:  BRA    12E2
....................       output_toggle(PIN_B0); 
12FA:  BTG    F8A.0
....................       for (k6=1;k6<100;k6++){for (l6=1;l6<100;l6++){}} 
12FC:  MOVLW  01
12FE:  MOVWF  27
1300:  MOVF   27,W
1302:  SUBLW  63
1304:  BNC   1318
1306:  MOVLW  01
1308:  MOVWF  2F
130A:  MOVF   2F,W
130C:  SUBLW  63
130E:  BNC   1314
1310:  INCF   2F,F
1312:  BRA    130A
1314:  INCF   27,F
1316:  BRA    1300
....................       comando = 'D'; 
1318:  MOVLW  44
131A:  MOVWF  5C
....................       valor2 = 6; 
131C:  MOVLW  06
131E:  MOVWF  35
1320:  BRA    12DC
....................       //printf("T=%i*", cont); 
....................       //contar = 0; 
....................    } 
1322:  RETURN 0
.................... } 
....................  
.................... //***************************************************************************** 
.................... //PROGRAMA 7: Lectura ADC0 - FINITO 
.................... #ORG 0x13DE, 0x14DE 
.................... void leer_ADC0() 
.................... { 
....................    //cont = 0; 
....................    //contar = 1; 
....................    setup_adc_ports(AN0_TO_AN3|vss_vdd); 
*
13DE:  MOVF   FC1,W
13E0:  ANDLW  C0
13E2:  IORLW  0B
13E4:  MOVWF  FC1
....................    setup_adc(adc_clock_internal); 
13E6:  MOVF   FC0,W
13E8:  ANDLW  C0
13EA:  IORLW  07
13EC:  MOVWF  FC0
13EE:  BCF    FC0.7
13F0:  BSF    FC2.0
....................    while(TRUE) 
....................    { 
....................       output_toggle(PIN_B0); 
13F2:  BTG    F8A.0
....................       set_adc_channel(0); 
13F4:  MOVLW  00
13F6:  MOVWF  01
13F8:  MOVF   FC2,W
13FA:  ANDLW  C3
13FC:  IORWF  01,W
13FE:  MOVWF  FC2
....................       delay_us(50); 
1400:  MOVLW  29
1402:  MOVWF  00
1404:  DECFSZ 00,F
1406:  BRA    1404
1408:  NOP   
....................       //value=Read_ADC(); 
....................       send=Read_ADC(); 
140A:  BSF    FC2.1
140C:  BTFSC  FC2.1
140E:  BRA    140C
1410:  MOVFF  FC4,4A
....................       //value1 = 500; 
....................       //value= (value*100)/1023; 
....................       //send = value; 
....................       printf("A+0+%u*",send); 
1414:  MOVLW  78
1416:  MOVWF  FF6
1418:  MOVLW  04
141A:  MOVWF  FF7
141C:  MOVLW  04
141E:  MOVLB  5
1420:  MOVWF  x1E
1422:  MOVLB  0
1424:  CALL   03A4
1428:  MOVFF  4A,50D
142C:  MOVLW  1B
142E:  MOVLB  5
1430:  MOVWF  x0E
1432:  MOVLB  0
1434:  CALL   03FA
1438:  MOVLW  2A
143A:  BTFSS  F9E.4
143C:  BRA    143A
143E:  MOVWF  FAD
....................       delay_us(150); 
1440:  MOVLW  7C
1442:  MOVWF  00
1444:  DECFSZ 00,F
1446:  BRA    1444
1448:  BRA    144A
....................       comando = 'D'; 
144A:  MOVLW  44
144C:  MOVWF  5C
....................       valor2 = 7; 
144E:  MOVLW  07
1450:  MOVWF  35
....................       for (k7=1;k7<250;k7++){for (l7=1;l7<250;++l7){}} 
1452:  MOVLW  01
1454:  MOVWF  28
1456:  MOVF   28,W
1458:  SUBLW  F9
145A:  BNC   146E
145C:  MOVLW  01
145E:  MOVWF  30
1460:  MOVF   30,W
1462:  SUBLW  F9
1464:  BNC   146A
1466:  INCF   30,F
1468:  BRA    1460
146A:  INCF   28,F
146C:  BRA    1456
146E:  BRA    13F2
....................    } 
1470:  RETURN 0
.................... } 
....................  
.................... //***************************************************************************** 
.................... //PROGRAMA 8: Lectura ADC0 - FINITO 
.................... #ORG 0x14E0, 0x1605 
.................... void leer_ADC1() 
.................... {   
....................    setup_adc_ports(AN0_TO_AN3|vss_vdd); 
*
14E0:  MOVF   FC1,W
14E2:  ANDLW  C0
14E4:  IORLW  0B
14E6:  MOVWF  FC1
....................    setup_adc(adc_clock_internal); 
14E8:  MOVF   FC0,W
14EA:  ANDLW  C0
14EC:  IORLW  07
14EE:  MOVWF  FC0
14F0:  BCF    FC0.7
14F2:  BSF    FC2.0
....................    setup_timer_2(T2_DIV_BY_4,124,1);      //100 us overflow, 100 us interrupt 
14F4:  MOVLW  00
14F6:  IORLW  05
14F8:  MOVWF  FCA
14FA:  MOVLW  7C
14FC:  MOVWF  FCB
....................    setup_ccp1(CCP_PWM|CCP_SHUTDOWN_AC_L|CCP_SHUTDOWN_BD_L); 
14FE:  BCF    F94.2
1500:  BCF    F8B.2
1502:  MOVLW  0C
1504:  MOVWF  FBD
1506:  CLRF   FB7
1508:  CLRF   FB6
....................    if (pwmE == 1){ 
150A:  BTFSS  33.1
150C:  BRA    1518
....................       set_pwm1_duty((int16)0); 
150E:  CLRF   FBE
1510:  MOVF   FBD,W
1512:  ANDLW  CF
1514:  MOVWF  FBD
....................       pwmE = 0; 
1516:  BCF    33.1
....................    } 
....................    while(TRUE) 
....................    { 
....................       output_toggle(PIN_B1); 
1518:  BTG    F8A.1
....................       set_adc_channel(1); 
151A:  MOVLW  04
151C:  MOVWF  01
151E:  MOVF   FC2,W
1520:  ANDLW  C3
1522:  IORWF  01,W
1524:  MOVWF  FC2
....................       delay_us(50); 
1526:  MOVLW  29
1528:  MOVWF  00
152A:  DECFSZ 00,F
152C:  BRA    152A
152E:  NOP   
....................       send1=Read_ADC(); 
1530:  BSF    FC2.1
1532:  BTFSC  FC2.1
1534:  BRA    1532
1536:  MOVFF  FC4,4B
....................       printf("A+1+%u*",send1); 
153A:  MOVLW  80
153C:  MOVWF  FF6
153E:  MOVLW  04
1540:  MOVWF  FF7
1542:  MOVLW  04
1544:  MOVLB  5
1546:  MOVWF  x1E
1548:  MOVLB  0
154A:  CALL   03A4
154E:  MOVFF  4B,50D
1552:  MOVLW  1B
1554:  MOVLB  5
1556:  MOVWF  x0E
1558:  MOVLB  0
155A:  CALL   03FA
155E:  MOVLW  2A
1560:  BTFSS  F9E.4
1562:  BRA    1560
1564:  MOVWF  FAD
....................       numDuty1 = send1*2; 
1566:  BCF    FD8.0
1568:  RLCF   4B,W
156A:  MOVWF  4E
156C:  CLRF   4F
156E:  BTFSC  FD8.0
1570:  INCF   4F,F
....................       if(numDuty1 > 495){numDuty1 = 495;} 
1572:  MOVF   4F,W
1574:  SUBLW  00
1576:  BC    158A
1578:  XORLW  FF
157A:  BNZ   1582
157C:  MOVF   4E,W
157E:  SUBLW  EF
1580:  BC    158A
1582:  MOVLW  01
1584:  MOVWF  4F
1586:  MOVLW  EF
1588:  MOVWF  4E
....................       set_pwm1_duty((int16)numDuty1); 
158A:  MOVFF  4F,02
158E:  MOVFF  4E,01
1592:  RRCF   02,F
1594:  RRCF   01,F
1596:  RRCF   02,F
1598:  RRCF   01,F
159A:  RRCF   02,F
159C:  MOVFF  01,FBE
15A0:  RRCF   02,F
15A2:  RRCF   02,W
15A4:  ANDLW  30
15A6:  MOVWF  00
15A8:  MOVF   FBD,W
15AA:  ANDLW  CF
15AC:  IORWF  00,W
15AE:  MOVWF  FBD
....................       delay_us(150); 
15B0:  MOVLW  7C
15B2:  MOVWF  00
15B4:  DECFSZ 00,F
15B6:  BRA    15B4
15B8:  BRA    15BA
....................       comando = 'D'; 
15BA:  MOVLW  44
15BC:  MOVWF  5C
....................       valor2 = 8; 
15BE:  MOVLW  08
15C0:  MOVWF  35
....................       for (k8=1;k8<250;k8++){for (l8=1;l8<250;++l8){}} 
15C2:  MOVLW  01
15C4:  MOVWF  29
15C6:  MOVF   29,W
15C8:  SUBLW  F9
15CA:  BNC   15DE
15CC:  MOVLW  01
15CE:  MOVWF  31
15D0:  MOVF   31,W
15D2:  SUBLW  F9
15D4:  BNC   15DA
15D6:  INCF   31,F
15D8:  BRA    15D0
15DA:  INCF   29,F
15DC:  BRA    15C6
15DE:  BRA    1518
....................    } 
15E0:  RETURN 0
.................... } 
....................  
....................  
.................... //***************************************************************************** 
.................... // PROGRAMA 9: Mostrar Procesos 
....................  
.................... #ORG 0x2502, 0x2850 
.................... void task_manager(){ 
....................    while(TRUE){ 
....................       desactivar_timer(); 
*
2502:  CALL   00A2
....................       int m; 
....................          int32 mproceso, mdirini, mdirfin, mdiract; 
....................          printf("|   Proceso  |  Dir.Ini  |  Dir.Fin  |  Dir.Act  |*"); 
2506:  MOVLW  62
2508:  MOVWF  FF6
250A:  MOVLW  06
250C:  MOVWF  FF7
250E:  CALL   0488
....................          for(m=0;m<np;m++) 
2512:  MOVLB  5
2514:  CLRF   x0D
2516:  MOVF   17,W
2518:  SUBWF  x0D,W
251A:  BTFSC  FD8.0
251C:  BRA    26E8
....................          { 
....................             mproceso = colap[m]; 
251E:  CLRF   03
2520:  MOVF   x0D,W
2522:  ADDLW  18
2524:  MOVWF  FE9
2526:  MOVLW  00
2528:  ADDWFC 03,W
252A:  MOVWF  FEA
252C:  CLRF   x11
252E:  CLRF   x10
2530:  CLRF   x0F
2532:  MOVFF  FEF,50E
....................             mdirini = vpcb[mproceso].di; 
2536:  MOVFF  511,521
253A:  MOVFF  510,520
253E:  MOVFF  50F,51F
2542:  MOVFF  50E,51E
2546:  CLRF   x25
2548:  CLRF   x24
254A:  CLRF   x23
254C:  MOVLW  12
254E:  MOVWF  x22
2550:  MOVLB  0
2552:  CALL   04AA
2556:  MOVLW  5D
2558:  MOVLB  5
255A:  ADDWF  00,W
255C:  MOVWF  FE9
255E:  MOVLW  00
2560:  ADDWFC 01,W
2562:  MOVWF  FEA
2564:  MOVFF  FEF,512
2568:  MOVFF  FEC,513
256C:  MOVFF  FEC,514
2570:  MOVFF  FEC,515
....................             mdirfin = vpcb[mproceso].df; 
2574:  MOVFF  511,521
2578:  MOVFF  510,520
257C:  MOVFF  50F,51F
2580:  MOVFF  50E,51E
2584:  CLRF   x25
2586:  CLRF   x24
2588:  CLRF   x23
258A:  MOVLW  12
258C:  MOVWF  x22
258E:  MOVLB  0
2590:  CALL   04AA
2594:  MOVFF  01,51F
2598:  MOVLW  04
259A:  MOVLB  5
259C:  ADDWF  00,W
259E:  MOVWF  01
25A0:  MOVLW  00
25A2:  ADDWFC x1F,W
25A4:  MOVWF  03
25A6:  MOVF   01,W
25A8:  ADDLW  5D
25AA:  MOVWF  FE9
25AC:  MOVLW  00
25AE:  ADDWFC 03,W
25B0:  MOVWF  FEA
25B2:  MOVFF  FEF,516
25B6:  MOVFF  FEC,517
25BA:  MOVFF  FEC,518
25BE:  MOVFF  FEC,519
....................             mdiract = vpcb[mproceso].da; 
25C2:  MOVFF  511,521
25C6:  MOVFF  510,520
25CA:  MOVFF  50F,51F
25CE:  MOVFF  50E,51E
25D2:  CLRF   x25
25D4:  CLRF   x24
25D6:  CLRF   x23
25D8:  MOVLW  12
25DA:  MOVWF  x22
25DC:  MOVLB  0
25DE:  CALL   04AA
25E2:  MOVFF  01,51F
25E6:  MOVLW  08
25E8:  MOVLB  5
25EA:  ADDWF  00,W
25EC:  MOVWF  01
25EE:  MOVLW  00
25F0:  ADDWFC x1F,W
25F2:  MOVWF  03
25F4:  MOVF   01,W
25F6:  ADDLW  5D
25F8:  MOVWF  FE9
25FA:  MOVLW  00
25FC:  ADDWFC 03,W
25FE:  MOVWF  FEA
2600:  MOVFF  FEF,51A
2604:  MOVFF  FEC,51B
2608:  MOVFF  FEC,51C
260C:  MOVFF  FEC,51D
....................             mproceso++; 
2610:  MOVLW  01
2612:  ADDWF  x0E,F
2614:  BTFSC  FD8.0
2616:  INCF   x0F,F
2618:  BTFSC  FD8.2
261A:  INCF   x10,F
261C:  BTFSC  FD8.2
261E:  INCF   x11,F
....................             printf("|      %Lu     |   %Lu    |   %Lu    |   %Lu    |*",mproceso,mdirini,mdirfin,mdiract); 
2620:  MOVLW  96
2622:  MOVWF  FF6
2624:  MOVLW  06
2626:  MOVWF  FF7
2628:  MOVLW  07
262A:  MOVWF  x1E
262C:  MOVLB  0
262E:  CALL   03A4
2632:  MOVLW  41
2634:  MOVWF  FE9
2636:  MOVFF  511,521
263A:  MOVFF  510,520
263E:  MOVFF  50F,51F
2642:  MOVFF  50E,51E
2646:  CALL   059A
264A:  MOVLW  A0
264C:  MOVWF  FF6
264E:  MOVLW  06
2650:  MOVWF  FF7
2652:  MOVLW  09
2654:  MOVLB  5
2656:  MOVWF  x1E
2658:  MOVLB  0
265A:  CALL   03A4
265E:  MOVLW  41
2660:  MOVWF  FE9
2662:  MOVFF  515,521
2666:  MOVFF  514,520
266A:  MOVFF  513,51F
266E:  MOVFF  512,51E
2672:  CALL   059A
2676:  MOVLW  AC
2678:  MOVWF  FF6
267A:  MOVLW  06
267C:  MOVWF  FF7
267E:  MOVLW  08
2680:  MOVLB  5
2682:  MOVWF  x1E
2684:  MOVLB  0
2686:  CALL   03A4
268A:  MOVLW  41
268C:  MOVWF  FE9
268E:  MOVFF  519,521
2692:  MOVFF  518,520
2696:  MOVFF  517,51F
269A:  MOVFF  516,51E
269E:  CALL   059A
26A2:  MOVLW  B7
26A4:  MOVWF  FF6
26A6:  MOVLW  06
26A8:  MOVWF  FF7
26AA:  MOVLW  08
26AC:  MOVLB  5
26AE:  MOVWF  x1E
26B0:  MOVLB  0
26B2:  CALL   03A4
26B6:  MOVLW  41
26B8:  MOVWF  FE9
26BA:  MOVFF  51D,521
26BE:  MOVFF  51C,520
26C2:  MOVFF  51B,51F
26C6:  MOVFF  51A,51E
26CA:  CALL   059A
26CE:  MOVLW  C2
26D0:  MOVWF  FF6
26D2:  MOVLW  06
26D4:  MOVWF  FF7
26D6:  MOVLW  06
26D8:  MOVLB  5
26DA:  MOVWF  x1E
26DC:  MOVLB  0
26DE:  CALL   03A4
26E2:  MOVLB  5
26E4:  INCF   x0D,F
26E6:  BRA    2516
....................          } 
....................          //printf("*"); 
....................       comando='D'; 
26E8:  MOVLW  44
26EA:  MOVWF  5C
....................       valor2=9; 
26EC:  MOVLW  09
26EE:  MOVWF  35
....................       activar_timer(); 
26F0:  MOVLB  0
26F2:  CALL   0656
26F6:  BRA    2502
....................    } 
26F8:  RETURN 0
....................     
.................... } 
....................  
....................  
....................  
....................  
....................  
.................... void limpiar_calendario (int mcm){ 
....................    for (int i=0; i<mcm; i++){ 
*
09B6:  MOVLB  5
09B8:  CLRF   x0F
09BA:  MOVF   x0E,W
09BC:  SUBWF  x0F,W
09BE:  BC    09D4
....................       Calendario[i] = 0; 
09C0:  MOVLW  11
09C2:  ADDWF  x0F,W
09C4:  MOVWF  FE9
09C6:  MOVLW  01
09C8:  MOVWF  FEA
09CA:  BTFSC  FD8.0
09CC:  INCF   FEA,F
09CE:  CLRF   FEF
09D0:  INCF   x0F,F
09D2:  BRA    09BA
....................    } 
09D4:  MOVLB  0
09D6:  GOTO   4164 (RETURN)
.................... } 
....................  
.................... void cargar_proceso(int idp, int prioridad) 
.................... { 
....................     colap[np]=idp-1; 
*
07EC:  CLRF   03
07EE:  MOVF   17,W
07F0:  ADDLW  18
07F2:  MOVWF  FE9
07F4:  MOVLW  00
07F6:  ADDWFC 03,W
07F8:  MOVWF  FEA
07FA:  MOVLW  01
07FC:  MOVLB  5
07FE:  SUBWF  x0F,W
0800:  MOVWF  FEF
....................     vpcb[idp-1].estado=1; 
0802:  MOVLW  01
0804:  SUBWF  x0F,W
0806:  MULLW  12
0808:  MOVF   FF3,W
080A:  CLRF   x12
080C:  MOVWF  x11
080E:  MOVLW  0C
0810:  ADDWF  x11,W
0812:  MOVWF  01
0814:  MOVLW  00
0816:  ADDWFC x12,W
0818:  MOVWF  03
081A:  MOVF   01,W
081C:  ADDLW  5D
081E:  MOVWF  FE9
0820:  MOVLW  00
0822:  ADDWFC 03,W
0824:  MOVWF  FEA
0826:  MOVLW  01
0828:  MOVWF  FEF
....................     vpcb[idp-1].prioridad =prioridad; 
082A:  SUBWF  x0F,W
082C:  MULLW  12
082E:  MOVF   FF3,W
0830:  CLRF   x12
0832:  MOVWF  x11
0834:  MOVLW  11
0836:  ADDWF  x11,W
0838:  MOVWF  01
083A:  MOVLW  00
083C:  ADDWFC x12,W
083E:  MOVWF  03
0840:  MOVF   01,W
0842:  ADDLW  5D
0844:  MOVWF  FE9
0846:  MOVLW  00
0848:  ADDWFC 03,W
084A:  MOVWF  FEA
084C:  MOVFF  510,FEF
....................     proceso=10; 
0850:  MOVLW  0A
0852:  MOVWF  34
....................     np++; 
0854:  INCF   17,F
0856:  MOVLB  0
0858:  RETURN 0
.................... } 
....................  
.................... void descargar_proceso(int idp) 
.................... { 
....................    int s,d,f; 
....................    for(s=0;s<np;s++) 
*
0918:  MOVLB  5
091A:  CLRF   x0F
091C:  MOVF   17,W
091E:  SUBWF  x0F,W
0920:  BC    0944
....................       {if(colap[s]==idp-1) 
0922:  CLRF   03
0924:  MOVF   x0F,W
0926:  ADDLW  18
0928:  MOVWF  FE9
092A:  MOVLW  00
092C:  ADDWFC 03,W
092E:  MOVWF  FEA
0930:  MOVFF  FEF,512
0934:  MOVLW  01
0936:  SUBWF  x0E,W
0938:  SUBWF  x12,W
093A:  BNZ   0940
....................          {d=s;} 
093C:  MOVFF  50F,510
0940:  INCF   x0F,F
0942:  BRA    091C
....................       } 
....................    f=np-1; 
0944:  MOVLW  01
0946:  SUBWF  17,W
0948:  MOVWF  x11
....................    for(s=d;s<f;s++) 
094A:  MOVFF  510,50F
094E:  MOVF   x11,W
0950:  SUBWF  x0F,W
0952:  BC    0988
....................       {colap[s]=colap[s+1]; 
0954:  CLRF   03
0956:  MOVF   x0F,W
0958:  ADDLW  18
095A:  MOVWF  01
095C:  MOVLW  00
095E:  ADDWFC 03,F
0960:  MOVFF  03,513
0964:  MOVLW  01
0966:  ADDWF  x0F,W
0968:  CLRF   03
096A:  ADDLW  18
096C:  MOVWF  FE9
096E:  MOVLW  00
0970:  ADDWFC 03,W
0972:  MOVWF  FEA
0974:  MOVFF  FEF,514
0978:  MOVFF  513,FEA
097C:  MOVFF  01,FE9
0980:  MOVFF  514,FEF
0984:  INCF   x0F,F
0986:  BRA    094E
....................       } 
....................    np--;    
0988:  DECF   17,F
....................    vpcb[idp-1].estado=0; 
098A:  MOVLW  01
098C:  SUBWF  x0E,W
098E:  MULLW  12
0990:  MOVF   FF3,W
0992:  CLRF   x13
0994:  MOVWF  x12
0996:  MOVLW  0C
0998:  ADDWF  x12,W
099A:  MOVWF  01
099C:  MOVLW  00
099E:  ADDWFC x13,W
09A0:  MOVWF  03
09A2:  MOVF   01,W
09A4:  ADDLW  5D
09A6:  MOVWF  FE9
09A8:  MOVLW  00
09AA:  ADDWFC 03,W
09AC:  MOVWF  FEA
09AE:  CLRF   FEF
....................    proceso=0; 
09B0:  CLRF   34
09B2:  MOVLB  0
09B4:  RETURN 0
.................... } 
....................  
.................... void Port_Init() 
.................... { 
....................    set_tris_b(0x00); 
*
0A74:  MOVLW  00
0A76:  MOVWF  F93
....................    set_tris_d(0x00); 
0A78:  MOVWF  F95
....................    set_tris_a(0x00); 
0A7A:  MOVWF  F92
....................    output_b(0x00); 
0A7C:  CLRF   F8A
....................    output_d(0x00); 
0A7E:  CLRF   F8C
....................    output_a(0x00); 
0A80:  CLRF   F89
0A82:  GOTO   0BF6 (RETURN)
.................... } 
....................  
.................... void Config_TMR0() 
.................... { 
....................    T0CON=0b10000111; 
*
0BE2:  MOVLW  87
0BE4:  MOVWF  FD5
0BE6:  GOTO   0BFC (RETURN)
....................  
.................... } 
....................  
.................... void Procesos_Init() 
.................... { 
....................    //Programa 1 
....................    vpcb[0].di=0x1000; 
*
0A86:  CLRF   x60
0A88:  CLRF   5F
0A8A:  MOVLW  10
0A8C:  MOVWF  5E
0A8E:  CLRF   5D
....................    vpcb[0].da=0x1000;    
0A90:  CLRF   x68
0A92:  CLRF   x67
0A94:  MOVWF  x66
0A96:  CLRF   x65
....................    vpcb[0].df=0x1044; 
0A98:  CLRF   x64
0A9A:  CLRF   x63
0A9C:  MOVWF  x62
0A9E:  MOVLW  44
0AA0:  MOVWF  x61
....................    //Programa 2 
....................    vpcb[1].di=0x1046; 
0AA2:  CLRF   x72
0AA4:  CLRF   x71
0AA6:  MOVLW  10
0AA8:  MOVWF  x70
0AAA:  MOVLW  46
0AAC:  MOVWF  x6F
....................    vpcb[1].da=0x1046; 
0AAE:  CLRF   x7A
0AB0:  CLRF   x79
0AB2:  MOVLW  10
0AB4:  MOVWF  x78
0AB6:  MOVLW  46
0AB8:  MOVWF  x77
....................    vpcb[1].df=0x1090; 
0ABA:  CLRF   x76
0ABC:  CLRF   x75
0ABE:  MOVLW  10
0AC0:  MOVWF  x74
0AC2:  MOVLW  90
0AC4:  MOVWF  x73
....................    //Programa 3 
....................    vpcb[2].di=0x1092; 
0AC6:  CLRF   x84
0AC8:  CLRF   x83
0ACA:  MOVLW  10
0ACC:  MOVWF  x82
0ACE:  MOVLW  92
0AD0:  MOVWF  x81
....................    vpcb[2].da=0x1092; 
0AD2:  CLRF   x8C
0AD4:  CLRF   x8B
0AD6:  MOVLW  10
0AD8:  MOVWF  x8A
0ADA:  MOVLW  92
0ADC:  MOVWF  x89
....................    vpcb[2].df=0x10D6; 
0ADE:  CLRF   x88
0AE0:  CLRF   x87
0AE2:  MOVLW  10
0AE4:  MOVWF  x86
0AE6:  MOVLW  D6
0AE8:  MOVWF  x85
....................    //Programa 4 
....................    vpcb[3].di=0x10D8; 
0AEA:  CLRF   x96
0AEC:  CLRF   x95
0AEE:  MOVLW  10
0AF0:  MOVWF  x94
0AF2:  MOVLW  D8
0AF4:  MOVWF  x93
....................    vpcb[3].da=0x10D8; 
0AF6:  CLRF   x9E
0AF8:  CLRF   x9D
0AFA:  MOVLW  10
0AFC:  MOVWF  x9C
0AFE:  MOVLW  D8
0B00:  MOVWF  x9B
....................    vpcb[3].df=0x11D8; 
0B02:  CLRF   x9A
0B04:  CLRF   x99
0B06:  MOVLW  11
0B08:  MOVWF  x98
0B0A:  MOVLW  D8
0B0C:  MOVWF  x97
....................    //Programa 5 
....................    vpcb[4].di=0x11DA; 
0B0E:  CLRF   xA8
0B10:  CLRF   xA7
0B12:  MOVLW  11
0B14:  MOVWF  xA6
0B16:  MOVLW  DA
0B18:  MOVWF  xA5
....................    vpcb[4].da=0x11DA; 
0B1A:  CLRF   xB0
0B1C:  CLRF   xAF
0B1E:  MOVLW  11
0B20:  MOVWF  xAE
0B22:  MOVLW  DA
0B24:  MOVWF  xAD
....................    vpcb[4].df=0x12DA; 
0B26:  CLRF   xAC
0B28:  CLRF   xAB
0B2A:  MOVLW  12
0B2C:  MOVWF  xAA
0B2E:  MOVLW  DA
0B30:  MOVWF  xA9
....................    //Programa 6 
....................    vpcb[5].di=0x12DC; 
0B32:  CLRF   xBA
0B34:  CLRF   xB9
0B36:  MOVLW  12
0B38:  MOVWF  xB8
0B3A:  MOVLW  DC
0B3C:  MOVWF  xB7
....................    vpcb[5].da=0x12DC; 
0B3E:  CLRF   xC2
0B40:  CLRF   xC1
0B42:  MOVLW  12
0B44:  MOVWF  xC0
0B46:  MOVLW  DC
0B48:  MOVWF  xBF
....................    vpcb[5].df=0x13DC; 
0B4A:  CLRF   xBE
0B4C:  CLRF   xBD
0B4E:  MOVLW  13
0B50:  MOVWF  xBC
0B52:  MOVLW  DC
0B54:  MOVWF  xBB
....................    //Programa 7 
....................    vpcb[6].di=0x13DE; 
0B56:  CLRF   xCC
0B58:  CLRF   xCB
0B5A:  MOVLW  13
0B5C:  MOVWF  xCA
0B5E:  MOVLW  DE
0B60:  MOVWF  xC9
....................    vpcb[6].da=0x13DE; 
0B62:  CLRF   xD4
0B64:  CLRF   xD3
0B66:  MOVLW  13
0B68:  MOVWF  xD2
0B6A:  MOVLW  DE
0B6C:  MOVWF  xD1
....................    vpcb[6].df=0x14DE; 
0B6E:  CLRF   xD0
0B70:  CLRF   xCF
0B72:  MOVLW  14
0B74:  MOVWF  xCE
0B76:  MOVLW  DE
0B78:  MOVWF  xCD
....................    //Programa 8 
....................    vpcb[7].di=0x14E0; 
0B7A:  CLRF   xDE
0B7C:  CLRF   xDD
0B7E:  MOVLW  14
0B80:  MOVWF  xDC
0B82:  MOVLW  E0
0B84:  MOVWF  xDB
....................    vpcb[7].da=0x14E0; 
0B86:  CLRF   xE6
0B88:  CLRF   xE5
0B8A:  MOVLW  14
0B8C:  MOVWF  xE4
0B8E:  MOVLW  E0
0B90:  MOVWF  xE3
....................    vpcb[7].df=0x1605; 
0B92:  CLRF   xE2
0B94:  CLRF   xE1
0B96:  MOVLW  16
0B98:  MOVWF  xE0
0B9A:  MOVLW  05
0B9C:  MOVWF  xDF
....................    //Programa 9 
....................    vpcb[8].di=0x2502; 
0B9E:  CLRF   xF0
0BA0:  CLRF   xEF
0BA2:  MOVLW  25
0BA4:  MOVWF  xEE
0BA6:  MOVLW  02
0BA8:  MOVWF  xED
....................    vpcb[8].da=0x2502; 
0BAA:  CLRF   xF8
0BAC:  CLRF   xF7
0BAE:  MOVLW  25
0BB0:  MOVWF  xF6
0BB2:  MOVLW  02
0BB4:  MOVWF  xF5
....................    vpcb[8].df=0x2850; 
0BB6:  CLRF   xF4
0BB8:  CLRF   xF3
0BBA:  MOVLW  28
0BBC:  MOVWF  xF2
0BBE:  MOVLW  50
0BC0:  MOVWF  xF1
....................     
....................     
....................    vpcb[0].estado=0; 
0BC2:  CLRF   x69
....................    vpcb[1].estado=0; 
0BC4:  CLRF   x7B
....................    vpcb[2].estado=0; 
0BC6:  CLRF   x8D
....................    vpcb[3].estado=0; 
0BC8:  CLRF   x9F
....................    vpcb[4].estado=0; 
0BCA:  CLRF   xB1
....................    vpcb[5].estado=0; 
0BCC:  CLRF   xC3
....................    vpcb[6].estado=0; 
0BCE:  CLRF   xD5
....................    vpcb[7].estado=0; 
0BD0:  CLRF   xE7
....................    vpcb[8].estado=0; 
0BD2:  CLRF   xF9
0BD4:  GOTO   0BF8 (RETURN)
....................     
.................... } 
....................  
.................... void MCU_Init() 
.................... { 
....................    printf("Conectado.............*"); 
*
0BEA:  MOVLW  CA
0BEC:  MOVWF  FF6
0BEE:  MOVLW  06
0BF0:  MOVWF  FF7
0BF2:  RCALL  0488
....................    Port_Init(); 
0BF4:  BRA    0A74
....................    Procesos_Init(); 
0BF6:  BRA    0A86
....................    inte_Init(); 
0BF8:  BRA    0BD8
....................    Config_TMR0(); 
0BFA:  BRA    0BE2
....................    setup_spi(FALSE); 
0BFC:  CLRF   FC6
....................    setup_psp(PSP_DISABLED); 
0BFE:  BCF    F96.4
....................    setup_comparator(NC_NC_NC_NC); 
0C00:  MOVLW  07
0C02:  MOVWF  FB4
0C04:  MOVF   F92,W
0C06:  MOVWF  F92
0C08:  MOVLW  07
0C0A:  MOVWF  00
0C0C:  DECFSZ 00,F
0C0E:  BRA    0C0C
0C10:  BRA    0C12
0C12:  NOP   
0C14:  MOVF   FB4,W
0C16:  BCF    FA1.6
....................    setup_vref(FALSE); 
0C18:  CLRF   FB5
....................    port_b_pullups(FALSE); 
0C1A:  BSF    FF1.7
0C1C:  GOTO   0C6A (RETURN)
.................... } 
....................  
....................  
.................... #ORG 0x4000, 0x4FFE 
.................... void Inicio_SO() 
.................... { 
....................    while (TRUE) 
....................    {        
....................       if(flagcmd){ 
*
4000:  BTFSS  33.2
4002:  BRA    4008
....................          procesa_cmd(); 
4004:  GOTO   0708
....................       } 
....................       switch(comando) 
4008:  MOVLW  43
400A:  SUBWF  5C,W
400C:  ADDLW  EA
400E:  BTFSC  FD8.0
4010:  BRA    426C
4012:  ADDLW  16
4014:  GOTO   09DA
....................       { 
....................          case 'C': {    // Cargar proceso especifico 
....................                      if (valor2<9) cargar_proceso(valor2 , 1); 
4018:  MOVF   35,W
401A:  SUBLW  08
401C:  BNC   402E
401E:  MOVFF  35,50F
4022:  MOVLW  01
4024:  MOVLB  5
4026:  MOVWF  x10
4028:  MOVLB  0
402A:  CALL   07EC
....................                      printf("C+%i*", valor2); 
402E:  MOVLW  43
4030:  BTFSS  F9E.4
4032:  BRA    4030
4034:  MOVWF  FAD
4036:  MOVLW  2B
4038:  BTFSS  F9E.4
403A:  BRA    4038
403C:  MOVWF  FAD
403E:  MOVFF  35,50E
4042:  MOVLW  18
4044:  MOVLB  5
4046:  MOVWF  x0F
4048:  MOVLB  0
404A:  CALL   085A
404E:  MOVLW  2A
4050:  BTFSS  F9E.4
4052:  BRA    4050
4054:  MOVWF  FAD
....................                      delay_us(100); 
4056:  MOVLW  52
4058:  MOVWF  00
405A:  DECFSZ 00,F
405C:  BRA    405A
405E:  BRA    4060
4060:  NOP   
....................                      break; 
4062:  BRA    426C
....................                    } 
....................          case 'D': {    // Descargar proceso especifico 
....................                      if (valor2<9) descargar_proceso(valor2); 
4064:  MOVF   35,W
4066:  SUBLW  08
4068:  BNC   4072
406A:  MOVFF  35,50E
406E:  CALL   0918
....................                      printf("D+%i*", valor2); 
4072:  MOVLW  44
4074:  BTFSS  F9E.4
4076:  BRA    4074
4078:  MOVWF  FAD
407A:  MOVLW  2B
407C:  BTFSS  F9E.4
407E:  BRA    407C
4080:  MOVWF  FAD
4082:  MOVFF  35,50E
4086:  MOVLW  18
4088:  MOVLB  5
408A:  MOVWF  x0F
408C:  MOVLB  0
408E:  CALL   085A
4092:  MOVLW  2A
4094:  BTFSS  F9E.4
4096:  BRA    4094
4098:  MOVWF  FAD
....................                      delay_us(100); 
409A:  MOVLW  52
409C:  MOVWF  00
409E:  DECFSZ 00,F
40A0:  BRA    409E
40A2:  BRA    40A4
40A4:  NOP   
....................                      break; 
40A6:  BRA    426C
....................                    } 
....................          case 'U': {    // Cargar procesos 1-6 
....................                      for (m=1;m<4;m++) {cargar_proceso(m , 1);} 
40A8:  MOVLW  01
40AA:  MOVWF  1E
40AC:  MOVF   1E,W
40AE:  SUBLW  03
40B0:  BNC   40C6
40B2:  MOVFF  1E,50F
40B6:  MOVLW  01
40B8:  MOVLB  5
40BA:  MOVWF  x10
40BC:  MOVLB  0
40BE:  CALL   07EC
40C2:  INCF   1E,F
40C4:  BRA    40AC
....................                      break; 
40C6:  BRA    426C
....................                    } 
....................          case 'X': {    // Descargar procesos 1-6 
....................                      for (m=1;m<4;m++) {descargar_proceso(m);} 
40C8:  MOVLW  01
40CA:  MOVWF  1E
40CC:  MOVF   1E,W
40CE:  SUBLW  03
40D0:  BNC   40DE
40D2:  MOVFF  1E,50E
40D6:  CALL   0918
40DA:  INCF   1E,F
40DC:  BRA    40CC
....................                      break; 
40DE:  BRA    426C
....................                    } 
....................          case 'M': {    // iniciar/detener carga del calendario 
....................                      if (valor2 == 0) { 
40E0:  MOVF   35,F
40E2:  BNZ   4172
....................                         estado_calendario = 3; 
40E4:  MOVLW  03
40E6:  MOVLB  4
40E8:  MOVWF  xFB
....................                         mcm = val3+(val2*10)+(val1*100); 
40EA:  MOVFF  3D,521
40EE:  MOVFF  3C,520
40F2:  MOVFF  3B,51F
40F6:  MOVFF  3A,51E
40FA:  MOVLB  5
40FC:  CLRF   x25
40FE:  CLRF   x24
4100:  CLRF   x23
4102:  MOVLW  0A
4104:  MOVWF  x22
4106:  MOVLB  0
4108:  CALL   04AA
410C:  MOVF   00,W
410E:  ADDWF  3E,W
4110:  MOVLB  5
4112:  MOVWF  x0E
4114:  MOVF   01,W
4116:  ADDWFC 3F,W
4118:  MOVWF  x0F
411A:  MOVF   02,W
411C:  ADDWFC 40,W
411E:  MOVWF  x10
4120:  MOVF   03,W
4122:  ADDWFC 41,W
4124:  MOVWF  x11
4126:  MOVFF  39,521
412A:  MOVFF  38,520
412E:  MOVFF  37,51F
4132:  MOVFF  36,51E
4136:  CLRF   x25
4138:  CLRF   x24
413A:  CLRF   x23
413C:  MOVLW  64
413E:  MOVWF  x22
4140:  MOVLB  0
4142:  CALL   04AA
4146:  MOVF   00,W
4148:  MOVLB  5
414A:  ADDWF  x0E,W
414C:  MOVLB  4
414E:  MOVWF  xFD
4150:  MOVF   01,W
4152:  MOVLB  5
4154:  ADDWFC x0F,W
4156:  MOVLB  4
4158:  MOVWF  xFE
....................                         limpiar_calendario (mcm); 
415A:  MOVFF  4FD,50E
415E:  MOVLB  0
4160:  GOTO   09B6
....................                         printf("M+0*"); 
4164:  MOVLW  2A
4166:  MOVWF  FF6
4168:  MOVLW  0A
416A:  MOVWF  FF7
416C:  CALL   0488
....................                      } else if ( valor2 == 1 ){ 
4170:  BRA    4188
4172:  DECFSZ 35,W
4174:  BRA    4188
....................                         estado_calendario = 0; 
4176:  MOVLB  4
4178:  CLRF   xFB
....................                         printf("M+1*"); 
417A:  MOVLW  30
417C:  MOVWF  FF6
417E:  MOVLW  0A
4180:  MOVWF  FF7
4182:  MOVLB  0
4184:  CALL   0488
....................                      } 
....................                      break; 
4188:  BRA    426C
....................                    } 
....................          case 'P': {    // Guardar un proceso en el calendario 
....................                      int pos; 
....................                      pos = val3+(val2*10)+(val1*100); 
418A:  MOVFF  3D,521
418E:  MOVFF  3C,520
4192:  MOVFF  3B,51F
4196:  MOVFF  3A,51E
419A:  MOVLB  5
419C:  CLRF   x25
419E:  CLRF   x24
41A0:  CLRF   x23
41A2:  MOVLW  0A
41A4:  MOVWF  x22
41A6:  MOVLB  0
41A8:  CALL   04AA
41AC:  MOVF   00,W
41AE:  ADDWF  3E,W
41B0:  MOVLB  5
41B2:  MOVWF  x0E
41B4:  MOVF   01,W
41B6:  ADDWFC 3F,W
41B8:  MOVWF  x0F
41BA:  MOVF   02,W
41BC:  ADDWFC 40,W
41BE:  MOVWF  x10
41C0:  MOVF   03,W
41C2:  ADDWFC 41,W
41C4:  MOVWF  x11
41C6:  MOVFF  39,521
41CA:  MOVFF  38,520
41CE:  MOVFF  37,51F
41D2:  MOVFF  36,51E
41D6:  CLRF   x25
41D8:  CLRF   x24
41DA:  CLRF   x23
41DC:  MOVLW  64
41DE:  MOVWF  x22
41E0:  MOVLB  0
41E2:  CALL   04AA
41E6:  MOVF   00,W
41E8:  MOVLB  5
41EA:  ADDWF  x0E,W
41EC:  MOVWF  x0D
....................                      Calendario[pos] = valor2; 
41EE:  MOVLW  11
41F0:  ADDWF  x0D,W
41F2:  MOVWF  FE9
41F4:  MOVLW  01
41F6:  MOVWF  FEA
41F8:  BTFSC  FD8.0
41FA:  INCF   FEA,F
41FC:  MOVFF  35,FEF
....................                      printf("P+%i*",valor2); 
4200:  MOVLW  50
4202:  BTFSS  F9E.4
4204:  BRA    4202
4206:  MOVWF  FAD
4208:  MOVLW  2B
420A:  BTFSS  F9E.4
420C:  BRA    420A
420E:  MOVWF  FAD
4210:  MOVFF  35,50E
4214:  MOVLW  18
4216:  MOVWF  x0F
4218:  MOVLB  0
421A:  CALL   085A
421E:  MOVLW  2A
4220:  BTFSS  F9E.4
4222:  BRA    4220
4224:  MOVWF  FAD
....................                      break; 
4226:  BRA    426C
....................                    } 
....................          case 'T': {    // Ejecutar calendario 
....................                      estado_calendario = 1; 
4228:  MOVLW  01
422A:  MOVLB  4
422C:  MOVWF  xFB
....................                      reloj = 0; 
422E:  CLRF   xFA
4230:  CLRF   xF9
....................                      pwmE = 1; 
4232:  BSF    33.1
....................                      printf("T+1*"); 
4234:  MOVLW  36
4236:  MOVWF  FF6
4238:  MOVLW  0A
423A:  MOVWF  FF7
423C:  MOVLB  0
423E:  CALL   0488
....................                      break; 
4242:  BRA    426C
....................                    } 
....................          case 'R': {    // Detener Calendario 
....................                      estado_calendario = 0; 
4244:  MOVLB  4
4246:  CLRF   xFB
....................                      set_pwm1_duty((int16)0); 
4248:  CLRF   FBE
424A:  MOVF   FBD,W
424C:  ANDLW  CF
424E:  MOVWF  FBD
....................                      printf("R+1*"); 
4250:  MOVLW  3C
4252:  MOVWF  FF6
4254:  MOVLW  0A
4256:  MOVWF  FF7
4258:  MOVLB  0
425A:  CALL   0488
....................                      break; 
425E:  BRA    426C
....................                    } 
....................          case 'V': {    // Version 
....................                      printf("Version del Sistema: V3.0*"); 
4260:  MOVLW  42
4262:  MOVWF  FF6
4264:  MOVLW  0A
4266:  MOVWF  FF7
4268:  CALL   0488
....................                      break; 
....................                    } 
....................          /*case 'W': { 
....................                      if(valor2 == 1){ 
....................                         numDuty1 = val3+(val2*10)+(val1*100); 
....................                      } 
....................                    } 
....................          */ 
....................       } 
....................       comando='-'; 
426C:  MOVLW  2D
426E:  MOVWF  5C
....................       valor2=100; 
4270:  MOVLW  64
4272:  MOVWF  35
....................       if (estado_calendario == 1){ 
4274:  MOVLB  4
4276:  DECFSZ xFB,W
4278:  BRA    42AC
....................          if (Calendario[reloj] != 0){ 
427A:  MOVLW  11
427C:  ADDWF  xF9,W
427E:  MOVWF  FE9
4280:  MOVLW  01
4282:  ADDWFC xFA,W
4284:  MOVWF  FEA
4286:  MOVF   FEF,F
4288:  BZ    42AC
....................             cargar_proceso(Calendario[reloj] , 2); 
428A:  MOVLW  11
428C:  ADDWF  xF9,W
428E:  MOVWF  FE9
4290:  MOVLW  01
4292:  ADDWFC xFA,W
4294:  MOVWF  FEA
4296:  MOVFF  FEF,50E
429A:  MOVFF  50E,50F
429E:  MOVLW  02
42A0:  MOVLB  5
42A2:  MOVWF  x10
42A4:  MOVLB  0
42A6:  CALL   07EC
42AA:  MOVLB  4
....................          } 
....................       } 
....................       if(np>0 || estado_calendario == 1 ) 
42AC:  MOVF   17,F
42AE:  BNZ   42B4
42B0:  DECFSZ xFB,W
42B2:  BRA    43A6
....................       { 
....................          if(vpcb[colap[0]].estado==1) 
42B4:  MOVF   18,W
42B6:  MULLW  12
42B8:  MOVF   FF3,W
42BA:  MOVLB  5
42BC:  CLRF   x0F
42BE:  MOVWF  x0E
42C0:  MOVLW  0C
42C2:  ADDWF  x0E,W
42C4:  MOVWF  01
42C6:  MOVLW  00
42C8:  ADDWFC x0F,W
42CA:  MOVWF  03
42CC:  MOVF   01,W
42CE:  ADDLW  5D
42D0:  MOVWF  FE9
42D2:  MOVLW  00
42D4:  ADDWFC 03,W
42D6:  MOVWF  FEA
42D8:  DECFSZ FEF,W
42DA:  BRA    433C
....................             {activar_timer(); 
42DC:  MOVLB  0
42DE:  CALL   0656
....................              vpcb[colap[0]].estado=2; 
42E2:  MOVF   18,W
42E4:  MULLW  12
42E6:  MOVF   FF3,W
42E8:  MOVLB  5
42EA:  CLRF   x0F
42EC:  MOVWF  x0E
42EE:  MOVLW  0C
42F0:  ADDWF  x0E,W
42F2:  MOVWF  01
42F4:  MOVLW  00
42F6:  ADDWFC x0F,W
42F8:  MOVWF  03
42FA:  MOVF   01,W
42FC:  ADDLW  5D
42FE:  MOVWF  FE9
4300:  MOVLW  00
4302:  ADDWFC 03,W
4304:  MOVWF  FEA
4306:  MOVLW  02
4308:  MOVWF  FEF
....................              goto_address(vpcb[colap[0]].di); 
430A:  MOVF   18,W
430C:  MULLW  12
430E:  MOVF   FF3,W
4310:  CLRF   x0F
4312:  MOVWF  x0E
4314:  MOVLW  5D
4316:  ADDWF  x0E,W
4318:  MOVWF  FE9
431A:  MOVLW  00
431C:  ADDWFC x0F,W
431E:  MOVWF  FEA
4320:  MOVFF  FEF,510
4324:  MOVFF  FEC,511
4328:  MOVFF  FEC,512
432C:  MOVFF  FEC,513
4330:  MOVFF  511,FFA
4334:  MOVFF  510,FE8
4338:  MOVWF  FF9
....................             } 
433A:  BRA    43A6
....................          else 
....................             {wreg=vpcb[colap[0]].wreg; 
433C:  MOVF   18,W
433E:  MULLW  12
4340:  MOVF   FF3,W
4342:  CLRF   x0F
4344:  MOVWF  x0E
4346:  MOVLW  0D
4348:  ADDWF  x0E,W
434A:  MOVWF  01
434C:  MOVLW  00
434E:  ADDWFC x0F,W
4350:  MOVWF  03
4352:  MOVF   01,W
4354:  ADDLW  5D
4356:  MOVWF  FE9
4358:  MOVLW  00
435A:  ADDWFC 03,W
435C:  MOVWF  FEA
435E:  MOVFF  FEF,FE8
....................              activar_timer(); 
4362:  MOVLB  0
4364:  CALL   0656
....................              goto_address(vpcb[colap[0]].da); 
4368:  MOVF   18,W
436A:  MULLW  12
436C:  MOVF   FF3,W
436E:  MOVLB  5
4370:  CLRF   x0F
4372:  MOVWF  x0E
4374:  MOVLW  08
4376:  ADDWF  x0E,W
4378:  MOVWF  01
437A:  MOVLW  00
437C:  ADDWFC x0F,W
437E:  MOVWF  03
4380:  MOVF   01,W
4382:  ADDLW  5D
4384:  MOVWF  FE9
4386:  MOVLW  00
4388:  ADDWFC 03,W
438A:  MOVWF  FEA
438C:  MOVFF  FEF,50E
4390:  MOVFF  FEC,50F
4394:  MOVFF  FEC,510
4398:  MOVFF  FEC,511
439C:  MOVFF  50F,FFA
43A0:  MOVFF  50E,FE8
43A4:  MOVWF  FF9
....................             } 
....................       } 
43A6:  MOVLB  0
43A8:  BRA    4000
....................    } 
43AA:  RETURN 0
.................... } 
....................  
.................... void main(void) 
*
0C20:  CLRF   FF8
0C22:  BCF    FD0.7
0C24:  BSF    07.7
0C26:  BCF    FB8.3
0C28:  MOVLW  40
0C2A:  MOVWF  FAF
0C2C:  MOVLW  A6
0C2E:  MOVWF  FAC
0C30:  MOVLW  90
0C32:  MOVWF  FAB
0C34:  CLRF   17
0C36:  BCF    33.0
0C38:  CLRF   35
0C3A:  BCF    33.1
0C3C:  CLRF   50
0C3E:  CLRF   5B
0C40:  BCF    33.2
0C42:  MOVLB  4
0C44:  CLRF   xFA
0C46:  CLRF   xF9
0C48:  CLRF   xFB
0C4A:  CLRF   xFC
0C4C:  CLRF   xFE
0C4E:  CLRF   xFD
0C50:  MOVF   FC1,W
0C52:  ANDLW  C0
0C54:  IORLW  0F
0C56:  MOVWF  FC1
0C58:  MOVLW  07
0C5A:  MOVWF  FB4
.................... { 
....................    printf("Esperando conexión..*"); 
0C5C:  MOVLW  5E
0C5E:  MOVWF  FF6
0C60:  MOVLW  0A
0C62:  MOVWF  FF7
0C64:  MOVLB  0
0C66:  RCALL  0488
....................     
....................    MCU_Init(); 
0C68:  BRA    0BEA
....................    #asm 
....................    call 0x4000 
0C6A:  CALL   4000,1
....................    #endasm 
.................... } 
....................  
0C6E:  SLEEP 

Configuration Fuses:
   Word  1: CC27   PLL12 CPUDIV1 USBDIV HS FCMEN IESO
   Word  2: 1E3E   PUT BROWNOUT BORV21 VREGEN NOWDT WDT32768
   Word  3: 0700   CCP2C1 PBADEN LPT1OSC NOMCLR
   Word  4: 00A1   STVREN NOLVP ICSP2 NOXINST NODEBUG
   Word  5: C00F   NOPROTECT NOCPB NOCPD
   Word  6: E00F   NOWRT NOWRTC NOWRTB NOWRTD
   Word  7: 400F   NOEBTR NOEBTRB
