CCS PCM C Compiler, Version 5.008, 5967               08-oct-14 02:30

               Filename:   D:\IGNACIO\ProgramacionGitHub\MT325-TiempoReal\Sistema\Programa PIC\Recepcion AN0\recepcionPicPot.lst

               ROM used:   70 words (1%)
                           Largest free fragment is 2048
               RAM used:   6 (2%) at main() level
                           7 (2%) worst case
               Stack used: 1 locations
               Stack size: 7

*
0000:  NOP
0001:  MOVLW  00
0002:  MOVWF  0A
0003:  GOTO   01B
.................... #include <16f877a.h> 
.................... //////// Standard Header file for the PIC16F877A device //////////////// 
.................... #device PIC16F877A 
....................  
.................... #list 
....................  
.................... #device ICD=TRUE 
.................... #device adc=10 
.................... #fuses HS,NOWDT,NOPROTECT,NOLVP  
.................... #use delay(clock=10000000)  
0004:  MOVLW  22
0005:  MOVWF  04
0006:  BCF    03.7
0007:  MOVF   00,W
0008:  BTFSC  03.2
0009:  GOTO   018
000A:  MOVLW  03
000B:  MOVWF  78
000C:  CLRF   77
000D:  DECFSZ 77,F
000E:  GOTO   00D
000F:  DECFSZ 78,F
0010:  GOTO   00C
0011:  MOVLW  3C
0012:  MOVWF  77
0013:  DECFSZ 77,F
0014:  GOTO   013
0015:  GOTO   016
0016:  DECFSZ 00,F
0017:  GOTO   00A
0018:  BCF    0A.3
0019:  BCF    0A.4
001A:  GOTO   043 (RETURN)
.................... #use rs232(baud=9600,parity=N,xmit=PIN_C6,rcv=PIN_C7,bits=8)  
.................... #use FAST_IO(A)  
.................... #use FAST_IO(B) 
.................... #use FAST_IO(C)  
....................  
.................... void main() 
001B:  MOVF   03,W
001C:  ANDLW  1F
001D:  MOVWF  03
001E:  MOVLW  40
001F:  BSF    03.5
0020:  MOVWF  19
0021:  MOVLW  A6
0022:  MOVWF  18
0023:  MOVLW  90
0024:  BCF    03.5
0025:  MOVWF  18
0026:  BSF    03.5
0027:  BSF    1F.0
0028:  BSF    1F.1
0029:  BSF    1F.2
002A:  BCF    1F.3
002B:  MOVLW  07
002C:  MOVWF  1C
002D:  BCF    03.7
.................... { 
....................    //int16 q; 
....................    char q; 
....................    //int16 p=0; 
....................    //setup_adc_ports(AN0); 
....................    //setup_adc(ADC_CLOCK_INTERNAL); 
.................... //printf("Tiempo"); 
.................... //putc(0x3B);//envia punto y coma 
.................... //printf("Tension\r"); 
.................... for(;;){ 
....................       //set_adc_channel(0);   
....................       delay_us(20); 
002E:  MOVLW  10
002F:  MOVWF  77
0030:  DECFSZ 77,F
0031:  GOTO   030
0032:  NOP
....................       //q=read_adc(); 
....................       q=getch(); 
0033:  BCF    03.5
0034:  BTFSS  0C.5
0035:  GOTO   034
0036:  MOVF   1A,W
0037:  MOVWF  21
....................       //q='a'; 
....................       //printf("%4ld",p++);//p se incrementa cada un segundo y se envia por usart 
....................       //putc(0x3B); 
....................       printf("%c\r",q);//q contiene el valor del convertidor ana / dig 
0038:  MOVF   21,W
0039:  BTFSS  0C.4
003A:  GOTO   039
003B:  MOVWF  19
003C:  MOVLW  0D
003D:  BTFSS  0C.4
003E:  GOTO   03D
003F:  MOVWF  19
....................       delay_ms(100); 
0040:  MOVLW  64
0041:  MOVWF  22
0042:  GOTO   004
0043:  BSF    03.5
0044:  GOTO   02E
....................    } 
.................... } 
....................  
0045:  GOTO   045

Configuration Fuses:
   Word  1: 373A   HS NOWDT NOPUT NOBROWNOUT NOLVP NOCPD NOWRT DEBUG NOPROTECT

   Some fuses have been forced to be compatible with the ICD debugger.
