CCS PCM C Compiler, Version 5.008, 5967               02-sep-14 17:31

               Filename:   D:\IGNACIO\ProgramacionGitHub\MT325-TiempoReal\Sistema\Programa PIC\ReboteDatos\ReboteDatos.lst

               ROM used:   64 words (1%)
                           Largest free fragment is 2048
               RAM used:   6 (2%) at main() level
                           7 (2%) worst case
               Stack used: 1 locations
               Stack size: 7

*
0000:  NOP
0001:  MOVLW  00
0002:  MOVWF  0A
0003:  GOTO   01B
.................... #include <16f877a.h> 
.................... //////// Standard Header file for the PIC16F877A device //////////////// 
.................... #device PIC16F877A 
....................  
.................... #list 
....................  
.................... #device ICD=TRUE 
.................... #fuses HS,NOWDT,NOPROTECT,NOLVP  
.................... #use delay(clock=10000000)  
0004:  MOVLW  21
0005:  MOVWF  04
0006:  BCF    03.7
0007:  MOVF   00,W
0008:  BTFSC  03.2
0009:  GOTO   018
000A:  MOVLW  03
000B:  MOVWF  78
000C:  CLRF   77
000D:  DECFSZ 77,F
000E:  GOTO   00D
000F:  DECFSZ 78,F
0010:  GOTO   00C
0011:  MOVLW  3C
0012:  MOVWF  77
0013:  DECFSZ 77,F
0014:  GOTO   013
0015:  GOTO   016
0016:  DECFSZ 00,F
0017:  GOTO   00A
0018:  BCF    0A.3
0019:  BCF    0A.4
001A:  GOTO   03E (RETURN)
.................... #use rs232(baud=9600,parity=N,xmit=PIN_C6,rcv=PIN_C7,bits=8)  
.................... #use FAST_IO(A)  
.................... #use FAST_IO(B) 
.................... #use FAST_IO(C)  
....................  
.................... // Definicion de variables 
....................    char q; 
.................... // ********************* 
....................  
.................... // Declaracion de Funciones 
....................     
.................... //************************* 
....................  
....................  
.................... // Funcion Principal 
.................... void main(){ 
001B:  MOVF   03,W
001C:  ANDLW  1F
001D:  MOVWF  03
001E:  MOVLW  40
001F:  BSF    03.5
0020:  MOVWF  19
0021:  MOVLW  A6
0022:  MOVWF  18
0023:  MOVLW  90
0024:  BCF    03.5
0025:  MOVWF  18
0026:  BSF    03.5
0027:  BSF    1F.0
0028:  BSF    1F.1
0029:  BSF    1F.2
002A:  BCF    1F.3
002B:  MOVLW  07
002C:  MOVWF  1C
002D:  BCF    03.7
....................    for(;;){ 
....................       q=getch(); 
002E:  BCF    03.5
002F:  BTFSS  0C.5
0030:  GOTO   02F
0031:  MOVF   1A,W
0032:  MOVWF  20
....................       printf("%c\r",q);//q contiene el valor del convertidor ana / dig 
0033:  MOVF   20,W
0034:  BTFSS  0C.4
0035:  GOTO   034
0036:  MOVWF  19
0037:  MOVLW  0D
0038:  BTFSS  0C.4
0039:  GOTO   038
003A:  MOVWF  19
....................       delay_ms(100); 
003B:  MOVLW  64
003C:  MOVWF  21
003D:  GOTO   004
003E:  GOTO   02F
....................    } 
.................... } 
.................... // Fin de la Funcion Principal 
003F:  GOTO   03F
....................  
....................  
.................... // Definicion de la Funciones 
....................     
.................... //*************************** 

Configuration Fuses:
   Word  1: 373A   HS NOWDT NOPUT NOBROWNOUT NOLVP NOCPD NOWRT DEBUG NOPROTECT

   Some fuses have been forced to be compatible with the ICD debugger.
