CCS PCH C Compiler, Version 5.008, 5967               04-dic-14 16:33

               Filename:   D:\IGNACIO\ProgramacionGitHub\MT325-TiempoReal\Sistema\Programa PIC\SistemaPIC18f4550\ComunicacionSerial\ComSerial.lst

               ROM used:   3826 bytes (12%)
                           Largest free fragment is 12288
               RAM used:   1270 (62%) at main() level
                           1303 (64%) worst case
               Stack used: 5 locations (2 in main + 3 for interrupts)
               Stack size: 31

*
0000:  GOTO   0950
*
0008:  MOVWF  04
000A:  MOVFF  FD8,05
000E:  MOVFF  FE0,06
0012:  MOVLB  0
0014:  MOVFF  FE9,0C
0018:  MOVFF  FEA,07
001C:  MOVFF  FE1,08
0020:  MOVFF  FE2,09
0024:  MOVFF  FD9,0A
0028:  MOVFF  FDA,0B
002C:  MOVFF  FF3,12
0030:  MOVFF  FF4,13
0034:  MOVFF  FFA,14
0038:  MOVFF  00,0E
003C:  MOVFF  01,0F
0040:  MOVFF  02,10
0044:  MOVFF  03,11
0048:  BTFSS  FF2.5
004A:  GOTO   0054
004E:  BTFSC  FF2.2
0050:  GOTO   00A8
0054:  BTFSS  F9D.5
0056:  GOTO   0060
005A:  BTFSC  F9E.5
005C:  GOTO   0396
0060:  MOVFF  0E,00
0064:  MOVFF  0F,01
0068:  MOVFF  10,02
006C:  MOVFF  11,03
0070:  MOVFF  0C,FE9
0074:  MOVFF  07,FEA
0078:  BSF    07.7
007A:  MOVFF  08,FE1
007E:  MOVFF  09,FE2
0082:  MOVFF  0A,FD9
0086:  MOVFF  0B,FDA
008A:  MOVFF  12,FF3
008E:  MOVFF  13,FF4
0092:  MOVFF  14,FFA
0096:  MOVF   04,W
0098:  MOVFF  06,FE0
009C:  MOVFF  05,FD8
00A0:  RETFIE 0
.................... #include <18F4550.h> 
.................... //////// Standard Header file for the PIC18F4550 device //////////////// 
.................... #device PIC18F4550 
*
03AC:  DATA 43,6F
03AE:  DATA 6E,65
03B0:  DATA 63,74
03B2:  DATA 61,64
03B4:  DATA 6F,2E
03B6:  DATA 2E,2E
03B8:  DATA 2E,2E
03BA:  DATA 2E,2E
03BC:  DATA 2E,2E
03BE:  DATA 2E,2E
03C0:  DATA 2E,2E
03C2:  DATA 2A,00
*
053C:  MOVLB  5
053E:  MOVF   x0C,W
0540:  CLRF   01
0542:  SUBWF  x0B,W
0544:  BC    054C
0546:  MOVFF  50B,00
054A:  BRA    0564
054C:  CLRF   00
054E:  MOVLW  08
0550:  MOVWF  x0D
0552:  RLCF   x0B,F
0554:  RLCF   00,F
0556:  MOVF   x0C,W
0558:  SUBWF  00,W
055A:  BTFSC  FD8.0
055C:  MOVWF  00
055E:  RLCF   01,F
0560:  DECFSZ x0D,F
0562:  BRA    0552
0564:  MOVLB  0
0566:  RETURN 0
0568:  MOVLW  20
056A:  MOVLB  5
056C:  BTFSS  x06.4
056E:  MOVLW  30
0570:  MOVWF  x07
0572:  MOVFF  505,00
0576:  BTFSS  x05.7
0578:  BRA    058A
057A:  COMF   00,F
057C:  INCF   00,F
057E:  MOVFF  00,505
0582:  MOVLW  2D
0584:  MOVWF  x07
0586:  BSF    x06.7
0588:  BSF    x06.0
058A:  MOVF   01,W
058C:  MOVFF  505,50B
0590:  MOVLW  64
0592:  MOVWF  x0C
0594:  MOVLB  0
0596:  RCALL  053C
0598:  MOVFF  00,505
059C:  MOVLW  30
059E:  ADDWF  01,W
05A0:  MOVLB  5
05A2:  MOVWF  x08
05A4:  MOVFF  505,50B
05A8:  MOVLW  0A
05AA:  MOVWF  x0C
05AC:  MOVLB  0
05AE:  RCALL  053C
05B0:  MOVLW  30
05B2:  ADDWF  00,W
05B4:  MOVLB  5
05B6:  MOVWF  x0A
05B8:  MOVLW  30
05BA:  ADDWF  01,W
05BC:  MOVWF  x09
05BE:  MOVFF  507,00
05C2:  MOVLW  30
05C4:  SUBWF  x08,W
05C6:  BZ    05D0
05C8:  BSF    x06.1
05CA:  BTFSC  x06.7
05CC:  BSF    x06.2
05CE:  BRA    05F4
05D0:  MOVFF  507,508
05D4:  MOVLW  20
05D6:  MOVWF  x07
05D8:  MOVLW  30
05DA:  SUBWF  x09,W
05DC:  BZ    05E6
05DE:  BSF    x06.0
05E0:  BTFSC  x06.7
05E2:  BSF    x06.1
05E4:  BRA    05F4
05E6:  BTFSS  FD8.2
05E8:  BSF    x06.0
05EA:  BNZ   05F4
05EC:  MOVFF  508,509
05F0:  MOVLW  20
05F2:  MOVWF  x08
05F4:  BTFSC  x06.2
05F6:  BRA    0602
05F8:  BTFSC  x06.1
05FA:  BRA    060A
05FC:  BTFSC  x06.0
05FE:  BRA    0612
0600:  BRA    061A
0602:  MOVF   x07,W
0604:  BTFSS  F9E.4
0606:  BRA    0604
0608:  MOVWF  FAD
060A:  MOVF   x08,W
060C:  BTFSS  F9E.4
060E:  BRA    060C
0610:  MOVWF  FAD
0612:  MOVF   x09,W
0614:  BTFSS  F9E.4
0616:  BRA    0614
0618:  MOVWF  FAD
061A:  MOVF   x0A,W
061C:  BTFSS  F9E.4
061E:  BRA    061C
0620:  MOVWF  FAD
0622:  MOVLB  0
0624:  RETURN 0
*
06C4:  MOVLB  5
06C6:  CLRF   x11
06C8:  CLRF   x12
06CA:  MOVLW  01
06CC:  MOVWF  x13
06CE:  CLRF   FDA
06D0:  CLRF   FD9
06D2:  MOVLW  05
06D4:  MOVWF  x16
06D6:  MOVLW  09
06D8:  MOVWF  x15
06DA:  MOVLW  05
06DC:  MOVWF  FEA
06DE:  MOVLW  0D
06E0:  MOVWF  FE9
06E2:  MOVFF  516,FE2
06E6:  MOVFF  515,FE1
06EA:  MOVFF  513,514
06EE:  BCF    FD8.0
06F0:  MOVF   FE5,W
06F2:  MULWF  FEE
06F4:  MOVF   FF3,W
06F6:  ADDWFC x11,F
06F8:  MOVF   FF4,W
06FA:  ADDWFC x12,F
06FC:  DECFSZ x14,F
06FE:  BRA    06EE
0700:  MOVFF  511,FDE
0704:  MOVFF  512,511
0708:  CLRF   x12
070A:  BTFSC  FD8.0
070C:  INCF   x12,F
070E:  INCF   x15,F
0710:  BTFSC  FD8.2
0712:  INCF   x16,F
0714:  INCF   x13,F
0716:  MOVF   x13,W
0718:  SUBLW  05
071A:  BNZ   06DA
071C:  MOVLB  0
071E:  RETURN 0
*
0744:  TBLRD*+
0746:  MOVF   FF5,F
0748:  BZ    0764
074A:  MOVFF  FF6,505
074E:  MOVFF  FF7,506
0752:  MOVF   FF5,W
0754:  BTFSS  F9E.4
0756:  BRA    0754
0758:  MOVWF  FAD
075A:  MOVFF  505,FF6
075E:  MOVFF  506,FF7
0762:  BRA    0744
0764:  RETURN 0
*
0772:  MOVFF  FF2,0D
0776:  BCF    FF2.7
0778:  ADDWF  FE8,W
077A:  CLRF   FF7
077C:  RLCF   FF7,F
077E:  ADDLW  97
0780:  MOVWF  FF6
0782:  MOVLW  07
0784:  ADDWFC FF7,F
0786:  TBLRD*-
0788:  MOVF   FF5,W
078A:  MOVWF  FFA
078C:  TBLRD*
078E:  MOVF   FF5,W
0790:  BTFSC  0D.7
0792:  BSF    FF2.7
0794:  MOVWF  FF9
0796:  DATA 18,40
0798:  DATA 58,40
079A:  DATA 3C,42
079C:  DATA 3C,42
079E:  DATA 3C,42
07A0:  DATA 3C,42
07A2:  DATA 3C,42
07A4:  DATA 3C,42
07A6:  DATA 3C,42
07A8:  DATA 3C,42
07AA:  DATA C8,40
07AC:  DATA 3C,42
07AE:  DATA 3C,42
07B0:  DATA 72,41
07B2:  DATA 3C,42
07B4:  DATA 2A,42
07B6:  DATA 3C,42
07B8:  DATA 10,42
07BA:  DATA 90,40
07BC:  DATA 3C,42
07BE:  DATA 3C,42
07C0:  DATA B0,40
07C2:  DATA 4D,2B
07C4:  DATA 30,2A
07C6:  DATA 00,00
07C8:  DATA 4D,2B
07CA:  DATA 31,2A
07CC:  DATA 00,00
07CE:  DATA 54,2B
07D0:  DATA 31,2A
07D2:  DATA 00,00
07D4:  DATA 52,2B
07D6:  DATA 31,2A
07D8:  DATA 00,00
07DA:  DATA 45,73
07DC:  DATA 70,65
07DE:  DATA 72,61
07E0:  DATA 6E,64
07E2:  DATA 6F,20
07E4:  DATA 63,6F
07E6:  DATA 6E,65
07E8:  DATA 78,69
07EA:  DATA F3,6E
07EC:  DATA 2E,2E
07EE:  DATA 2A,00
....................  
.................... #list 
....................  
....................  
.................... #use delay(clock=10000000) 
.................... #use rs232(baud=9600, xmit=PIN_C6,rcv=PIN_C7,bits=8,parity=N) 
.................... #fuses HS,NOPROTECT,NOWDT,NOLVP,CPUDIV1,nomclr 
.................... #define Tiempo 200 
....................  
.................... #use FAST_IO(A)  
.................... #use FAST_IO(B) 
.................... #use FAST_IO(D) 
....................  
.................... #byte T0CON=0xFD5 
.................... #byte wreg=0xFE8 
.................... #byte TOSU=0xFFF 
.................... #byte TOSH=0xFFE 
.................... #byte TOSL=0xFFD 
....................  
.................... int np=0; 
.................... int colap[6]; 
.................... int m,m1; 
.................... int8 i,j; 
....................  
.................... int8 k1,k2,k3,k4,k5,k6,k7; 
.................... int8 l1,l2,l3,l4,l5,l6,l7; 
.................... int cont; 
.................... int1 contar=0; 
....................  
.................... char proceso; 
....................  
.................... int const lenbuff=10; 
.................... int valor2=0; 
.................... int32 val1,val2,val3,val4,val5; 
.................... //int16 quantum=65048; 
....................  
....................  
.................... int   xbuff=0x00; 
.................... char  cbuff[lenbuff]; 
.................... char  rcvchar=0x00; 
.................... char  comando; 
.................... int1  flagcmd=0; 
....................  
....................  
.................... struct pcb{ 
.................... int32 di; 
.................... int32 df;  
.................... int32 da; 
.................... int estado;  
.................... int wreg;  
.................... int status; 
.................... int bsr; 
.................... int id; 
.................... int prioridad; 
.................... } vpcb[10]; 
....................  
.................... // ======== VARIABLES DEL CALENDARIO ========== \\ 
.................... // estado_calendario = 0 -->   No ejecutar  
.................... // estado_calendario = 1 -->   Ejecutar  
.................... // estado_calendario = 2 -->   Vacio 
.................... // estado_calendario = 3 -->   Cargando 
....................  
.................... int8 calendario[1000]; 
.................... int16 reloj = 0; 
.................... int estado_calendario = 0; 
.................... int prioridad_act = 0; 
.................... //========================= 
.................... int16 mcm=0; 
.................... //============================= 
....................  
....................  
.................... void activar_timer() 
.................... { 
....................    // set_timer0(65478);    //    para 3ms 
....................    // set_timer0(65438);    //    para 5ms 
....................    // set_timer0(65380);    //    para 8ms 
....................    // set_timer0(65341);    //    para 10ms 
....................    // set_timer0(65282);    //    para 13ms 
....................    // set_timer0(65243);    //    para 15ms 
....................    // set_timer0(65185);    //    para 18ms 
....................    // set_timer0(65146);    //    para 20ms 
....................     set_timer0(65048);    //    para 25ms 
*
0766:  MOVLW  FE
0768:  MOVWF  FD7
076A:  MOVLW  18
076C:  MOVWF  FD6
....................    // set_timer0(64950);    //    para 30ms 
....................    //set_timer0(quantum); 
....................    enable_interrupts(INT_TIMER0); 
076E:  BSF    FF2.5
0770:  RETURN 0
.................... } 
....................  
.................... void desactivar_timer() 
.................... { 
....................    disable_interrupts(INT_TIMER0); 
*
00A2:  BCF    FF2.5
00A4:  GOTO   00B0 (RETURN)
.................... } 
....................  
.................... void addcbuff(char c); 
.................... void mostrar_procesos(); 
.................... void descargar_proceso(int idp); 
.................... void Config_TMR0(); 
....................  
....................  
.................... #INT_TIMER0 
.................... void inter_quantum() 
00A8:  MOVLB  4
00AA:  CLRF   xF8
.................... {  int i=0; 
....................    desactivar_timer(); 
00AC:  MOVLB  0
00AE:  BRA    00A2
....................    output_toggle(PIN_D6); 
00B0:  BTG    F8C.6
....................    // Guardando variables 
....................    vpcb[colap[0]].wreg=wreg; 
00B2:  MOVF   17,W
00B4:  MULLW  12
00B6:  MOVF   FF3,W
00B8:  MOVLB  5
00BA:  CLRF   x01
00BC:  MOVWF  x00
00BE:  MOVLW  0D
00C0:  ADDWF  x00,W
00C2:  MOVWF  01
00C4:  MOVLW  00
00C6:  ADDWFC x01,W
00C8:  MOVWF  03
00CA:  MOVF   01,W
00CC:  ADDLW  54
00CE:  MOVWF  FE9
00D0:  MOVLW  00
00D2:  ADDWFC 03,W
00D4:  MOVWF  FEA
00D6:  MOVFF  FE8,FEF
....................    vpcb[colap[0]].da=(int32)TOSL; 
00DA:  MOVF   17,W
00DC:  MULLW  12
00DE:  MOVF   FF3,W
00E0:  CLRF   x01
00E2:  MOVWF  x00
00E4:  MOVLW  08
00E6:  ADDWF  x00,W
00E8:  MOVWF  01
00EA:  MOVLW  00
00EC:  ADDWFC x01,W
00EE:  MOVWF  03
00F0:  MOVF   01,W
00F2:  ADDLW  54
00F4:  MOVWF  FE9
00F6:  MOVLW  00
00F8:  ADDWFC 03,W
00FA:  MOVWF  FEA
00FC:  CLRF   01
00FE:  CLRF   02
0100:  CLRF   03
0102:  MOVFF  FFD,FEF
0106:  MOVFF  01,FEC
010A:  MOVFF  02,FEC
010E:  MOVFF  03,FEC
....................    vpcb[colap[0]].da=vpcb[colap[0]].da|((int32)TOSH<<8); 
0112:  MOVF   17,W
0114:  MULLW  12
0116:  MOVF   FF3,W
0118:  CLRF   x01
011A:  MOVWF  x00
011C:  MOVLW  08
011E:  ADDWF  x00,W
0120:  MOVWF  01
0122:  MOVLW  00
0124:  ADDWFC x01,W
0126:  MOVWF  03
0128:  MOVF   01,W
012A:  ADDLW  54
012C:  MOVWF  01
012E:  MOVLW  00
0130:  ADDWFC 03,F
0132:  MOVFF  01,500
0136:  MOVFF  03,501
013A:  MOVF   17,W
013C:  MULLW  12
013E:  MOVF   FF3,W
0140:  CLRF   x03
0142:  MOVWF  x02
0144:  MOVLW  08
0146:  ADDWF  x02,W
0148:  MOVWF  01
014A:  MOVLW  00
014C:  ADDWFC x03,W
014E:  MOVWF  03
0150:  MOVF   01,W
0152:  ADDLW  54
0154:  MOVWF  FE9
0156:  MOVLW  00
0158:  ADDWFC 03,W
015A:  MOVWF  FEA
015C:  MOVFF  FEF,502
0160:  MOVFF  FEC,503
0164:  MOVFF  FEC,504
0168:  MOVFF  FEC,505
016C:  CLRF   x08
016E:  CLRF   x07
0170:  CLRF   00
0172:  MOVF   00,W
0174:  IORWF  x02,W
0176:  MOVWF  00
0178:  MOVF   FFE,W
017A:  IORWF  x03,W
017C:  MOVWF  01
017E:  MOVF   x07,W
0180:  IORWF  x04,W
0182:  MOVWF  02
0184:  MOVF   x08,W
0186:  IORWF  x05,W
0188:  MOVFF  501,FEA
018C:  MOVFF  500,FE9
0190:  MOVFF  00,FEF
0194:  MOVFF  01,FEC
0198:  MOVFF  02,FEC
019C:  MOVWF  FEC
....................    vpcb[colap[0]].da=vpcb[colap[0]].da|((int32)TOSU<<16); 
019E:  MOVF   17,W
01A0:  MULLW  12
01A2:  MOVF   FF3,W
01A4:  CLRF   x01
01A6:  MOVWF  x00
01A8:  MOVLW  08
01AA:  ADDWF  x00,W
01AC:  MOVWF  01
01AE:  MOVLW  00
01B0:  ADDWFC x01,W
01B2:  MOVWF  03
01B4:  MOVF   01,W
01B6:  ADDLW  54
01B8:  MOVWF  01
01BA:  MOVLW  00
01BC:  ADDWFC 03,F
01BE:  MOVFF  01,500
01C2:  MOVFF  03,501
01C6:  MOVF   17,W
01C8:  MULLW  12
01CA:  MOVF   FF3,W
01CC:  CLRF   x03
01CE:  MOVWF  x02
01D0:  MOVLW  08
01D2:  ADDWF  x02,W
01D4:  MOVWF  01
01D6:  MOVLW  00
01D8:  ADDWFC x03,W
01DA:  MOVWF  03
01DC:  MOVF   01,W
01DE:  ADDLW  54
01E0:  MOVWF  FE9
01E2:  MOVLW  00
01E4:  ADDWFC 03,W
01E6:  MOVWF  FEA
01E8:  MOVFF  FEF,502
01EC:  MOVFF  FEC,503
01F0:  MOVFF  FEC,504
01F4:  MOVFF  FEC,505
01F8:  CLRF   x07
01FA:  CLRF   00
01FC:  CLRF   01
01FE:  MOVF   00,W
0200:  IORWF  x02,W
0202:  MOVWF  00
0204:  MOVF   01,W
0206:  IORWF  x03,W
0208:  MOVWF  01
020A:  MOVF   FFF,W
020C:  IORWF  x04,W
020E:  MOVWF  02
0210:  MOVF   x07,W
0212:  IORWF  x05,W
0214:  MOVFF  501,FEA
0218:  MOVFF  500,FE9
021C:  MOVFF  00,FEF
0220:  MOVFF  01,FEC
0224:  MOVFF  02,FEC
0228:  MOVWF  FEC
....................     
....................    // corriendo proceso 
....................    if(np>1) 
022A:  MOVF   16,W
022C:  SUBLW  01
022E:  BTFSC  FD8.0
0230:  BRA    032C
....................    {    
....................       prioridad_act = 0; 
0232:  MOVLB  4
0234:  CLRF   xF3
....................       for (i=1; i<np; i++ ){ 
0236:  MOVLW  01
0238:  MOVWF  xF8
023A:  MOVF   16,W
023C:  SUBWF  xF8,W
023E:  BC    02BA
....................          if (vpcb[colap[i]].prioridad > prioridad_act){ 
0240:  CLRF   03
0242:  MOVF   xF8,W
0244:  ADDLW  17
0246:  MOVWF  FE9
0248:  MOVLW  00
024A:  ADDWFC 03,W
024C:  MOVWF  FEA
024E:  MOVF   FEF,W
0250:  MULLW  12
0252:  MOVF   FF3,W
0254:  MOVLB  5
0256:  CLRF   x01
0258:  MOVWF  x00
025A:  MOVLW  11
025C:  ADDWF  x00,W
025E:  MOVWF  01
0260:  MOVLW  00
0262:  ADDWFC x01,W
0264:  MOVWF  03
0266:  MOVF   01,W
0268:  ADDLW  54
026A:  MOVWF  FE9
026C:  MOVLW  00
026E:  ADDWFC 03,W
0270:  MOVWF  FEA
0272:  MOVF   FEF,W
0274:  MOVLB  4
0276:  SUBWF  xF3,W
0278:  BC    02B6
....................             m1 = i; 
027A:  MOVFF  4F8,1E
....................             prioridad_act = vpcb[colap[i]].prioridad; 
027E:  CLRF   03
0280:  MOVF   xF8,W
0282:  ADDLW  17
0284:  MOVWF  FE9
0286:  MOVLW  00
0288:  ADDWFC 03,W
028A:  MOVWF  FEA
028C:  MOVF   FEF,W
028E:  MULLW  12
0290:  MOVF   FF3,W
0292:  MOVLB  5
0294:  CLRF   x01
0296:  MOVWF  x00
0298:  MOVLW  11
029A:  ADDWF  x00,W
029C:  MOVWF  01
029E:  MOVLW  00
02A0:  ADDWFC x01,W
02A2:  MOVWF  03
02A4:  MOVF   01,W
02A6:  ADDLW  54
02A8:  MOVWF  FE9
02AA:  MOVLW  00
02AC:  ADDWFC 03,W
02AE:  MOVWF  FEA
02B0:  MOVFF  FEF,4F3
02B4:  MOVLB  4
....................          } 
02B6:  INCF   xF8,F
02B8:  BRA    023A
....................       } 
....................        
....................       m=colap[0]; 
02BA:  MOVFF  17,1D
....................       colap[0] = colap[m1]; 
02BE:  CLRF   03
02C0:  MOVF   1E,W
02C2:  ADDLW  17
02C4:  MOVWF  FE9
02C6:  MOVLW  00
02C8:  ADDWFC 03,W
02CA:  MOVWF  FEA
02CC:  MOVFF  FEF,17
....................       for(i=m1;i<np-1;i++) 
02D0:  MOVFF  1E,4F8
02D4:  MOVLW  01
02D6:  SUBWF  16,W
02D8:  SUBWF  xF8,W
02DA:  BC    0316
....................       { 
....................          colap[i]=colap[i+1]; 
02DC:  CLRF   03
02DE:  MOVF   xF8,W
02E0:  ADDLW  17
02E2:  MOVWF  01
02E4:  MOVLW  00
02E6:  ADDWFC 03,F
02E8:  MOVFF  03,501
02EC:  MOVLW  01
02EE:  MOVLB  4
02F0:  ADDWF  xF8,W
02F2:  CLRF   03
02F4:  ADDLW  17
02F6:  MOVWF  FE9
02F8:  MOVLW  00
02FA:  ADDWFC 03,W
02FC:  MOVWF  FEA
02FE:  MOVFF  FEF,502
0302:  MOVLB  5
0304:  MOVFF  501,FEA
0308:  MOVFF  01,FE9
030C:  MOVFF  502,FEF
0310:  MOVLB  4
0312:  INCF   xF8,F
0314:  BRA    02D4
....................       } 
....................       colap[np-1]=m; 
0316:  MOVLW  01
0318:  SUBWF  16,W
031A:  CLRF   03
031C:  ADDLW  17
031E:  MOVWF  FE9
0320:  MOVLW  00
0322:  ADDWFC 03,W
0324:  MOVWF  FEA
0326:  MOVFF  1D,FEF
032A:  MOVLB  5
....................    } 
....................     
....................    /*if(contar == 1){ 
....................       cont++; 
....................    }*/ 
....................     
....................    if(estado_calendario == 1){ 
032C:  MOVLB  4
032E:  DECFSZ xF2,W
0330:  BRA    034A
....................       reloj++; 
0332:  INCF   xF0,F
0334:  BTFSC  FD8.2
0336:  INCF   xF1,F
....................       if(reloj >= mcm){ 
0338:  MOVF   xF5,W
033A:  SUBWF  xF1,W
033C:  BNC   034A
033E:  BNZ   0346
0340:  MOVF   xF4,W
0342:  SUBWF  xF0,W
0344:  BNC   034A
....................          reloj = 0; 
0346:  CLRF   xF1
0348:  CLRF   xF0
....................       } 
....................    } 
....................     
....................    //==== PC=S0_Init() ======= 
....................    TOSL=00; 
034A:  CLRF   FFD
....................    TOSH=40; 
034C:  MOVLW  28
034E:  MOVWF  FFE
....................    TOSU=00; 
0350:  CLRF   FFF
0352:  BCF    FF2.2
0354:  MOVLB  0
0356:  GOTO   0060
.................... }  
....................  
.................... void inte_Init()  // interrupcion de puerto serial 
.................... { 
....................    enable_interrupts(GLOBAL); 
*
0908:  MOVLW  C0
090A:  IORWF  FF2,F
....................    enable_interrupts(INT_RDA); 
090C:  BSF    F9D.5
090E:  GOTO   092A (RETURN)
.................... } 
....................  
....................  
.................... #INT_RDA 
.................... void serial_isr() 
.................... { 
....................    //printf("Recibido");     // se envia por Serial una palabra para verificar interrupcion 
....................    rcvchar = 0x00; 
*
0396:  CLRF   52
....................    rcvchar = getc();    // se recibe el caracter enviado por la computadora 
0398:  BTFSS  F9E.5
039A:  BRA    0398
039C:  MOVFF  FAE,52
....................    addcbuff(rcvchar);   // guarda el caracter en un buffer 
03A0:  MOVFF  52,4F8
03A4:  BRA    035A
03A6:  BCF    F9E.5
03A8:  GOTO   0060
.................... } 
....................  
.................... void addcbuff(char c)    
.................... { 
....................    switch(c) 
*
035A:  MOVLB  4
035C:  MOVF   xF8,W
035E:  XORLW  2A
0360:  MOVLB  0
0362:  BZ    0366
0364:  BRA    037E
....................    { 
....................       case '*':                  // en caso de recibir *, levanta el flag para saber que se termino de enviar un comando. 
....................          cbuff[xbuff++] = c; 
0366:  MOVF   47,W
0368:  INCF   47,F
036A:  CLRF   03
036C:  ADDLW  48
036E:  MOVWF  FE9
0370:  MOVLW  00
0372:  ADDWFC 03,W
0374:  MOVWF  FEA
0376:  MOVFF  4F8,FEF
....................          flagcmd = 1; 
037A:  BSF    30.1
....................       break; 
037C:  BRA    0392
....................       default: 
....................          cbuff[xbuff++] = c; 
037E:  MOVF   47,W
0380:  INCF   47,F
0382:  CLRF   03
0384:  ADDLW  48
0386:  MOVWF  FE9
0388:  MOVLW  00
038A:  ADDWFC 03,W
038C:  MOVWF  FEA
038E:  MOVFF  4F8,FEF
....................    } 
0392:  GOTO   03A6 (RETURN)
.................... } 
....................  
.................... void inicbuff(void)           // inicializa el buffer, limpiandolo 
.................... { 
....................    int i; 
....................    for (i=0; i<lenbuff;i++)       
*
03C4:  MOVLB  5
03C6:  CLRF   x11
03C8:  MOVF   x11,W
03CA:  SUBLW  09
03CC:  BNC   03E2
....................    { 
....................       cbuff[i] = 0x00; 
03CE:  CLRF   03
03D0:  MOVF   x11,W
03D2:  ADDLW  48
03D4:  MOVWF  FE9
03D6:  MOVLW  00
03D8:  ADDWFC 03,W
03DA:  MOVWF  FEA
03DC:  CLRF   FEF
03DE:  INCF   x11,F
03E0:  BRA    03C8
....................    } 
....................    xbuff=0x00; 
03E2:  CLRF   47
03E4:  MOVLB  0
03E6:  GOTO   04A8 (RETURN)
.................... } 
....................  
....................  
.................... void procesa_cmd(void){             // procesa el ultimo comando guardado, un comando esta comprendido entre $ hasta *  
03EA:  MOVLB  5
03EC:  CLRF   x06
....................   
....................    int i, j=0;                       
....................    char salida[lenbuff];            // Argumento de comando (si lo tiene) 
....................    disable_interrupts(int_rda);      
03EE:  BCF    F9D.5
....................    flagcmd=0;                       // Desactivo flag de comando pendiente. 
03F0:  BCF    30.1
....................    for (i=0;i<xbuff;i++) 
03F2:  CLRF   x05
03F4:  MOVF   47,W
03F6:  SUBWF  x05,W
03F8:  BC    04A4
....................    { 
....................       if (cbuff[i] == '$'){         // verifica que tenga '$' 
03FA:  CLRF   03
03FC:  MOVF   x05,W
03FE:  ADDLW  48
0400:  MOVWF  FE9
0402:  MOVLW  00
0404:  ADDWFC 03,W
0406:  MOVWF  FEA
0408:  MOVF   FEF,W
040A:  SUBLW  24
040C:  BNZ   04A0
....................          while((cbuff[i] != '*') & (i<xbuff))   // hasta que encuentre * 
040E:  CLRF   03
0410:  MOVF   x05,W
0412:  ADDLW  48
0414:  MOVWF  FE9
0416:  MOVLW  00
0418:  ADDWFC 03,W
041A:  MOVWF  FEA
041C:  MOVF   FEF,W
041E:  SUBLW  2A
0420:  BNZ   0426
0422:  MOVLW  00
0424:  BRA    0428
0426:  MOVLW  01
0428:  MOVWF  x11
042A:  MOVF   47,W
042C:  SUBWF  x05,W
042E:  BNC   0434
0430:  MOVLW  00
0432:  BRA    0436
0434:  MOVLW  01
0436:  ANDWF  x11,W
0438:  BZ    0472
....................          { 
....................             salida[j++]=cbuff[i++]; 
043A:  MOVF   x06,W
043C:  INCF   x06,F
043E:  CLRF   03
0440:  ADDLW  07
0442:  MOVWF  01
0444:  MOVLW  05
0446:  ADDWFC 03,F
0448:  MOVFF  01,511
044C:  MOVFF  03,512
0450:  MOVF   x05,W
0452:  INCF   x05,F
0454:  CLRF   03
0456:  ADDLW  48
0458:  MOVWF  FE9
045A:  MOVLW  00
045C:  ADDWFC 03,W
045E:  MOVWF  FEA
0460:  MOVFF  FEF,513
0464:  MOVFF  512,FEA
0468:  MOVFF  01,FE9
046C:  MOVFF  513,FEF
0470:  BRA    040E
....................          } 
....................          comando = salida[1]; 
0472:  MOVFF  508,53
....................          valor2 = salida[2] -'0'; 
0476:  MOVLW  30
0478:  SUBWF  x09,W
047A:  MOVWF  32
....................          val1 = salida[3]-'0'; 
047C:  MOVLW  30
047E:  SUBWF  x0A,W
0480:  MOVWF  33
0482:  CLRF   34
0484:  CLRF   35
0486:  CLRF   36
....................          val2 = salida[4]-'0'; 
0488:  MOVLW  30
048A:  SUBWF  x0B,W
048C:  MOVWF  37
048E:  CLRF   38
0490:  CLRF   39
0492:  CLRF   3A
....................          val3 = salida[5]-'0'; 
0494:  MOVLW  30
0496:  SUBWF  x0C,W
0498:  MOVWF  3B
049A:  CLRF   3C
049C:  CLRF   3D
049E:  CLRF   3E
....................           
....................       } 
04A0:  INCF   x05,F
04A2:  BRA    03F4
....................    } 
....................    inicbuff();                            // Borro buffer. 
04A4:  MOVLB  0
04A6:  BRA    03C4
....................    for(i=0;i<lenbuff;i++)                 // Bucle que pone a 0 todos los 
04A8:  MOVLB  5
04AA:  CLRF   x05
04AC:  MOVF   x05,W
04AE:  SUBLW  09
04B0:  BNC   04C6
....................    { 
....................       salida[i]=0x00;                     // caracteres en el argumento 
04B2:  CLRF   03
04B4:  MOVF   x05,W
04B6:  ADDLW  07
04B8:  MOVWF  FE9
04BA:  MOVLW  05
04BC:  ADDWFC 03,W
04BE:  MOVWF  FEA
04C0:  CLRF   FEF
04C2:  INCF   x05,F
04C4:  BRA    04AC
....................    } 
....................    enable_interrupts(int_rda);             
04C6:  BSF    F9D.5
04C8:  MOVLB  0
04CA:  GOTO   4008 (RETURN)
.................... } 
....................  
....................  
.................... //***************************************************************************** 
.................... //PROGRAMA 1: Parpadeo Led D0 
....................  
.................... #ORG 0x1000, 0x1044 
.................... void Parpadear_D0() 
.................... { 
....................    while(TRUE) 
....................    { 
....................       output_toggle(PIN_D0); 
*
1000:  BTG    F8C.0
....................       for (k1=1;k1<150;k1++){for (l1=1;l1<200;l1++){}} 
1002:  MOVLW  01
1004:  MOVWF  21
1006:  MOVF   21,W
1008:  SUBLW  95
100A:  BNC   101E
100C:  MOVLW  01
100E:  MOVWF  28
1010:  MOVF   28,W
1012:  SUBLW  C7
1014:  BNC   101A
1016:  INCF   28,F
1018:  BRA    1010
101A:  INCF   21,F
101C:  BRA    1006
....................       output_toggle(PIN_D0); 
101E:  BTG    F8C.0
....................       for (k1=1;k1<150;k1++){for (l1=1;l1<200;l1++){}} 
1020:  MOVLW  01
1022:  MOVWF  21
1024:  MOVF   21,W
1026:  SUBLW  95
1028:  BNC   103C
102A:  MOVLW  01
102C:  MOVWF  28
102E:  MOVF   28,W
1030:  SUBLW  C7
1032:  BNC   1038
1034:  INCF   28,F
1036:  BRA    102E
1038:  INCF   21,F
103A:  BRA    1024
103C:  BRA    1000
....................    } 
103E:  RETURN 0
.................... } 
....................  
.................... //***************************************************************************** 
.................... //PROGRAMA 2: Parpadeo Led D1 
....................  
.................... #ORG 0x1046, 0x1090        
.................... void Parpadear_D1() 
.................... { 
....................    while(TRUE) 
....................    { 
....................       output_toggle(PIN_D1); 
*
1046:  BTG    F8C.1
....................       for (k2=1;k2<50;k2++){for (l2=1;l2<200;l2++){}} 
1048:  MOVLW  01
104A:  MOVWF  22
104C:  MOVF   22,W
104E:  SUBLW  31
1050:  BNC   1064
1052:  MOVLW  01
1054:  MOVWF  29
1056:  MOVF   29,W
1058:  SUBLW  C7
105A:  BNC   1060
105C:  INCF   29,F
105E:  BRA    1056
1060:  INCF   22,F
1062:  BRA    104C
....................       output_toggle(PIN_D1); 
1064:  BTG    F8C.1
....................       for (k2=1;k2<50;k2++){for (l2=1;l2<200;l2++){}} 
1066:  MOVLW  01
1068:  MOVWF  22
106A:  MOVF   22,W
106C:  SUBLW  31
106E:  BNC   1082
1070:  MOVLW  01
1072:  MOVWF  29
1074:  MOVF   29,W
1076:  SUBLW  C7
1078:  BNC   107E
107A:  INCF   29,F
107C:  BRA    1074
107E:  INCF   22,F
1080:  BRA    106A
1082:  BRA    1046
....................    } 
1084:  RETURN 0
.................... } 
....................  
.................... //***************************************************************************** 
.................... //PROGRAMA 3: Parpadeo Led D2 
....................  
.................... #ORG 0x1092, 0x10D6 
.................... void Parpadear_D2() 
.................... { 
....................    while(TRUE) 
....................    { 
....................       output_toggle(PIN_D2); 
*
1092:  BTG    F8C.2
....................       for (k3=1;k3<100;k3++){for (l3=1;l3<200;l3++){}} 
1094:  MOVLW  01
1096:  MOVWF  23
1098:  MOVF   23,W
109A:  SUBLW  63
109C:  BNC   10B0
109E:  MOVLW  01
10A0:  MOVWF  2A
10A2:  MOVF   2A,W
10A4:  SUBLW  C7
10A6:  BNC   10AC
10A8:  INCF   2A,F
10AA:  BRA    10A2
10AC:  INCF   23,F
10AE:  BRA    1098
....................       output_toggle(PIN_D2); 
10B0:  BTG    F8C.2
....................       for (k3=1;k3<100;k3++){for (l3=1;l3<200;l3++){}} 
10B2:  MOVLW  01
10B4:  MOVWF  23
10B6:  MOVF   23,W
10B8:  SUBLW  63
10BA:  BNC   10CE
10BC:  MOVLW  01
10BE:  MOVWF  2A
10C0:  MOVF   2A,W
10C2:  SUBLW  C7
10C4:  BNC   10CA
10C6:  INCF   2A,F
10C8:  BRA    10C0
10CA:  INCF   23,F
10CC:  BRA    10B6
10CE:  BRA    1092
....................    } 
10D0:  RETURN 0
.................... } 
....................  
.................... //***************************************************************************** 
.................... //PROGRAMA 4: Parpadeo Led D3 - FINITO 
....................  
.................... #ORG 0x10D8, 0x11D8 
.................... void Parpadear_D3() 
.................... { 
....................    //cont = 0; 
....................    //contar = 1; 
....................    while(TRUE) 
....................    { 
....................       output_toggle(PIN_D3); 
*
10D8:  BTG    F8C.3
....................       for (k4=1;k4<200;k4++){for (l4=1;l4<100;l4++){}} 
10DA:  MOVLW  01
10DC:  MOVWF  24
10DE:  MOVF   24,W
10E0:  SUBLW  C7
10E2:  BNC   10F6
10E4:  MOVLW  01
10E6:  MOVWF  2B
10E8:  MOVF   2B,W
10EA:  SUBLW  63
10EC:  BNC   10F2
10EE:  INCF   2B,F
10F0:  BRA    10E8
10F2:  INCF   24,F
10F4:  BRA    10DE
....................       output_toggle(PIN_D3); 
10F6:  BTG    F8C.3
....................       for (k4=1;k4<200;k4++){for (l4=1;l4<100;l4++){}} 
10F8:  MOVLW  01
10FA:  MOVWF  24
10FC:  MOVF   24,W
10FE:  SUBLW  C7
1100:  BNC   1114
1102:  MOVLW  01
1104:  MOVWF  2B
1106:  MOVF   2B,W
1108:  SUBLW  63
110A:  BNC   1110
110C:  INCF   2B,F
110E:  BRA    1106
1110:  INCF   24,F
1112:  BRA    10FC
....................       comando = 'D'; 
1114:  MOVLW  44
1116:  MOVWF  53
....................       valor2 = 4; 
1118:  MOVLW  04
111A:  MOVWF  32
111C:  BRA    10D8
....................       //printf("T=%i*", cont); 
....................       //contar = 0; 
....................    } 
111E:  RETURN 0
.................... } 
....................  
.................... //***************************************************************************** 
.................... //PROGRAMA 5: Parpadeo Led D4 - FINITO 
....................  
.................... #ORG 0x11DA, 0x12DA 
.................... void Parpadear_D4() 
.................... { 
....................    //cont = 0; 
....................    //contar = 1; 
....................    while(TRUE) 
....................    { 
....................       output_toggle(PIN_D4); 
*
11DA:  BTG    F8C.4
....................       for (k5=1;k5<150;++k5){for (l5=1;l5<100;++l5){}} 
11DC:  MOVLW  01
11DE:  MOVWF  25
11E0:  MOVF   25,W
11E2:  SUBLW  95
11E4:  BNC   11F8
11E6:  MOVLW  01
11E8:  MOVWF  2C
11EA:  MOVF   2C,W
11EC:  SUBLW  63
11EE:  BNC   11F4
11F0:  INCF   2C,F
11F2:  BRA    11EA
11F4:  INCF   25,F
11F6:  BRA    11E0
....................       output_toggle(PIN_D4); 
11F8:  BTG    F8C.4
....................       for (k5=1;k5<150;++k5){for (l5=1;l5<100;++l5){}} 
11FA:  MOVLW  01
11FC:  MOVWF  25
11FE:  MOVF   25,W
1200:  SUBLW  95
1202:  BNC   1216
1204:  MOVLW  01
1206:  MOVWF  2C
1208:  MOVF   2C,W
120A:  SUBLW  63
120C:  BNC   1212
120E:  INCF   2C,F
1210:  BRA    1208
1212:  INCF   25,F
1214:  BRA    11FE
....................       comando = 'D'; 
1216:  MOVLW  44
1218:  MOVWF  53
....................       valor2 = 5; 
121A:  MOVLW  05
121C:  MOVWF  32
121E:  BRA    11DA
....................       //printf("T=%i*", cont); 
....................       //contar = 0; 
....................    } 
1220:  RETURN 0
.................... } 
....................  
....................  
.................... //***************************************************************************** 
.................... //PROGRAMA 6: Parpadeo Led B0 - FINITO 
....................  
.................... #ORG 0x12DC, 0x13DC 
.................... void Parpadear_B0() 
.................... { 
....................    //cont = 0; 
....................    //contar = 1; 
....................    while(TRUE) 
....................    { 
....................       output_toggle(PIN_B0); 
*
12DC:  BTG    F8A.0
....................       for (k6=1;k6<100;k6++){for (l6=1;l6<100;l6++){}} 
12DE:  MOVLW  01
12E0:  MOVWF  26
12E2:  MOVF   26,W
12E4:  SUBLW  63
12E6:  BNC   12FA
12E8:  MOVLW  01
12EA:  MOVWF  2D
12EC:  MOVF   2D,W
12EE:  SUBLW  63
12F0:  BNC   12F6
12F2:  INCF   2D,F
12F4:  BRA    12EC
12F6:  INCF   26,F
12F8:  BRA    12E2
....................       output_toggle(PIN_B0); 
12FA:  BTG    F8A.0
....................       for (k6=1;k6<100;k6++){for (l6=1;l6<100;l6++){}} 
12FC:  MOVLW  01
12FE:  MOVWF  26
1300:  MOVF   26,W
1302:  SUBLW  63
1304:  BNC   1318
1306:  MOVLW  01
1308:  MOVWF  2D
130A:  MOVF   2D,W
130C:  SUBLW  63
130E:  BNC   1314
1310:  INCF   2D,F
1312:  BRA    130A
1314:  INCF   26,F
1316:  BRA    1300
....................       comando = 'D'; 
1318:  MOVLW  44
131A:  MOVWF  53
....................       valor2 = 6; 
131C:  MOVLW  06
131E:  MOVWF  32
1320:  BRA    12DC
....................       //printf("T=%i*", cont); 
....................       //contar = 0; 
....................    } 
1322:  RETURN 0
.................... } 
....................  
.................... //***************************************************************************** 
.................... //PROGRAMA 7: Parpadeo Led B1 - FINITO 
.................... #ORG 0x13DE, 0x14DE 
.................... void Parpadear_B1() 
.................... { 
....................    //cont = 0; 
....................    //contar = 1; 
....................    while(TRUE) 
....................    { 
....................       output_toggle(PIN_B1); 
*
13DE:  BTG    F8A.1
....................       for (k7=1;k7<50;k7++){for (l7=1;l7<100;++l7){}} 
13E0:  MOVLW  01
13E2:  MOVWF  27
13E4:  MOVF   27,W
13E6:  SUBLW  31
13E8:  BNC   13FC
13EA:  MOVLW  01
13EC:  MOVWF  2E
13EE:  MOVF   2E,W
13F0:  SUBLW  63
13F2:  BNC   13F8
13F4:  INCF   2E,F
13F6:  BRA    13EE
13F8:  INCF   27,F
13FA:  BRA    13E4
....................       output_toggle(PIN_B1); 
13FC:  BTG    F8A.1
....................       for (k7=1;k7<50;k7++){for (l7=1;l7<100;++l7){}} 
13FE:  MOVLW  01
1400:  MOVWF  27
1402:  MOVF   27,W
1404:  SUBLW  31
1406:  BNC   141A
1408:  MOVLW  01
140A:  MOVWF  2E
140C:  MOVF   2E,W
140E:  SUBLW  63
1410:  BNC   1416
1412:  INCF   2E,F
1414:  BRA    140C
1416:  INCF   27,F
1418:  BRA    1402
....................       comando = 'D'; 
141A:  MOVLW  44
141C:  MOVWF  53
....................       valor2 = 7; 
141E:  MOVLW  07
1420:  MOVWF  32
1422:  BRA    13DE
....................       //printf("T=%i*", cont); 
....................       //contar = 0; 
....................    } 
1424:  RETURN 0
.................... } 
....................  
....................  
.................... /* 
.................... // PROGRAMA 5: Mostrar Procesos 
....................  
.................... #ORG 0x2502, 0x2850           // COMANDO: $C4* 
.................... void task_manager(){ 
....................    while(TRUE){ 
....................       desactivar_timer(); 
....................       int m; 
....................          int32 mproceso, mdirini, mdirfin, mdiract; 
....................          printf("|   Proceso  |  Dir.Ini  |  Dir.Fin  |  Dir.Act  |"); 
....................          for(m=0;m<np;m++) 
....................          { 
....................             mproceso = colap[m]+1; 
....................             mdirini = vpcb[mproceso-1].di; 
....................             mdirfin = vpcb[mproceso-1].df; 
....................             mdiract = vpcb[mproceso-1].da; 
....................             printf("|      %Lu     |   %Lu    |   %Lu    |   %Lu    |",mproceso,mdirini,mdirfin,mdiract); 
....................          } 
....................          printf("*"); 
....................       activar_timer(); 
....................       comando='D'; 
....................       valor2=5; 
....................    } 
....................     
.................... } 
.................... */ 
....................  
.................... void limpiar_calendario (int mcm){ 
....................    for (int i=0; i<mcm; i++){ 
*
0720:  MOVLB  5
0722:  CLRF   x06
0724:  MOVF   x05,W
0726:  SUBWF  x06,W
0728:  BC    073E
....................       Calendario[i] = 0; 
072A:  MOVLW  08
072C:  ADDWF  x06,W
072E:  MOVWF  FE9
0730:  MOVLW  01
0732:  MOVWF  FEA
0734:  BTFSC  FD8.0
0736:  INCF   FEA,F
0738:  CLRF   FEF
073A:  INCF   x06,F
073C:  BRA    0724
....................    } 
073E:  MOVLB  0
0740:  GOTO   414C (RETURN)
.................... } 
....................  
.................... void cargar_proceso(int idp, int prioridad) 
.................... { 
....................     colap[np]=idp-1; 
*
04CE:  CLRF   03
04D0:  MOVF   16,W
04D2:  ADDLW  17
04D4:  MOVWF  FE9
04D6:  MOVLW  00
04D8:  ADDWFC 03,W
04DA:  MOVWF  FEA
04DC:  MOVLW  01
04DE:  MOVLB  5
04E0:  SUBWF  x06,W
04E2:  MOVWF  FEF
....................     vpcb[idp-1].estado=1; 
04E4:  MOVLW  01
04E6:  SUBWF  x06,W
04E8:  MULLW  12
04EA:  MOVF   FF3,W
04EC:  CLRF   x09
04EE:  MOVWF  x08
04F0:  MOVLW  0C
04F2:  ADDWF  x08,W
04F4:  MOVWF  01
04F6:  MOVLW  00
04F8:  ADDWFC x09,W
04FA:  MOVWF  03
04FC:  MOVF   01,W
04FE:  ADDLW  54
0500:  MOVWF  FE9
0502:  MOVLW  00
0504:  ADDWFC 03,W
0506:  MOVWF  FEA
0508:  MOVLW  01
050A:  MOVWF  FEF
....................     vpcb[idp-1].prioridad =prioridad; 
050C:  SUBWF  x06,W
050E:  MULLW  12
0510:  MOVF   FF3,W
0512:  CLRF   x09
0514:  MOVWF  x08
0516:  MOVLW  11
0518:  ADDWF  x08,W
051A:  MOVWF  01
051C:  MOVLW  00
051E:  ADDWFC x09,W
0520:  MOVWF  03
0522:  MOVF   01,W
0524:  ADDLW  54
0526:  MOVWF  FE9
0528:  MOVLW  00
052A:  ADDWFC 03,W
052C:  MOVWF  FEA
052E:  MOVFF  507,FEF
....................     proceso=10; 
0532:  MOVLW  0A
0534:  MOVWF  31
....................     np++; 
0536:  INCF   16,F
0538:  MOVLB  0
053A:  RETURN 0
.................... } 
....................  
.................... void descargar_proceso(int idp) 
.................... { 
....................    int s,d,f; 
....................    for(s=0;s<np;s++) 
*
0626:  MOVLB  5
0628:  CLRF   x06
062A:  MOVF   16,W
062C:  SUBWF  x06,W
062E:  BC    0652
....................       {if(colap[s]==idp-1) 
0630:  CLRF   03
0632:  MOVF   x06,W
0634:  ADDLW  17
0636:  MOVWF  FE9
0638:  MOVLW  00
063A:  ADDWFC 03,W
063C:  MOVWF  FEA
063E:  MOVFF  FEF,509
0642:  MOVLW  01
0644:  SUBWF  x05,W
0646:  SUBWF  x09,W
0648:  BNZ   064E
....................          {d=s;} 
064A:  MOVFF  506,507
064E:  INCF   x06,F
0650:  BRA    062A
....................       } 
....................    f=np-1; 
0652:  MOVLW  01
0654:  SUBWF  16,W
0656:  MOVWF  x08
....................    for(s=d;s<f;s++) 
0658:  MOVFF  507,506
065C:  MOVF   x08,W
065E:  SUBWF  x06,W
0660:  BC    0696
....................       {colap[s]=colap[s+1]; 
0662:  CLRF   03
0664:  MOVF   x06,W
0666:  ADDLW  17
0668:  MOVWF  01
066A:  MOVLW  00
066C:  ADDWFC 03,F
066E:  MOVFF  03,50A
0672:  MOVLW  01
0674:  ADDWF  x06,W
0676:  CLRF   03
0678:  ADDLW  17
067A:  MOVWF  FE9
067C:  MOVLW  00
067E:  ADDWFC 03,W
0680:  MOVWF  FEA
0682:  MOVFF  FEF,50B
0686:  MOVFF  50A,FEA
068A:  MOVFF  01,FE9
068E:  MOVFF  50B,FEF
0692:  INCF   x06,F
0694:  BRA    065C
....................       } 
....................    np--;    
0696:  DECF   16,F
....................    vpcb[idp-1].estado=0; 
0698:  MOVLW  01
069A:  SUBWF  x05,W
069C:  MULLW  12
069E:  MOVF   FF3,W
06A0:  CLRF   x0A
06A2:  MOVWF  x09
06A4:  MOVLW  0C
06A6:  ADDWF  x09,W
06A8:  MOVWF  01
06AA:  MOVLW  00
06AC:  ADDWFC x0A,W
06AE:  MOVWF  03
06B0:  MOVF   01,W
06B2:  ADDLW  54
06B4:  MOVWF  FE9
06B6:  MOVLW  00
06B8:  ADDWFC 03,W
06BA:  MOVWF  FEA
06BC:  CLRF   FEF
....................    proceso=0; 
06BE:  CLRF   31
06C0:  MOVLB  0
06C2:  RETURN 0
.................... } 
....................  
.................... void Port_Init() 
.................... { 
....................    set_tris_b(0x00); 
*
07F0:  MOVLW  00
07F2:  MOVWF  F93
....................    set_tris_d(0x00); 
07F4:  MOVWF  F95
....................    set_tris_a(0x00); 
07F6:  MOVWF  F92
....................    output_b(0x00); 
07F8:  CLRF   F8A
....................    output_d(0x00); 
07FA:  CLRF   F8C
....................    output_a(0x00); 
07FC:  CLRF   F89
07FE:  GOTO   0926 (RETURN)
.................... } 
....................  
.................... void Config_TMR0() 
.................... { 
....................    T0CON=0b10000111; 
*
0912:  MOVLW  87
0914:  MOVWF  FD5
0916:  GOTO   092C (RETURN)
....................  
.................... } 
....................  
.................... void Procesos_Init() 
.................... { 
....................    //Programa 1 
....................    vpcb[0].di=0x1000; 
*
0802:  CLRF   57
0804:  CLRF   56
0806:  MOVLW  10
0808:  MOVWF  55
080A:  CLRF   54
....................    vpcb[0].da=0x1000;    
080C:  CLRF   5F
080E:  CLRF   5E
0810:  MOVWF  5D
0812:  CLRF   5C
....................    vpcb[0].df=0x1044; 
0814:  CLRF   5B
0816:  CLRF   5A
0818:  MOVWF  59
081A:  MOVLW  44
081C:  MOVWF  58
....................    //Programa 2 
....................    vpcb[1].di=0x1046; 
081E:  CLRF   x69
0820:  CLRF   x68
0822:  MOVLW  10
0824:  MOVWF  x67
0826:  MOVLW  46
0828:  MOVWF  x66
....................    vpcb[1].da=0x1046; 
082A:  CLRF   x71
082C:  CLRF   x70
082E:  MOVLW  10
0830:  MOVWF  x6F
0832:  MOVLW  46
0834:  MOVWF  x6E
....................    vpcb[1].df=0x1090; 
0836:  CLRF   x6D
0838:  CLRF   x6C
083A:  MOVLW  10
083C:  MOVWF  x6B
083E:  MOVLW  90
0840:  MOVWF  x6A
....................    //Programa 3 
....................    vpcb[2].di=0x1092; 
0842:  CLRF   x7B
0844:  CLRF   x7A
0846:  MOVLW  10
0848:  MOVWF  x79
084A:  MOVLW  92
084C:  MOVWF  x78
....................    vpcb[2].da=0x1092; 
084E:  CLRF   x83
0850:  CLRF   x82
0852:  MOVLW  10
0854:  MOVWF  x81
0856:  MOVLW  92
0858:  MOVWF  x80
....................    vpcb[2].df=0x10D6; 
085A:  CLRF   x7F
085C:  CLRF   x7E
085E:  MOVLW  10
0860:  MOVWF  x7D
0862:  MOVLW  D6
0864:  MOVWF  x7C
....................    //Programa 4 
....................    vpcb[3].di=0x10D8; 
0866:  CLRF   x8D
0868:  CLRF   x8C
086A:  MOVLW  10
086C:  MOVWF  x8B
086E:  MOVLW  D8
0870:  MOVWF  x8A
....................    vpcb[3].da=0x10D8; 
0872:  CLRF   x95
0874:  CLRF   x94
0876:  MOVLW  10
0878:  MOVWF  x93
087A:  MOVLW  D8
087C:  MOVWF  x92
....................    vpcb[3].df=0x11D8; 
087E:  CLRF   x91
0880:  CLRF   x90
0882:  MOVLW  11
0884:  MOVWF  x8F
0886:  MOVLW  D8
0888:  MOVWF  x8E
....................    //Programa 5 
....................    vpcb[4].di=0x11DA; 
088A:  CLRF   x9F
088C:  CLRF   x9E
088E:  MOVLW  11
0890:  MOVWF  x9D
0892:  MOVLW  DA
0894:  MOVWF  x9C
....................    vpcb[4].da=0x11DA; 
0896:  CLRF   xA7
0898:  CLRF   xA6
089A:  MOVLW  11
089C:  MOVWF  xA5
089E:  MOVLW  DA
08A0:  MOVWF  xA4
....................    vpcb[4].df=0x12DA; 
08A2:  CLRF   xA3
08A4:  CLRF   xA2
08A6:  MOVLW  12
08A8:  MOVWF  xA1
08AA:  MOVLW  DA
08AC:  MOVWF  xA0
....................    //Programa 6 
....................    vpcb[5].di=0x12DC; 
08AE:  CLRF   xB1
08B0:  CLRF   xB0
08B2:  MOVLW  12
08B4:  MOVWF  xAF
08B6:  MOVLW  DC
08B8:  MOVWF  xAE
....................    vpcb[5].da=0x12DC; 
08BA:  CLRF   xB9
08BC:  CLRF   xB8
08BE:  MOVLW  12
08C0:  MOVWF  xB7
08C2:  MOVLW  DC
08C4:  MOVWF  xB6
....................    vpcb[5].df=0x13DC; 
08C6:  CLRF   xB5
08C8:  CLRF   xB4
08CA:  MOVLW  13
08CC:  MOVWF  xB3
08CE:  MOVLW  DC
08D0:  MOVWF  xB2
....................    //Programa 7 
....................    vpcb[6].di=0x13DE; 
08D2:  CLRF   xC3
08D4:  CLRF   xC2
08D6:  MOVLW  13
08D8:  MOVWF  xC1
08DA:  MOVLW  DE
08DC:  MOVWF  xC0
....................    vpcb[6].da=0x13DE; 
08DE:  CLRF   xCB
08E0:  CLRF   xCA
08E2:  MOVLW  13
08E4:  MOVWF  xC9
08E6:  MOVLW  DE
08E8:  MOVWF  xC8
....................    vpcb[6].df=0x14DE; 
08EA:  CLRF   xC7
08EC:  CLRF   xC6
08EE:  MOVLW  14
08F0:  MOVWF  xC5
08F2:  MOVLW  DE
08F4:  MOVWF  xC4
....................     
....................    vpcb[0].estado=0; 
08F6:  CLRF   x60
....................    vpcb[1].estado=0; 
08F8:  CLRF   x72
....................    vpcb[2].estado=0; 
08FA:  CLRF   x84
....................    vpcb[3].estado=0; 
08FC:  CLRF   x96
....................    vpcb[4].estado=0; 
08FE:  CLRF   xA8
....................    vpcb[5].estado=0; 
0900:  CLRF   xBA
....................    vpcb[6].estado=0; 
0902:  CLRF   xCC
0904:  GOTO   0928 (RETURN)
....................  
....................     
.................... } 
....................  
.................... void MCU_Init() 
.................... { 
....................    printf("Conectado.............*"); 
*
091A:  MOVLW  AC
091C:  MOVWF  FF6
091E:  MOVLW  03
0920:  MOVWF  FF7
0922:  RCALL  0744
....................    Port_Init(); 
0924:  BRA    07F0
....................    Procesos_Init(); 
0926:  BRA    0802
....................    inte_Init(); 
0928:  BRA    0908
....................    Config_TMR0(); 
092A:  BRA    0912
....................    setup_spi(FALSE); 
092C:  CLRF   FC6
....................    setup_psp(PSP_DISABLED); 
092E:  BCF    F96.4
....................    setup_comparator(NC_NC_NC_NC); 
0930:  MOVLW  07
0932:  MOVWF  FB4
0934:  MOVF   F92,W
0936:  MOVWF  F92
0938:  MOVLW  07
093A:  MOVWF  00
093C:  DECFSZ 00,F
093E:  BRA    093C
0940:  BRA    0942
0942:  NOP   
0944:  MOVF   FB4,W
0946:  BCF    FA1.6
....................    setup_vref(FALSE); 
0948:  CLRF   FB5
....................    port_b_pullups(FALSE); 
094A:  BSF    FF1.7
094C:  GOTO   0998 (RETURN)
.................... } 
....................  
....................  
.................... #ORG 0x4000, 0x4FFE 
.................... void Inicio_SO() 
.................... { 
....................    while (TRUE) 
....................    {        
....................       if(flagcmd){ 
*
4000:  BTFSS  30.1
4002:  BRA    4008
....................          procesa_cmd(); 
4004:  GOTO   03EA
....................       } 
....................       switch(comando) 
4008:  MOVLW  43
400A:  SUBWF  53,W
400C:  ADDLW  EA
400E:  BTFSC  FD8.0
4010:  BRA    423C
4012:  ADDLW  16
4014:  GOTO   0772
....................       { 
....................          case 'C': {    // Cargar proceso especifico 
....................                      if (valor2<8) cargar_proceso(valor2 , 1); 
4018:  MOVF   32,W
401A:  SUBLW  07
401C:  BNC   402E
401E:  MOVFF  32,506
4022:  MOVLW  01
4024:  MOVLB  5
4026:  MOVWF  x07
4028:  MOVLB  0
402A:  CALL   04CE
....................                      printf("C+%i*", valor2); 
402E:  MOVLW  43
4030:  BTFSS  F9E.4
4032:  BRA    4030
4034:  MOVWF  FAD
4036:  MOVLW  2B
4038:  BTFSS  F9E.4
403A:  BRA    4038
403C:  MOVWF  FAD
403E:  MOVFF  32,505
4042:  MOVLW  18
4044:  MOVLB  5
4046:  MOVWF  x06
4048:  MOVLB  0
404A:  CALL   0568
404E:  MOVLW  2A
4050:  BTFSS  F9E.4
4052:  BRA    4050
4054:  MOVWF  FAD
....................                      break; 
4056:  BRA    423C
....................                    } 
....................          case 'D': {    // Descargar proceso especifico 
....................                      if (valor2<8) descargar_proceso(valor2); 
4058:  MOVF   32,W
405A:  SUBLW  07
405C:  BNC   4066
405E:  MOVFF  32,505
4062:  CALL   0626
....................                      printf("D+%i*", valor2); 
4066:  MOVLW  44
4068:  BTFSS  F9E.4
406A:  BRA    4068
406C:  MOVWF  FAD
406E:  MOVLW  2B
4070:  BTFSS  F9E.4
4072:  BRA    4070
4074:  MOVWF  FAD
4076:  MOVFF  32,505
407A:  MOVLW  18
407C:  MOVLB  5
407E:  MOVWF  x06
4080:  MOVLB  0
4082:  CALL   0568
4086:  MOVLW  2A
4088:  BTFSS  F9E.4
408A:  BRA    4088
408C:  MOVWF  FAD
....................                      break; 
408E:  BRA    423C
....................                    } 
....................          case 'U': {    // Cargar procesos 1-6 
....................                      for (m=1;m<4;m++) {cargar_proceso(m , 1);} 
4090:  MOVLW  01
4092:  MOVWF  1D
4094:  MOVF   1D,W
4096:  SUBLW  03
4098:  BNC   40AE
409A:  MOVFF  1D,506
409E:  MOVLW  01
40A0:  MOVLB  5
40A2:  MOVWF  x07
40A4:  MOVLB  0
40A6:  CALL   04CE
40AA:  INCF   1D,F
40AC:  BRA    4094
....................                      break; 
40AE:  BRA    423C
....................                    } 
....................          case 'X': {    // Descargar procesos 1-6 
....................                      for (m=1;m<4;m++) {descargar_proceso(m);} 
40B0:  MOVLW  01
40B2:  MOVWF  1D
40B4:  MOVF   1D,W
40B6:  SUBLW  03
40B8:  BNC   40C6
40BA:  MOVFF  1D,505
40BE:  CALL   0626
40C2:  INCF   1D,F
40C4:  BRA    40B4
....................                      break; 
40C6:  BRA    423C
....................                    } 
....................          case 'M': {    // iniciar/detener carga del calendario 
....................                      if (valor2 == 0) { 
40C8:  MOVF   32,F
40CA:  BNZ   415A
....................                         estado_calendario = 3; 
40CC:  MOVLW  03
40CE:  MOVLB  4
40D0:  MOVWF  xF2
....................                         mcm = val3+(val2*10)+(val1*100); 
40D2:  MOVFF  3A,50C
40D6:  MOVFF  39,50B
40DA:  MOVFF  38,50A
40DE:  MOVFF  37,509
40E2:  MOVLB  5
40E4:  CLRF   x10
40E6:  CLRF   x0F
40E8:  CLRF   x0E
40EA:  MOVLW  0A
40EC:  MOVWF  x0D
40EE:  MOVLB  0
40F0:  CALL   06C4
40F4:  MOVF   00,W
40F6:  ADDWF  3B,W
40F8:  MOVLB  5
40FA:  MOVWF  x05
40FC:  MOVF   01,W
40FE:  ADDWFC 3C,W
4100:  MOVWF  x06
4102:  MOVF   02,W
4104:  ADDWFC 3D,W
4106:  MOVWF  x07
4108:  MOVF   03,W
410A:  ADDWFC 3E,W
410C:  MOVWF  x08
410E:  MOVFF  36,50C
4112:  MOVFF  35,50B
4116:  MOVFF  34,50A
411A:  MOVFF  33,509
411E:  CLRF   x10
4120:  CLRF   x0F
4122:  CLRF   x0E
4124:  MOVLW  64
4126:  MOVWF  x0D
4128:  MOVLB  0
412A:  CALL   06C4
412E:  MOVF   00,W
4130:  MOVLB  5
4132:  ADDWF  x05,W
4134:  MOVLB  4
4136:  MOVWF  xF4
4138:  MOVF   01,W
413A:  MOVLB  5
413C:  ADDWFC x06,W
413E:  MOVLB  4
4140:  MOVWF  xF5
....................                         limpiar_calendario (mcm); 
4142:  MOVFF  4F4,505
4146:  MOVLB  0
4148:  GOTO   0720
....................                         printf("M+0*"); 
414C:  MOVLW  C2
414E:  MOVWF  FF6
4150:  MOVLW  07
4152:  MOVWF  FF7
4154:  CALL   0744
....................                      } else if ( valor2 == 1 ){ 
4158:  BRA    4170
415A:  DECFSZ 32,W
415C:  BRA    4170
....................                         estado_calendario = 0; 
415E:  MOVLB  4
4160:  CLRF   xF2
....................                         printf("M+1*"); 
4162:  MOVLW  C8
4164:  MOVWF  FF6
4166:  MOVLW  07
4168:  MOVWF  FF7
416A:  MOVLB  0
416C:  CALL   0744
....................                      } 
....................                      break; 
4170:  BRA    423C
....................                    } 
....................          case 'P': {    // Guardar un proceso en el calendario 
....................                      int pos; 
....................                      pos = val3+(val2*10)+(val1*100); 
4172:  MOVFF  3A,50C
4176:  MOVFF  39,50B
417A:  MOVFF  38,50A
417E:  MOVFF  37,509
4182:  MOVLB  5
4184:  CLRF   x10
4186:  CLRF   x0F
4188:  CLRF   x0E
418A:  MOVLW  0A
418C:  MOVWF  x0D
418E:  MOVLB  0
4190:  CALL   06C4
4194:  MOVF   00,W
4196:  ADDWF  3B,W
4198:  MOVLB  5
419A:  MOVWF  x05
419C:  MOVF   01,W
419E:  ADDWFC 3C,W
41A0:  MOVWF  x06
41A2:  MOVF   02,W
41A4:  ADDWFC 3D,W
41A6:  MOVWF  x07
41A8:  MOVF   03,W
41AA:  ADDWFC 3E,W
41AC:  MOVWF  x08
41AE:  MOVFF  36,50C
41B2:  MOVFF  35,50B
41B6:  MOVFF  34,50A
41BA:  MOVFF  33,509
41BE:  CLRF   x10
41C0:  CLRF   x0F
41C2:  CLRF   x0E
41C4:  MOVLW  64
41C6:  MOVWF  x0D
41C8:  MOVLB  0
41CA:  CALL   06C4
41CE:  MOVF   00,W
41D0:  MOVLB  5
41D2:  ADDWF  x05,W
41D4:  MOVWF  x04
....................                      Calendario[pos] = valor2; 
41D6:  MOVLW  08
41D8:  ADDWF  x04,W
41DA:  MOVWF  FE9
41DC:  MOVLW  01
41DE:  MOVWF  FEA
41E0:  BTFSC  FD8.0
41E2:  INCF   FEA,F
41E4:  MOVFF  32,FEF
....................                      printf("P+%i*",valor2); 
41E8:  MOVLW  50
41EA:  BTFSS  F9E.4
41EC:  BRA    41EA
41EE:  MOVWF  FAD
41F0:  MOVLW  2B
41F2:  BTFSS  F9E.4
41F4:  BRA    41F2
41F6:  MOVWF  FAD
41F8:  MOVFF  32,505
41FC:  MOVLW  18
41FE:  MOVWF  x06
4200:  MOVLB  0
4202:  CALL   0568
4206:  MOVLW  2A
4208:  BTFSS  F9E.4
420A:  BRA    4208
420C:  MOVWF  FAD
....................                      break; 
420E:  BRA    423C
....................                    } 
....................          case 'T': {    // Ejecutar calendario 
....................                      estado_calendario = 1; 
4210:  MOVLW  01
4212:  MOVLB  4
4214:  MOVWF  xF2
....................                      reloj = 0; 
4216:  CLRF   xF1
4218:  CLRF   xF0
....................                      printf("T+1*"); 
421A:  MOVLW  CE
421C:  MOVWF  FF6
421E:  MOVLW  07
4220:  MOVWF  FF7
4222:  MOVLB  0
4224:  CALL   0744
....................                      break; 
4228:  BRA    423C
....................                    } 
....................          case 'R': {    // Detener Calendario 
....................                      estado_calendario = 0; 
422A:  MOVLB  4
422C:  CLRF   xF2
....................                      printf("R+1*"); 
422E:  MOVLW  D4
4230:  MOVWF  FF6
4232:  MOVLW  07
4234:  MOVWF  FF7
4236:  MOVLB  0
4238:  CALL   0744
....................                      break; 
....................                    } 
....................       } 
....................       comando='-'; 
423C:  MOVLW  2D
423E:  MOVWF  53
....................       valor2=100; 
4240:  MOVLW  64
4242:  MOVWF  32
....................       if (estado_calendario == 1){ 
4244:  MOVLB  4
4246:  DECFSZ xF2,W
4248:  BRA    427C
....................          if (Calendario[reloj] != 0){ 
424A:  MOVLW  08
424C:  ADDWF  xF0,W
424E:  MOVWF  FE9
4250:  MOVLW  01
4252:  ADDWFC xF1,W
4254:  MOVWF  FEA
4256:  MOVF   FEF,F
4258:  BZ    427C
....................             cargar_proceso(Calendario[reloj] , 2); 
425A:  MOVLW  08
425C:  ADDWF  xF0,W
425E:  MOVWF  FE9
4260:  MOVLW  01
4262:  ADDWFC xF1,W
4264:  MOVWF  FEA
4266:  MOVFF  FEF,505
426A:  MOVFF  505,506
426E:  MOVLW  02
4270:  MOVLB  5
4272:  MOVWF  x07
4274:  MOVLB  0
4276:  CALL   04CE
427A:  MOVLB  4
....................          } 
....................       } 
....................       if(np>0) 
427C:  MOVF   16,F
427E:  BZ    4372
....................       { 
....................          if(vpcb[colap[0]].estado==1) 
4280:  MOVF   17,W
4282:  MULLW  12
4284:  MOVF   FF3,W
4286:  MOVLB  5
4288:  CLRF   x06
428A:  MOVWF  x05
428C:  MOVLW  0C
428E:  ADDWF  x05,W
4290:  MOVWF  01
4292:  MOVLW  00
4294:  ADDWFC x06,W
4296:  MOVWF  03
4298:  MOVF   01,W
429A:  ADDLW  54
429C:  MOVWF  FE9
429E:  MOVLW  00
42A0:  ADDWFC 03,W
42A2:  MOVWF  FEA
42A4:  DECFSZ FEF,W
42A6:  BRA    4308
....................             {activar_timer(); 
42A8:  MOVLB  0
42AA:  CALL   0766
....................              vpcb[colap[0]].estado=2; 
42AE:  MOVF   17,W
42B0:  MULLW  12
42B2:  MOVF   FF3,W
42B4:  MOVLB  5
42B6:  CLRF   x06
42B8:  MOVWF  x05
42BA:  MOVLW  0C
42BC:  ADDWF  x05,W
42BE:  MOVWF  01
42C0:  MOVLW  00
42C2:  ADDWFC x06,W
42C4:  MOVWF  03
42C6:  MOVF   01,W
42C8:  ADDLW  54
42CA:  MOVWF  FE9
42CC:  MOVLW  00
42CE:  ADDWFC 03,W
42D0:  MOVWF  FEA
42D2:  MOVLW  02
42D4:  MOVWF  FEF
....................              goto_address(vpcb[colap[0]].di); 
42D6:  MOVF   17,W
42D8:  MULLW  12
42DA:  MOVF   FF3,W
42DC:  CLRF   x06
42DE:  MOVWF  x05
42E0:  MOVLW  54
42E2:  ADDWF  x05,W
42E4:  MOVWF  FE9
42E6:  MOVLW  00
42E8:  ADDWFC x06,W
42EA:  MOVWF  FEA
42EC:  MOVFF  FEF,507
42F0:  MOVFF  FEC,508
42F4:  MOVFF  FEC,509
42F8:  MOVFF  FEC,50A
42FC:  MOVFF  508,FFA
4300:  MOVFF  507,FE8
4304:  MOVWF  FF9
....................             } 
4306:  BRA    4372
....................          else 
....................             {wreg=vpcb[colap[0]].wreg; 
4308:  MOVF   17,W
430A:  MULLW  12
430C:  MOVF   FF3,W
430E:  CLRF   x06
4310:  MOVWF  x05
4312:  MOVLW  0D
4314:  ADDWF  x05,W
4316:  MOVWF  01
4318:  MOVLW  00
431A:  ADDWFC x06,W
431C:  MOVWF  03
431E:  MOVF   01,W
4320:  ADDLW  54
4322:  MOVWF  FE9
4324:  MOVLW  00
4326:  ADDWFC 03,W
4328:  MOVWF  FEA
432A:  MOVFF  FEF,FE8
....................              activar_timer(); 
432E:  MOVLB  0
4330:  CALL   0766
....................              goto_address(vpcb[colap[0]].da); 
4334:  MOVF   17,W
4336:  MULLW  12
4338:  MOVF   FF3,W
433A:  MOVLB  5
433C:  CLRF   x06
433E:  MOVWF  x05
4340:  MOVLW  08
4342:  ADDWF  x05,W
4344:  MOVWF  01
4346:  MOVLW  00
4348:  ADDWFC x06,W
434A:  MOVWF  03
434C:  MOVF   01,W
434E:  ADDLW  54
4350:  MOVWF  FE9
4352:  MOVLW  00
4354:  ADDWFC 03,W
4356:  MOVWF  FEA
4358:  MOVFF  FEF,505
435C:  MOVFF  FEC,506
4360:  MOVFF  FEC,507
4364:  MOVFF  FEC,508
4368:  MOVFF  506,FFA
436C:  MOVFF  505,FE8
4370:  MOVWF  FF9
....................             } 
....................       } 
4372:  MOVLB  0
4374:  BRA    4000
....................    } 
4376:  RETURN 0
.................... } 
....................  
.................... void main(void) 
*
0950:  CLRF   FF8
0952:  BCF    FD0.7
0954:  BSF    07.7
0956:  BCF    FB8.3
0958:  MOVLW  40
095A:  MOVWF  FAF
095C:  MOVLW  A6
095E:  MOVWF  FAC
0960:  MOVLW  90
0962:  MOVWF  FAB
0964:  CLRF   16
0966:  BCF    30.0
0968:  CLRF   32
096A:  CLRF   47
096C:  CLRF   52
096E:  BCF    30.1
0970:  MOVLB  4
0972:  CLRF   xF1
0974:  CLRF   xF0
0976:  CLRF   xF2
0978:  CLRF   xF3
097A:  CLRF   xF5
097C:  CLRF   xF4
097E:  MOVF   FC1,W
0980:  ANDLW  C0
0982:  IORLW  0F
0984:  MOVWF  FC1
0986:  MOVLW  07
0988:  MOVWF  FB4
.................... { 
....................    printf("Esperando conexión..*"); 
098A:  MOVLW  DA
098C:  MOVWF  FF6
098E:  MOVLW  07
0990:  MOVWF  FF7
0992:  MOVLB  0
0994:  RCALL  0744
....................     
....................    MCU_Init(); 
0996:  BRA    091A
....................    #asm 
....................    call 0x4000 
0998:  CALL   4000,1
....................    #endasm 
.................... } 
....................  
099C:  SLEEP 

Configuration Fuses:
   Word  1: CC27   PLL12 CPUDIV1 USBDIV HS FCMEN IESO
   Word  2: 1E3E   PUT BROWNOUT BORV21 VREGEN NOWDT WDT32768
   Word  3: 0700   CCP2C1 PBADEN LPT1OSC NOMCLR
   Word  4: 00A1   STVREN NOLVP ICSP2 NOXINST NODEBUG
   Word  5: C00F   NOPROTECT NOCPB NOCPD
   Word  6: E00F   NOWRT NOWRTC NOWRTB NOWRTD
   Word  7: 400F   NOEBTR NOEBTRB
